Archive member included to satisfy reference by file (symbol)

C:/ST/STM32CubeIDE_1.15.0/STM32CubeIDE/plugins/com.st.stm32cube.ide.mcu.externaltools.gnu-tools-for-stm32.12.3.rel1.win32_1.0.100.202403111256/tools/bin/../lib/gcc/arm-none-eabi/12.3.1/../../../../arm-none-eabi/lib/thumb/v7-m/nofp\libc_nano.a(libc_a-exit.o)
                              C:/ST/STM32CubeIDE_1.15.0/STM32CubeIDE/plugins/com.st.stm32cube.ide.mcu.externaltools.gnu-tools-for-stm32.12.3.rel1.win32_1.0.100.202403111256/tools/bin/../lib/gcc/arm-none-eabi/12.3.1/../../../../arm-none-eabi/lib/thumb/v7-m/nofp/crt0.o (exit)
C:/ST/STM32CubeIDE_1.15.0/STM32CubeIDE/plugins/com.st.stm32cube.ide.mcu.externaltools.gnu-tools-for-stm32.12.3.rel1.win32_1.0.100.202403111256/tools/bin/../lib/gcc/arm-none-eabi/12.3.1/../../../../arm-none-eabi/lib/thumb/v7-m/nofp\libc_nano.a(libc_a-malloc.o)
                              ./Core/Src/st7735.o (malloc)
C:/ST/STM32CubeIDE_1.15.0/STM32CubeIDE/plugins/com.st.stm32cube.ide.mcu.externaltools.gnu-tools-for-stm32.12.3.rel1.win32_1.0.100.202403111256/tools/bin/../lib/gcc/arm-none-eabi/12.3.1/../../../../arm-none-eabi/lib/thumb/v7-m/nofp\libc_nano.a(libc_a-mallocr.o)
                              C:/ST/STM32CubeIDE_1.15.0/STM32CubeIDE/plugins/com.st.stm32cube.ide.mcu.externaltools.gnu-tools-for-stm32.12.3.rel1.win32_1.0.100.202403111256/tools/bin/../lib/gcc/arm-none-eabi/12.3.1/../../../../arm-none-eabi/lib/thumb/v7-m/nofp\libc_nano.a(libc_a-malloc.o) (_malloc_r)
C:/ST/STM32CubeIDE_1.15.0/STM32CubeIDE/plugins/com.st.stm32cube.ide.mcu.externaltools.gnu-tools-for-stm32.12.3.rel1.win32_1.0.100.202403111256/tools/bin/../lib/gcc/arm-none-eabi/12.3.1/../../../../arm-none-eabi/lib/thumb/v7-m/nofp\libc_nano.a(libc_a-mlock.o)
                              C:/ST/STM32CubeIDE_1.15.0/STM32CubeIDE/plugins/com.st.stm32cube.ide.mcu.externaltools.gnu-tools-for-stm32.12.3.rel1.win32_1.0.100.202403111256/tools/bin/../lib/gcc/arm-none-eabi/12.3.1/../../../../arm-none-eabi/lib/thumb/v7-m/nofp\libc_nano.a(libc_a-mallocr.o) (__malloc_lock)
C:/ST/STM32CubeIDE_1.15.0/STM32CubeIDE/plugins/com.st.stm32cube.ide.mcu.externaltools.gnu-tools-for-stm32.12.3.rel1.win32_1.0.100.202403111256/tools/bin/../lib/gcc/arm-none-eabi/12.3.1/../../../../arm-none-eabi/lib/thumb/v7-m/nofp\libc_nano.a(libc_a-rand.o)
                              ./Core/Src/main.o (rand)
C:/ST/STM32CubeIDE_1.15.0/STM32CubeIDE/plugins/com.st.stm32cube.ide.mcu.externaltools.gnu-tools-for-stm32.12.3.rel1.win32_1.0.100.202403111256/tools/bin/../lib/gcc/arm-none-eabi/12.3.1/../../../../arm-none-eabi/lib/thumb/v7-m/nofp\libc_nano.a(libc_a-findfp.o)
                              C:/ST/STM32CubeIDE_1.15.0/STM32CubeIDE/plugins/com.st.stm32cube.ide.mcu.externaltools.gnu-tools-for-stm32.12.3.rel1.win32_1.0.100.202403111256/tools/bin/../lib/gcc/arm-none-eabi/12.3.1/../../../../arm-none-eabi/lib/thumb/v7-m/nofp\libc_nano.a(libc_a-exit.o) (__stdio_exit_handler)
C:/ST/STM32CubeIDE_1.15.0/STM32CubeIDE/plugins/com.st.stm32cube.ide.mcu.externaltools.gnu-tools-for-stm32.12.3.rel1.win32_1.0.100.202403111256/tools/bin/../lib/gcc/arm-none-eabi/12.3.1/../../../../arm-none-eabi/lib/thumb/v7-m/nofp\libc_nano.a(libc_a-fwalk.o)
                              C:/ST/STM32CubeIDE_1.15.0/STM32CubeIDE/plugins/com.st.stm32cube.ide.mcu.externaltools.gnu-tools-for-stm32.12.3.rel1.win32_1.0.100.202403111256/tools/bin/../lib/gcc/arm-none-eabi/12.3.1/../../../../arm-none-eabi/lib/thumb/v7-m/nofp\libc_nano.a(libc_a-findfp.o) (_fwalk_sglue)
C:/ST/STM32CubeIDE_1.15.0/STM32CubeIDE/plugins/com.st.stm32cube.ide.mcu.externaltools.gnu-tools-for-stm32.12.3.rel1.win32_1.0.100.202403111256/tools/bin/../lib/gcc/arm-none-eabi/12.3.1/../../../../arm-none-eabi/lib/thumb/v7-m/nofp\libc_nano.a(libc_a-sprintf.o)
                              ./Core/Src/main.o (sprintf)
C:/ST/STM32CubeIDE_1.15.0/STM32CubeIDE/plugins/com.st.stm32cube.ide.mcu.externaltools.gnu-tools-for-stm32.12.3.rel1.win32_1.0.100.202403111256/tools/bin/../lib/gcc/arm-none-eabi/12.3.1/../../../../arm-none-eabi/lib/thumb/v7-m/nofp\libc_nano.a(libc_a-stdio.o)
                              C:/ST/STM32CubeIDE_1.15.0/STM32CubeIDE/plugins/com.st.stm32cube.ide.mcu.externaltools.gnu-tools-for-stm32.12.3.rel1.win32_1.0.100.202403111256/tools/bin/../lib/gcc/arm-none-eabi/12.3.1/../../../../arm-none-eabi/lib/thumb/v7-m/nofp\libc_nano.a(libc_a-findfp.o) (__sread)
C:/ST/STM32CubeIDE_1.15.0/STM32CubeIDE/plugins/com.st.stm32cube.ide.mcu.externaltools.gnu-tools-for-stm32.12.3.rel1.win32_1.0.100.202403111256/tools/bin/../lib/gcc/arm-none-eabi/12.3.1/../../../../arm-none-eabi/lib/thumb/v7-m/nofp\libc_nano.a(libc_a-memset.o)
                              C:/ST/STM32CubeIDE_1.15.0/STM32CubeIDE/plugins/com.st.stm32cube.ide.mcu.externaltools.gnu-tools-for-stm32.12.3.rel1.win32_1.0.100.202403111256/tools/bin/../lib/gcc/arm-none-eabi/12.3.1/../../../../arm-none-eabi/lib/thumb/v7-m/nofp/crt0.o (memset)
[...]
Memory Configuration

Name             Origin             Length             Attributes
RAM              0x20000000         0x00005000         xrw
FLASH            0x08000000         0x00010000         xr
*default*        0x00000000         0xffffffff

Linker script and memory map

LOAD C:/ST/STM32CubeIDE_1.15.0/STM32CubeIDE/plugins/com.st.stm32cube.ide.mcu.externaltools.gnu-tools-for-stm32.12.3.rel1.win32_1.0.100.202403111256/tools/bin/../lib/gcc/arm-none-eabi/12.3.1/thumb/v7-m/nofp/crti.o
LOAD C:/ST/STM32CubeIDE_1.15.0/STM32CubeIDE/plugins/com.st.stm32cube.ide.mcu.externaltools.gnu-tools-for-stm32.12.3.rel1.win32_1.0.100.202403111256/tools/bin/../lib/gcc/arm-none-eabi/12.3.1/thumb/v7-m/nofp/crtbegin.o
LOAD C:/ST/STM32CubeIDE_1.15.0/STM32CubeIDE/plugins/com.st.stm32cube.ide.mcu.externaltools.gnu-tools-for-stm32.12.3.rel1.win32_1.0.100.202403111256/tools/bin/../lib/gcc/arm-none-eabi/12.3.1/../../../../arm-none-eabi/lib/thumb/v7-m/nofp/crt0.o
LOAD ./Core/Src/dfplayer.o
LOAD ./Core/Src/fonts.o
LOAD ./Core/Src/gpio.o
LOAD ./Core/Src/i2c.o
LOAD ./Core/Src/iwdg.o
LOAD ./Core/Src/kombo_nrf24.o
LOAD ./Core/Src/kombo_spi.o
LOAD ./Core/Src/kombo_usart.o
LOAD ./Core/Src/lcd.o
LOAD ./Core/Src/main.o
LOAD ./Core/Src/spi.o
LOAD ./Core/Src/st7735.o
LOAD ./Core/Src/stm32f1xx_hal_msp.o
LOAD ./Core/Src/stm32f1xx_it.o
LOAD ./Core/Src/syscalls.o
LOAD ./Core/Src/sysmem.o
LOAD ./Core/Src/system_stm32f1xx.o
LOAD ./Core/Src/tim.o
LOAD ./Core/Src/usart.o
LOAD ./Core/Startup/startup_stm32f103c8tx.o
LOAD ./Drivers/STM32F1xx_HAL_Driver/stm32f1xx_hal.o
LOAD ./Drivers/STM32F1xx_HAL_Driver/stm32f1xx_hal_cortex.o
LOAD ./Drivers/STM32F1xx_HAL_Driver/stm32f1xx_hal_dma.o
LOAD ./Drivers/STM32F1xx_HAL_Driver/stm32f1xx_hal_exti.o
LOAD ./Drivers/STM32F1xx_HAL_Driver/stm32f1xx_hal_flash.o
LOAD ./Drivers/STM32F1xx_HAL_Driver/stm32f1xx_hal_flash_ex.o
LOAD ./Drivers/STM32F1xx_HAL_Driver/stm32f1xx_hal_gpio.o
LOAD ./Drivers/STM32F1xx_HAL_Driver/stm32f1xx_hal_gpio_ex.o
LOAD ./Drivers/STM32F1xx_HAL_Driver/stm32f1xx_hal_i2c.o
LOAD ./Drivers/STM32F1xx_HAL_Driver/stm32f1xx_hal_pwr.o
LOAD ./Drivers/STM32F1xx_HAL_Driver/stm32f1xx_hal_rcc.o
LOAD ./Drivers/STM32F1xx_HAL_Driver/stm32f1xx_hal_rcc_ex.o
LOAD ./Drivers/STM32F1xx_HAL_Driver/stm32f1xx_hal_spi.o
LOAD ./Drivers/STM32F1xx_HAL_Driver/stm32f1xx_hal_tim.o
LOAD ./Drivers/STM32F1xx_HAL_Driver/stm32f1xx_hal_tim_ex.o
LOAD ./Drivers/STM32F1xx_HAL_Driver/stm32f1xx_ll_dma.o
LOAD ./Drivers/STM32F1xx_HAL_Driver/stm32f1xx_ll_exti.o
LOAD ./Drivers/STM32F1xx_HAL_Driver/stm32f1xx_ll_gpio.o
LOAD ./Drivers/STM32F1xx_HAL_Driver/stm32f1xx_ll_rcc.o
LOAD ./Drivers/STM32F1xx_HAL_Driver/stm32f1xx_ll_spi.o
LOAD ./Drivers/STM32F1xx_HAL_Driver/stm32f1xx_ll_tim.o
LOAD ./Drivers/STM32F1xx_HAL_Driver/stm32f1xx_ll_usart.o
LOAD ./Drivers/STM32F1xx_HAL_Driver/stm32f1xx_ll_utils.o
START GROUP
LOAD C:/ST/STM32CubeIDE_1.15.0/STM32CubeIDE/plugins/com.st.stm32cube.ide.mcu.externaltools.gnu-tools-for-stm32.12.3.rel1.win32_1.0.100.202403111256/tools/bin/../lib/gcc/arm-none-eabi/12.3.1/../../../../arm-none-eabi/lib/thumb/v7-m/nofp\libc_nano.a
LOAD C:/ST/STM32CubeIDE_1.15.0/STM32CubeIDE/plugins/com.st.stm32cube.ide.mcu.externaltools.gnu-tools-for-stm32.12.3.rel1.win32_1.0.100.202403111256/tools/bin/../lib/gcc/arm-none-eabi/12.3.1/../../../../arm-none-eabi/lib/thumb/v7-m/nofp\libm.a
END GROUP
START GROUP
LOAD C:/ST/STM32CubeIDE_1.15.0/STM32CubeIDE/plugins/com.st.stm32cube.ide.mcu.externaltools.gnu-tools-for-stm32.12.3.rel1.win32_1.0.100.202403111256/tools/bin/../lib/gcc/arm-none-eabi/12.3.1/thumb/v7-m/nofp\libgcc.a
LOAD C:/ST/STM32CubeIDE_1.15.0/STM32CubeIDE/plugins/com.st.stm32cube.ide.mcu.externaltools.gnu-tools-for-stm32.12.3.rel1.win32_1.0.100.202403111256/tools/bin/../lib/gcc/arm-none-eabi/12.3.1/../../../../arm-none-eabi/lib/thumb/v7-m/nofp\libc_nano.a
END GROUP
START GROUP
LOAD C:/ST/STM32CubeIDE_1.15.0/STM32CubeIDE/plugins/com.st.stm32cube.ide.mcu.externaltools.gnu-tools-for-stm32.12.3.rel1.win32_1.0.100.202403111256/tools/bin/../lib/gcc/arm-none-eabi/12.3.1/thumb/v7-m/nofp\libgcc.a
LOAD C:/ST/STM32CubeIDE_1.15.0/STM32CubeIDE/plugins/com.st.stm32cube.ide.mcu.externaltools.gnu-tools-for-stm32.12.3.rel1.win32_1.0.100.202403111256/tools/bin/../lib/gcc/arm-none-eabi/12.3.1/../../../../arm-none-eabi/lib/thumb/v7-m/nofp\libc_nano.a
LOAD C:/ST/STM32CubeIDE_1.15.0/STM32CubeIDE/plugins/com.st.stm32cube.ide.mcu.externaltools.gnu-tools-for-stm32.12.3.rel1.win32_1.0.100.202403111256/tools/bin/../lib/gcc/arm-none-eabi/12.3.1/../../../../arm-none-eabi/lib/thumb/v7-m/nofp\libnosys.a
END GROUP
START GROUP
LOAD C:/ST/STM32CubeIDE_1.15.0/STM32CubeIDE/plugins/com.st.stm32cube.ide.mcu.externaltools.gnu-tools-for-stm32.12.3.rel1.win32_1.0.100.202403111256/tools/bin/../lib/gcc/arm-none-eabi/12.3.1/thumb/v7-m/nofp\libgcc.a
LOAD C:/ST/STM32CubeIDE_1.15.0/STM32CubeIDE/plugins/com.st.stm32cube.ide.mcu.externaltools.gnu-tools-for-stm32.12.3.rel1.win32_1.0.100.202403111256/tools/bin/../lib/gcc/arm-none-eabi/12.3.1/../../../../arm-none-eabi/lib/thumb/v7-m/nofp\libc_nano.a
LOAD C:/ST/STM32CubeIDE_1.15.0/STM32CubeIDE/plugins/com.st.stm32cube.ide.mcu.externaltools.gnu-tools-for-stm32.12.3.rel1.win32_1.0.100.202403111256/tools/bin/../lib/gcc/arm-none-eabi/12.3.1/../../../../arm-none-eabi/lib/thumb/v7-m/nofp\libnosys.a
END GROUP
LOAD C:/ST/STM32CubeIDE_1.15.0/STM32CubeIDE/plugins/com.st.stm32cube.ide.mcu.externaltools.gnu-tools-for-stm32.12.3.rel1.win32_1.0.100.202403111256/tools/bin/../lib/gcc/arm-none-eabi/12.3.1/thumb/v7-m/nofp/crtend.o
LOAD C:/ST/STM32CubeIDE_1.15.0/STM32CubeIDE/plugins/com.st.stm32cube.ide.mcu.externaltools.gnu-tools-for-stm32.12.3.rel1.win32_1.0.100.202403111256/tools/bin/../lib/gcc/arm-none-eabi/12.3.1/thumb/v7-m/nofp/crtn.o
                0x20005000                        _estack = (ORIGIN (RAM) + LENGTH (RAM))
                0x00000200                        _Min_Heap_Size = 0x200
                0x00000400                        _Min_Stack_Size = 0x400

.isr_vector     0x08000000      0x10c
                0x08000000                        . = ALIGN (0x4)
 *(.isr_vector)
 .isr_vector    0x08000000      0x10c ./Core/Startup/startup_stm32f103c8tx.o
                0x08000000                g_pfnVectors
                0x0800010c                        . = ALIGN (0x4)

.text           0x0800010c     0x636c
                0x0800010c                        . = ALIGN (0x4)
 *(.text)
 .text          0x0800010c       0x40 C:/ST/STM32CubeIDE_1.15.0/STM32CubeIDE/plugins/com.st.stm32cube.ide.mcu.externaltools.gnu-tools-for-stm32.12.3.rel1.win32_1.0.100.202403111256/tools/bin/../lib/gcc/arm-none-eabi/12.3.1/thumb/v7-m/nofp/crtbegin.o
 .text          0x0800014c       0x10 C:/ST/STM32CubeIDE_1.15.0/STM32CubeIDE/plugins/com.st.stm32cube.ide.mcu.externaltools.gnu-tools-for-stm32.12.3.rel1.win32_1.0.100.202403111256/tools/bin/../lib/gcc/arm-none-eabi/12.3.1/../../../../arm-none-eabi/lib/thumb/v7-m/nofp\libc_nano.a(libc_a-strlen.o)
                0x0800014c                strlen
 *(.text*)
 .text.LL_IWDG_ReloadCounter
                0x0800015c       0x1a ./Core/Src/dfplayer.o
 .text.LL_USART_IsActiveFlag_TXE
                0x08000176       0x24 ./Core/Src/dfplayer.o
 .text.LL_USART_TransmitData8
                0x0800019a       0x1c ./Core/Src/dfplayer.o
 *fill*         0x080001b6        0x2 
 .text.usart3_transmit
                0x080001b8       0x30 ./Core/Src/dfplayer.o
                0x080001b8                usart3_transmit
 .text.usart3_print
                0x080001e8       0x32 ./Core/Src/dfplayer.o
                0x080001e8                usart3_print
 *fill*         0x0800021a        0x2 
 .text.mp3_init
                0x0800021c      0x100 ./Core/Src/dfplayer.o
                0x0800021c                mp3_init
 .text.mp3_play
                0x0800031c       0xe4 ./Core/Src/dfplayer.o
                0x0800031c                mp3_play
 .text.mp3_volume
                0x08000400      0x100 ./Core/Src/dfplayer.o
                0x08000400                mp3_volume
 .text.__NVIC_GetPriorityGrouping
                0x08000500       0x1c ./Core/Src/gpio.o
 .text.__NVIC_EnableIRQ
                0x0800051c       0x38 ./Core/Src/gpio.o
 .text.__NVIC_SetPriority
                0x08000554       0x54 ./Core/Src/gpio.o
 .text.NVIC_EncodePriority
                0x080005a8       0x64 ./Core/Src/gpio.o
 .text.LL_APB2_GRP1_EnableClock
                0x0800060c       0x30 ./Core/Src/gpio.o
 .text.LL_GPIO_SetPinMode
                0x0800063c       0x64 ./Core/Src/gpio.o
 .text.LL_GPIO_SetPinPull
                0x080006a0       0x44 ./Core/Src/gpio.o
 .text.LL_GPIO_ResetOutputPin
                0x080006e4       0x1e ./Core/Src/gpio.o
 *fill*         0x08000702        0x2 
 .text.LL_GPIO_AF_SetEXTISource
                0x08000704       0x5c ./Core/Src/gpio.o
 .text.MX_GPIO_Init
                0x08000760      0x284 ./Core/Src/gpio.o
                0x08000760                MX_GPIO_Init
 .text.MX_I2C1_Init
                0x080009e4       0x5c ./Core/Src/i2c.o
                0x080009e4                MX_I2C1_Init
 .text.HAL_I2C_MspInit
                0x08000a40       0x7c ./Core/Src/i2c.o
                0x08000a40                HAL_I2C_MspInit
 .text.LL_IWDG_Enable
                0x08000abc       0x1a ./Core/Src/iwdg.o
 .text.LL_IWDG_ReloadCounter
                0x08000ad6       0x1a ./Core/Src/iwdg.o
 .text.LL_IWDG_EnableWriteAccess
                0x08000af0       0x1a ./Core/Src/iwdg.o
 .text.LL_IWDG_SetPrescaler
                0x08000b0a       0x1e ./Core/Src/iwdg.o
 .text.LL_IWDG_SetReloadCounter
                0x08000b28       0x1e ./Core/Src/iwdg.o
 .text.LL_IWDG_IsReady
                0x08000b46       0x24 ./Core/Src/iwdg.o
 *fill*         0x08000b6a        0x2 
 .text.MX_IWDG_Init
                0x08000b6c       0x40 ./Core/Src/iwdg.o
                0x08000b6c                MX_IWDG_Init
 .text.LL_GPIO_SetOutputPin
                0x08000bac       0x1e ./Core/Src/kombo_nrf24.o
 .text.LL_GPIO_ResetOutputPin
                0x08000bca       0x1e ./Core/Src/kombo_nrf24.o
 .text.interrupt_off
                0x08000be8       0x10 ./Core/Src/kombo_nrf24.o
                0x08000be8                interrupt_off
 .text.interrupt_on
                0x08000bf8       0x10 ./Core/Src/kombo_nrf24.o
                0x08000bf8                interrupt_on
 .text.uni_delay_us
                0x08000c08       0x16 ./Core/Src/kombo_nrf24.o
                0x08000c08                uni_delay_us
 *fill*         0x08000c1e        0x2 
 .text.nrf24_read_reg
                0x08000c20       0x54 ./Core/Src/kombo_nrf24.o
                0x08000c20                nrf24_read_reg
 .text.nrf24_write_reg
                0x08000c74       0x48 ./Core/Src/kombo_nrf24.o
                0x08000c74                nrf24_write_reg
 .text.nrf24_toggle_features
                0x08000cbc       0x44 ./Core/Src/kombo_nrf24.o
                0x08000cbc                nrf24_toggle_features
 .text.nrf24_read_buf
                0x08000d00       0x60 ./Core/Src/kombo_nrf24.o
                0x08000d00                nrf24_read_buf
 .text.nrf24_write_buf
                0x08000d60       0x68 ./Core/Src/kombo_nrf24.o
                0x08000d60                nrf24_write_buf
 .text.nrf24_flush_rx
                0x08000dc8       0x38 ./Core/Src/kombo_nrf24.o
                0x08000dc8                nrf24_flush_rx
 .text.nrf24_flush_tx
                0x08000e00       0x38 ./Core/Src/kombo_nrf24.o
                0x08000e00                nrf24_flush_tx
 .text.nrf24_rx_mode
                0x08000e38       0x64 ./Core/Src/kombo_nrf24.o
                0x08000e38                nrf24_rx_mode
 .text.nrf24_tx_mode
                0x08000e9c       0x38 ./Core/Src/kombo_nrf24.o
                0x08000e9c                nrf24_tx_mode
 .text.nrf24_transmit
                0x08000ed4       0x74 ./Core/Src/kombo_nrf24.o
                0x08000ed4                nrf24_transmit
 .text.nrf24_send
                0x08000f48       0x74 ./Core/Src/kombo_nrf24.o
                0x08000f48                nrf24_send
 .text.nrf24_pins_init
                0x08000fbc        0xc ./Core/Src/kombo_nrf24.o
                0x08000fbc                nrf24_pins_init
 .text.nrf24_init
                0x08000fc8       0xa4 ./Core/Src/kombo_nrf24.o
                0x08000fc8                nrf24_init
 .text.irq_callback
                0x0800106c       0x90 ./Core/Src/kombo_nrf24.o
                0x0800106c                irq_callback
 .text.LL_SPI_Enable
                0x080010fc       0x1e ./Core/Src/kombo_spi.o
 .text.LL_SPI_IsActiveFlag_RXNE
                0x0800111a       0x24 ./Core/Src/kombo_spi.o
 .text.LL_SPI_IsActiveFlag_TXE
                0x0800113e       0x24 ./Core/Src/kombo_spi.o
 .text.LL_SPI_ReceiveData8
                0x08001162       0x1a ./Core/Src/kombo_spi.o
 .text.LL_SPI_TransmitData8
                0x0800117c       0x22 ./Core/Src/kombo_spi.o
 *fill*         0x0800119e        0x2 
 .text.spi_init
                0x080011a0       0x14 ./Core/Src/kombo_spi.o
                0x080011a0                spi_init
 .text.spi_send_byte
                0x080011b4       0x40 ./Core/Src/kombo_spi.o
                0x080011b4                spi_send_byte
 .text.spi_change_byte
                0x080011f4       0x4c ./Core/Src/kombo_spi.o
                0x080011f4                spi_change_byte
 .text.LL_USART_Enable
                0x08001240       0x1e ./Core/Src/kombo_usart.o
 .text.LL_USART_IsActiveFlag_TXE
                0x0800125e       0x24 ./Core/Src/kombo_usart.o
 .text.LL_USART_TransmitData8
                0x08001282       0x1c ./Core/Src/kombo_usart.o
 *fill*         0x0800129e        0x2 
 .text.usart_init
                0x080012a0       0x1c ./Core/Src/kombo_usart.o
                0x080012a0                usart_init
 .text.usart_transmit
                0x080012bc       0x30 ./Core/Src/kombo_usart.o
                0x080012bc                usart_transmit
 .text.usart_print
                0x080012ec       0x3a ./Core/Src/kombo_usart.o
                0x080012ec                usart_print
 *fill*         0x08001326        0x2 
 .text.DelayMicro
                0x08001328       0x3c ./Core/Src/lcd.o
 .text.LCD_WriteByteI2CLCD
                0x08001364       0x34 ./Core/Src/lcd.o
                0x08001364                LCD_WriteByteI2CLCD
 .text.sendhalfbyte
                0x08001398       0x68 ./Core/Src/lcd.o
                0x08001398                sendhalfbyte
 .text.sendbyte
                0x08001400       0x70 ./Core/Src/lcd.o
                0x08001400                sendbyte
 .text.LCD_Clear
                0x08001470       0x16 ./Core/Src/lcd.o
                0x08001470                LCD_Clear
 .text.LCD_SendChar
                0x08001486       0x1c ./Core/Src/lcd.o
                0x08001486                LCD_SendChar
 .text.LCD_String
                0x080014a2       0x3a ./Core/Src/lcd.o
                0x080014a2                LCD_String
 .text.LCD_SetPos
                0x080014dc       0xac ./Core/Src/lcd.o
                0x080014dc                LCD_SetPos
 .text.LCD_init
                0x08001588       0xac ./Core/Src/lcd.o
                0x08001588                LCD_init
 .text.LL_IWDG_ReloadCounter
                0x08001634       0x1a ./Core/Src/main.o
 *fill*         0x0800164e        0x2 
 .text.LL_RCC_HSE_Enable
                0x08001650       0x1c ./Core/Src/main.o
 .text.LL_RCC_HSE_IsReady
                0x0800166c       0x24 ./Core/Src/main.o
 .text.LL_RCC_LSI_Enable
                0x08001690       0x1c ./Core/Src/main.o
 .text.LL_RCC_LSI_IsReady
                0x080016ac       0x24 ./Core/Src/main.o
 .text.LL_RCC_SetSysClkSource
                0x080016d0       0x28 ./Core/Src/main.o
 .text.LL_RCC_GetSysClkSource
                0x080016f8       0x18 ./Core/Src/main.o
 .text.LL_RCC_SetAHBPrescaler
                0x08001710       0x28 ./Core/Src/main.o
 .text.LL_RCC_SetAPB1Prescaler
                0x08001738       0x28 ./Core/Src/main.o
 .text.LL_RCC_SetAPB2Prescaler
                0x08001760       0x28 ./Core/Src/main.o
 .text.LL_RCC_PLL_Enable
                0x08001788       0x1c ./Core/Src/main.o
 .text.LL_RCC_PLL_IsReady
                0x080017a4       0x24 ./Core/Src/main.o
 .text.LL_RCC_PLL_ConfigDomain_SYS
                0x080017c8       0x30 ./Core/Src/main.o
 .text.LL_FLASH_SetLatency
                0x080017f8       0x28 ./Core/Src/main.o
 .text.LL_FLASH_GetLatency
                0x08001820       0x18 ./Core/Src/main.o
 .text.LL_TIM_EnableCounter
                0x08001838       0x1e ./Core/Src/main.o
 .text.LL_TIM_ClearFlag_UPDATE
                0x08001856       0x1a ./Core/Src/main.o
 .text.LL_TIM_IsActiveFlag_UPDATE
                0x08001870       0x24 ./Core/Src/main.o
 .text.LL_TIM_EnableIT_UPDATE
                0x08001894       0x1e ./Core/Src/main.o
 .text.LL_USART_EnableIT_RXNE
                0x080018b2       0x44 ./Core/Src/main.o
 .text.LL_GPIO_IsInputPinSet
                0x080018f6       0x2c ./Core/Src/main.o
 *fill*         0x08001922        0x2 
 .text.init_variables
                0x08001924       0xd8 ./Core/Src/main.o
                0x08001924                init_variables
 .text.crc16_calc
                0x080019fc       0xa2 ./Core/Src/main.o
                0x080019fc                crc16_calc
 *fill*         0x08001a9e        0x2 
 .text.nrf24l01_receive
                0x08001aa0       0xe0 ./Core/Src/main.o
                0x08001aa0                nrf24l01_receive
 .text.refresh_display
                0x08001b80       0x54 ./Core/Src/main.o
                0x08001b80                refresh_display
 .text.display_init
                0x08001bd4        0xc ./Core/Src/main.o
                0x08001bd4                display_init
 .text.nrf_test
                0x08001be0       0xe8 ./Core/Src/main.o
                0x08001be0                nrf_test
 .text.test_and_info
                0x08001cc8       0x9c ./Core/Src/main.o
                0x08001cc8                test_and_info
 .text.sort_data
                0x08001d64       0x88 ./Core/Src/main.o
                0x08001d64                sort_data
 .text.dwt_init
                0x08001dec       0x2c ./Core/Src/main.o
                0x08001dec                dwt_init
 .text.delay_us
                0x08001e18       0x48 ./Core/Src/main.o
                0x08001e18                delay_us
 .text.reset_all
                0x08001e60       0x40 ./Core/Src/main.o
                0x08001e60                reset_all
 .text.data_mix
                0x08001ea0      0x104 ./Core/Src/main.o
                0x08001ea0                data_mix
 .text.rst_push
                0x08001fa4       0x34 ./Core/Src/main.o
                0x08001fa4                rst_push
 .text.set_push
                0x08001fd8       0xb4 ./Core/Src/main.o
                0x08001fd8                set_push
 .text.time_push
                0x0800208c       0x84 ./Core/Src/main.o
                0x0800208c                time_push
 .text.order_processing
                0x08002110      0x2b8 ./Core/Src/main.o
                0x08002110                order_processing
 .text.nxt_push
                0x080023c8       0xa8 ./Core/Src/main.o
                0x080023c8                nxt_push
 .text.main     0x08002470      0x214 ./Core/Src/main.o
                0x08002470                main
 .text.SystemClock_Config
                0x08002684       0x98 ./Core/Src/main.o
                0x08002684                SystemClock_Config
 .text.rst_callback
                0x0800271c       0x28 ./Core/Src/main.o
                0x0800271c                rst_callback
 .text.nxt_callback
                0x08002744       0x28 ./Core/Src/main.o
                0x08002744                nxt_callback
 .text.set_callback
                0x0800276c       0x28 ./Core/Src/main.o
                0x0800276c                set_callback
 .text.time_callback
                0x08002794       0x28 ./Core/Src/main.o
                0x08002794                time_callback
 .text.tim1_callback
                0x080027bc       0x2c ./Core/Src/main.o
                0x080027bc                tim1_callback
 .text.tim2_callback
                0x080027e8       0x2c ./Core/Src/main.o
                0x080027e8                tim2_callback
 .text.Error_Handler
                0x08002814        0xc ./Core/Src/main.o
                0x08002814                Error_Handler
 .text.LL_APB2_GRP1_EnableClock
                0x08002820       0x30 ./Core/Src/spi.o
 .text.MX_SPI1_Init
                0x08002850       0xa8 ./Core/Src/spi.o
                0x08002850                MX_SPI1_Init
 .text.MX_SPI2_Init
                0x080028f8       0x70 ./Core/Src/spi.o
                0x080028f8                MX_SPI2_Init
 .text.HAL_SPI_MspInit
                0x08002968       0x80 ./Core/Src/spi.o
                0x08002968                HAL_SPI_MspInit
 .text.HAL_MspInit
                0x080029e8       0x64 ./Core/Src/stm32f1xx_hal_msp.o
                0x080029e8                HAL_MspInit
 .text.LL_EXTI_IsActiveFlag_0_31
                0x08002a4c       0x2c ./Core/Src/stm32f1xx_it.o
 .text.LL_EXTI_ClearFlag_0_31
                0x08002a78       0x1c ./Core/Src/stm32f1xx_it.o
 .text.LL_USART_IsActiveFlag_FE
                0x08002a94       0x24 ./Core/Src/stm32f1xx_it.o
 .text.LL_USART_IsActiveFlag_NE
                0x08002ab8       0x24 ./Core/Src/stm32f1xx_it.o
 .text.LL_USART_IsActiveFlag_ORE
                0x08002adc       0x24 ./Core/Src/stm32f1xx_it.o
 .text.LL_USART_IsActiveFlag_RXNE
                0x08002b00       0x24 ./Core/Src/stm32f1xx_it.o
 .text.LL_USART_ClearFlag_FE
                0x08002b24       0x22 ./Core/Src/stm32f1xx_it.o
 .text.LL_USART_ClearFlag_NE
                0x08002b46       0x22 ./Core/Src/stm32f1xx_it.o
 .text.LL_USART_ClearFlag_ORE
                0x08002b68       0x22 ./Core/Src/stm32f1xx_it.o
 .text.LL_USART_IsEnabledIT_RXNE
                0x08002b8a       0x24 ./Core/Src/stm32f1xx_it.o
 .text.LL_USART_ReceiveData8
                0x08002bae       0x18 ./Core/Src/stm32f1xx_it.o
 .text.NMI_Handler
                0x08002bc6        0x8 ./Core/Src/stm32f1xx_it.o
                0x08002bc6                NMI_Handler
 .text.HardFault_Handler
                0x08002bce        0x8 ./Core/Src/stm32f1xx_it.o
                0x08002bce                HardFault_Handler
 .text.MemManage_Handler
                0x08002bd6        0x8 ./Core/Src/stm32f1xx_it.o
                0x08002bd6                MemManage_Handler
 .text.BusFault_Handler
                0x08002bde        0x8 ./Core/Src/stm32f1xx_it.o
                0x08002bde                BusFault_Handler
 .text.UsageFault_Handler
                0x08002be6        0x8 ./Core/Src/stm32f1xx_it.o
                0x08002be6                UsageFault_Handler
 .text.SVC_Handler
                0x08002bee        0xc ./Core/Src/stm32f1xx_it.o
                0x08002bee                SVC_Handler
 .text.DebugMon_Handler
                0x08002bfa        0xc ./Core/Src/stm32f1xx_it.o
                0x08002bfa                DebugMon_Handler
 .text.PendSV_Handler
                0x08002c06        0xc ./Core/Src/stm32f1xx_it.o
                0x08002c06                PendSV_Handler
 .text.SysTick_Handler
                0x08002c12        0xc ./Core/Src/stm32f1xx_it.o
                0x08002c12                SysTick_Handler
 .text.EXTI2_IRQHandler
                0x08002c1e       0x1e ./Core/Src/stm32f1xx_it.o
                0x08002c1e                EXTI2_IRQHandler
 .text.EXTI3_IRQHandler
                0x08002c3c       0x1e ./Core/Src/stm32f1xx_it.o
                0x08002c3c                EXTI3_IRQHandler
 .text.EXTI4_IRQHandler
                0x08002c5a       0x1e ./Core/Src/stm32f1xx_it.o
                0x08002c5a                EXTI4_IRQHandler
 .text.EXTI9_5_IRQHandler
                0x08002c78       0x1e ./Core/Src/stm32f1xx_it.o
                0x08002c78                EXTI9_5_IRQHandler
 .text.TIM1_UP_IRQHandler
                0x08002c96        0xc ./Core/Src/stm32f1xx_it.o
                0x08002c96                TIM1_UP_IRQHandler
 .text.TIM2_IRQHandler
                0x08002ca2        0xc ./Core/Src/stm32f1xx_it.o
                0x08002ca2                TIM2_IRQHandler
 *fill*         0x08002cae        0x2 
 .text.USART1_IRQHandler
                0x08002cb0       0xb8 ./Core/Src/stm32f1xx_it.o
                0x08002cb0                USART1_IRQHandler
 .text.EXTI15_10_IRQHandler
                0x08002d68       0x22 ./Core/Src/stm32f1xx_it.o
                0x08002d68                EXTI15_10_IRQHandler
 .text._getpid  0x08002d8a        0xe ./Core/Src/syscalls.o
                0x08002d8a                _getpid
 .text._kill    0x08002d98       0x20 ./Core/Src/syscalls.o
                0x08002d98                _kill
 .text._exit    0x08002db8       0x16 ./Core/Src/syscalls.o
                0x08002db8                _exit
 .text._read    0x08002dce       0x3a ./Core/Src/syscalls.o
                0x08002dce                _read
 .text._write   0x08002e08       0x38 ./Core/Src/syscalls.o
                0x08002e08                _write
 .text._close   0x08002e40       0x16 ./Core/Src/syscalls.o
                0x08002e40                _close
 .text._fstat   0x08002e56       0x1e ./Core/Src/syscalls.o
                0x08002e56                _fstat
 .text._isatty  0x08002e74       0x14 ./Core/Src/syscalls.o
                0x08002e74                _isatty
 .text._lseek   0x08002e88       0x18 ./Core/Src/syscalls.o
                0x08002e88                _lseek
 .text._sbrk    0x08002ea0       0x6c ./Core/Src/sysmem.o
                0x08002ea0                _sbrk
 .text.SystemInit
                0x08002f0c        0xc ./Core/Src/system_stm32f1xx.o
                0x08002f0c                SystemInit
 .text.__NVIC_GetPriorityGrouping
                0x08002f18       0x1c ./Core/Src/tim.o
 .text.__NVIC_EnableIRQ
                0x08002f34       0x38 ./Core/Src/tim.o
 .text.__NVIC_SetPriority
                0x08002f6c       0x54 ./Core/Src/tim.o
 .text.NVIC_EncodePriority
                0x08002fc0       0x64 ./Core/Src/tim.o
 .text.LL_APB1_GRP1_EnableClock
                0x08003024       0x30 ./Core/Src/tim.o
 .text.LL_APB2_GRP1_EnableClock
                0x08003054       0x30 ./Core/Src/tim.o
 .text.LL_TIM_EnableARRPreload
                0x08003084       0x1e ./Core/Src/tim.o
 .text.LL_TIM_DisableARRPreload
                0x080030a2       0x1e ./Core/Src/tim.o
 .text.LL_TIM_SetClockSource
                0x080030c0       0x28 ./Core/Src/tim.o
 .text.LL_TIM_SetTriggerOutput
                0x080030e8       0x24 ./Core/Src/tim.o
 .text.LL_TIM_DisableMasterSlaveMode
                0x0800310c       0x1e ./Core/Src/tim.o
 *fill*         0x0800312a        0x2 
 .text.MX_TIM1_Init
                0x0800312c       0x88 ./Core/Src/tim.o
                0x0800312c                MX_TIM1_Init
 .text.MX_TIM2_Init
                0x080031b4       0x84 ./Core/Src/tim.o
                0x080031b4                MX_TIM2_Init
 .text.__NVIC_GetPriorityGrouping
                0x08003238       0x1c ./Core/Src/usart.o
 .text.__NVIC_EnableIRQ
                0x08003254       0x38 ./Core/Src/usart.o
 .text.__NVIC_SetPriority
                0x0800328c       0x54 ./Core/Src/usart.o
 .text.NVIC_EncodePriority
                0x080032e0       0x64 ./Core/Src/usart.o
 .text.LL_APB1_GRP1_EnableClock
                0x08003344       0x30 ./Core/Src/usart.o
 .text.LL_APB2_GRP1_EnableClock
                0x08003374       0x30 ./Core/Src/usart.o
 .text.LL_USART_Enable
                0x080033a4       0x1e ./Core/Src/usart.o
 .text.LL_USART_ConfigAsyncMode
                0x080033c2       0x2a ./Core/Src/usart.o
 .text.MX_USART1_UART_Init
                0x080033ec       0xd0 ./Core/Src/usart.o
                0x080033ec                MX_USART1_UART_Init
 .text.MX_USART3_UART_Init
                0x080034bc       0xb0 ./Core/Src/usart.o
                0x080034bc                MX_USART3_UART_Init
 .text.Reset_Handler
                0x0800356c       0x48 ./Core/Startup/startup_stm32f103c8tx.o
                0x0800356c                Reset_Handler
 .text.Default_Handler
                0x080035b4        0x2 ./Core/Startup/startup_stm32f103c8tx.o
                0x080035b4                RTC_Alarm_IRQHandler
                0x080035b4                TIM1_CC_IRQHandler
                0x080035b4                PVD_IRQHandler
                0x080035b4                EXTI0_IRQHandler
                0x080035b4                I2C2_EV_IRQHandler
                0x080035b4                ADC1_2_IRQHandler
                0x080035b4                SPI1_IRQHandler
                0x080035b4                TAMPER_IRQHandler
                0x080035b4                DMA1_Channel4_IRQHandler
                0x080035b4                USART3_IRQHandler
                0x080035b4                RTC_IRQHandler
                0x080035b4                DMA1_Channel7_IRQHandler
                0x080035b4                CAN1_RX1_IRQHandler
                0x080035b4                TIM4_IRQHandler
                0x080035b4                I2C1_EV_IRQHandler
                0x080035b4                DMA1_Channel6_IRQHandler
                0x080035b4                TIM3_IRQHandler
                0x080035b4                RCC_IRQHandler
                0x080035b4                TIM1_TRG_COM_IRQHandler
                0x080035b4                DMA1_Channel1_IRQHandler
                0x080035b4                Default_Handler
                0x080035b4                SPI2_IRQHandler
                0x080035b4                DMA1_Channel5_IRQHandler
                0x080035b4                USB_LP_CAN1_RX0_IRQHandler
                0x080035b4                USB_HP_CAN1_TX_IRQHandler
                0x080035b4                DMA1_Channel3_IRQHandler
                0x080035b4                WWDG_IRQHandler
                0x080035b4                TIM1_BRK_IRQHandler
                0x080035b4                EXTI1_IRQHandler
                0x080035b4                USART2_IRQHandler
                0x080035b4                I2C2_ER_IRQHandler
                0x080035b4                DMA1_Channel2_IRQHandler
                0x080035b4                CAN1_SCE_IRQHandler
                0x080035b4                FLASH_IRQHandler
                0x080035b4                I2C1_ER_IRQHandler
                0x080035b4                USBWakeUp_IRQHandler
 *fill*         0x080035b6        0x2 
 .text.HAL_Init
                0x080035b8       0x2c ./Drivers/STM32F1xx_HAL_Driver/stm32f1xx_hal.o
                0x080035b8                HAL_Init
 .text.HAL_InitTick
                0x080035e4       0x60 ./Drivers/STM32F1xx_HAL_Driver/stm32f1xx_hal.o
                0x080035e4                HAL_InitTick
 .text.HAL_IncTick
                0x08003644       0x24 ./Drivers/STM32F1xx_HAL_Driver/stm32f1xx_hal.o
                0x08003644                HAL_IncTick
 .text.HAL_GetTick
                0x08003668       0x14 ./Drivers/STM32F1xx_HAL_Driver/stm32f1xx_hal.o
                0x08003668                HAL_GetTick
 .text.HAL_Delay
                0x0800367c       0x48 ./Drivers/STM32F1xx_HAL_Driver/stm32f1xx_hal.o
                0x0800367c                HAL_Delay
 .text.__NVIC_SetPriorityGrouping
                0x080036c4       0x48 ./Drivers/STM32F1xx_HAL_Driver/stm32f1xx_hal_cortex.o
 .text.__NVIC_GetPriorityGrouping
                0x0800370c       0x1c ./Drivers/STM32F1xx_HAL_Driver/stm32f1xx_hal_cortex.o
 .text.__NVIC_SetPriority
                0x08003728       0x54 ./Drivers/STM32F1xx_HAL_Driver/stm32f1xx_hal_cortex.o
 .text.NVIC_EncodePriority
                0x0800377c       0x64 ./Drivers/STM32F1xx_HAL_Driver/stm32f1xx_hal_cortex.o
 .text.SysTick_Config
                0x080037e0       0x44 ./Drivers/STM32F1xx_HAL_Driver/stm32f1xx_hal_cortex.o
 .text.HAL_NVIC_SetPriorityGrouping
                0x08003824       0x16 ./Drivers/STM32F1xx_HAL_Driver/stm32f1xx_hal_cortex.o
                0x08003824                HAL_NVIC_SetPriorityGrouping
 .text.HAL_NVIC_SetPriority
                0x0800383a       0x38 ./Drivers/STM32F1xx_HAL_Driver/stm32f1xx_hal_cortex.o
                0x0800383a                HAL_NVIC_SetPriority
 .text.HAL_SYSTICK_Config
                0x08003872       0x18 ./Drivers/STM32F1xx_HAL_Driver/stm32f1xx_hal_cortex.o
                0x08003872                HAL_SYSTICK_Config
 *fill*         0x0800388a        0x2 
 .text.HAL_GPIO_Init
                0x0800388c      0x308 ./Drivers/STM32F1xx_HAL_Driver/stm32f1xx_hal_gpio.o
                0x0800388c                HAL_GPIO_Init
 .text.HAL_I2C_Init
                0x08003b94      0x288 ./Drivers/STM32F1xx_HAL_Driver/stm32f1xx_hal_i2c.o
                0x08003b94                HAL_I2C_Init
 .text.HAL_I2C_Master_Transmit
                0x08003e1c      0x1fc ./Drivers/STM32F1xx_HAL_Driver/stm32f1xx_hal_i2c.o
                0x08003e1c                HAL_I2C_Master_Transmit
 .text.I2C_MasterRequestWrite
                0x08004018      0x104 ./Drivers/STM32F1xx_HAL_Driver/stm32f1xx_hal_i2c.o
 .text.I2C_WaitOnFlagUntilTimeout
                0x0800411c       0xf4 ./Drivers/STM32F1xx_HAL_Driver/stm32f1xx_hal_i2c.o
 .text.I2C_WaitOnMasterAddressFlagUntilTimeout
                0x08004210      0x140 ./Drivers/STM32F1xx_HAL_Driver/stm32f1xx_hal_i2c.o
 .text.I2C_WaitOnTXEFlagUntilTimeout
                0x08004350       0x90 ./Drivers/STM32F1xx_HAL_Driver/stm32f1xx_hal_i2c.o
 .text.I2C_WaitOnBTFFlagUntilTimeout
                0x080043e0       0x90 ./Drivers/STM32F1xx_HAL_Driver/stm32f1xx_hal_i2c.o
 .text.I2C_IsAcknowledgeFailed
                0x08004470       0x5c ./Drivers/STM32F1xx_HAL_Driver/stm32f1xx_hal_i2c.o
 .text.HAL_RCC_GetHCLKFreq
                0x080044cc       0x14 ./Drivers/STM32F1xx_HAL_Driver/stm32f1xx_hal_rcc.o
                0x080044cc                HAL_RCC_GetHCLKFreq
 .text.HAL_RCC_GetPCLK1Freq
                0x080044e0       0x28 ./Drivers/STM32F1xx_HAL_Driver/stm32f1xx_hal_rcc.o
                0x080044e0                HAL_RCC_GetPCLK1Freq
 .text.HAL_SPI_Init
                0x08004508      0x108 ./Drivers/STM32F1xx_HAL_Driver/stm32f1xx_hal_spi.o
                0x08004508                HAL_SPI_Init
 .text.LL_EXTI_EnableIT_0_31
                0x08004610       0x24 ./Drivers/STM32F1xx_HAL_Driver/stm32f1xx_ll_exti.o
 .text.LL_EXTI_DisableIT_0_31
                0x08004634       0x24 ./Drivers/STM32F1xx_HAL_Driver/stm32f1xx_ll_exti.o
 .text.LL_EXTI_EnableEvent_0_31
                0x08004658       0x24 ./Drivers/STM32F1xx_HAL_Driver/stm32f1xx_ll_exti.o
 .text.LL_EXTI_DisableEvent_0_31
                0x0800467c       0x24 ./Drivers/STM32F1xx_HAL_Driver/stm32f1xx_ll_exti.o
 .text.LL_EXTI_EnableRisingTrig_0_31
                0x080046a0       0x24 ./Drivers/STM32F1xx_HAL_Driver/stm32f1xx_ll_exti.o
 .text.LL_EXTI_DisableRisingTrig_0_31
                0x080046c4       0x24 ./Drivers/STM32F1xx_HAL_Driver/stm32f1xx_ll_exti.o
 .text.LL_EXTI_EnableFallingTrig_0_31
                0x080046e8       0x24 ./Drivers/STM32F1xx_HAL_Driver/stm32f1xx_ll_exti.o
 .text.LL_EXTI_DisableFallingTrig_0_31
                0x0800470c       0x24 ./Drivers/STM32F1xx_HAL_Driver/stm32f1xx_ll_exti.o
 .text.LL_EXTI_Init
                0x08004730       0xfe ./Drivers/STM32F1xx_HAL_Driver/stm32f1xx_ll_exti.o
                0x08004730                LL_EXTI_Init
 .text.LL_GPIO_SetPinMode
                0x0800482e       0x64 ./Drivers/STM32F1xx_HAL_Driver/stm32f1xx_ll_gpio.o
 .text.LL_GPIO_SetPinSpeed
                0x08004892       0x64 ./Drivers/STM32F1xx_HAL_Driver/stm32f1xx_ll_gpio.o
 .text.LL_GPIO_SetPinOutputType
                0x080048f6       0x64 ./Drivers/STM32F1xx_HAL_Driver/stm32f1xx_ll_gpio.o
 .text.LL_GPIO_SetPinPull
                0x0800495a       0x44 ./Drivers/STM32F1xx_HAL_Driver/stm32f1xx_ll_gpio.o
 .text.LL_GPIO_Init
                0x0800499e       0xcc ./Drivers/STM32F1xx_HAL_Driver/stm32f1xx_ll_gpio.o
                0x0800499e                LL_GPIO_Init
 *fill*         0x08004a6a        0x2 
 .text.LL_RCC_GetSysClkSource
                0x08004a6c       0x18 ./Drivers/STM32F1xx_HAL_Driver/stm32f1xx_ll_rcc.o
 .text.LL_RCC_GetAHBPrescaler
                0x08004a84       0x18 ./Drivers/STM32F1xx_HAL_Driver/stm32f1xx_ll_rcc.o
 .text.LL_RCC_GetAPB1Prescaler
                0x08004a9c       0x18 ./Drivers/STM32F1xx_HAL_Driver/stm32f1xx_ll_rcc.o
 .text.LL_RCC_GetAPB2Prescaler
                0x08004ab4       0x18 ./Drivers/STM32F1xx_HAL_Driver/stm32f1xx_ll_rcc.o
 .text.LL_RCC_PLL_GetMainSource
                0x08004acc       0x18 ./Drivers/STM32F1xx_HAL_Driver/stm32f1xx_ll_rcc.o
 .text.LL_RCC_PLL_GetMultiplicator
                0x08004ae4       0x18 ./Drivers/STM32F1xx_HAL_Driver/stm32f1xx_ll_rcc.o
 .text.LL_RCC_PLL_GetPrediv
                0x08004afc       0x1c ./Drivers/STM32F1xx_HAL_Driver/stm32f1xx_ll_rcc.o
 .text.LL_RCC_GetSystemClocksFreq
                0x08004b18       0x4a ./Drivers/STM32F1xx_HAL_Driver/stm32f1xx_ll_rcc.o
                0x08004b18                LL_RCC_GetSystemClocksFreq
 *fill*         0x08004b62        0x2 
 .text.RCC_GetSystemClockFreq
                0x08004b64       0x4c ./Drivers/STM32F1xx_HAL_Driver/stm32f1xx_ll_rcc.o
                0x08004b64                RCC_GetSystemClockFreq
 .text.RCC_GetHCLKClockFreq
                0x08004bb0       0x2c ./Drivers/STM32F1xx_HAL_Driver/stm32f1xx_ll_rcc.o
                0x08004bb0                RCC_GetHCLKClockFreq
 .text.RCC_GetPCLK1ClockFreq
                0x08004bdc       0x28 ./Drivers/STM32F1xx_HAL_Driver/stm32f1xx_ll_rcc.o
                0x08004bdc                RCC_GetPCLK1ClockFreq
 .text.RCC_GetPCLK2ClockFreq
                0x08004c04       0x28 ./Drivers/STM32F1xx_HAL_Driver/stm32f1xx_ll_rcc.o
                0x08004c04                RCC_GetPCLK2ClockFreq
 .text.RCC_PLL_GetFreqDomain_SYS
                0x08004c2c       0x64 ./Drivers/STM32F1xx_HAL_Driver/stm32f1xx_ll_rcc.o
                0x08004c2c                RCC_PLL_GetFreqDomain_SYS
 .text.LL_SPI_IsEnabled
                0x08004c90       0x24 ./Drivers/STM32F1xx_HAL_Driver/stm32f1xx_ll_spi.o
 .text.LL_SPI_SetCRCPolynomial
                0x08004cb4       0x1e ./Drivers/STM32F1xx_HAL_Driver/stm32f1xx_ll_spi.o
 .text.LL_SPI_Init
                0x08004cd2       0x98 ./Drivers/STM32F1xx_HAL_Driver/stm32f1xx_ll_spi.o
                0x08004cd2                LL_SPI_Init
 .text.LL_TIM_SetPrescaler
                0x08004d6a       0x1a ./Drivers/STM32F1xx_HAL_Driver/stm32f1xx_ll_tim.o
 .text.LL_TIM_SetAutoReload
                0x08004d84       0x1a ./Drivers/STM32F1xx_HAL_Driver/stm32f1xx_ll_tim.o
 .text.LL_TIM_SetRepetitionCounter
                0x08004d9e       0x1a ./Drivers/STM32F1xx_HAL_Driver/stm32f1xx_ll_tim.o
 .text.LL_TIM_GenerateEvent_UPDATE
                0x08004db8       0x1e ./Drivers/STM32F1xx_HAL_Driver/stm32f1xx_ll_tim.o
 *fill*         0x08004dd6        0x2 
 .text.LL_TIM_Init
                0x08004dd8       0xbc ./Drivers/STM32F1xx_HAL_Driver/stm32f1xx_ll_tim.o
                0x08004dd8                LL_TIM_Init
 .text.LL_USART_IsEnabled
                0x08004e94       0x26 ./Drivers/STM32F1xx_HAL_Driver/stm32f1xx_ll_usart.o
 .text.LL_USART_SetStopBitsLength
                0x08004eba       0x24 ./Drivers/STM32F1xx_HAL_Driver/stm32f1xx_ll_usart.o
 .text.LL_USART_SetHWFlowCtrl
                0x08004ede       0x24 ./Drivers/STM32F1xx_HAL_Driver/stm32f1xx_ll_usart.o
 *fill*         0x08004f02        0x2 
 .text.LL_USART_SetBaudRate
                0x08004f04       0xbc ./Drivers/STM32F1xx_HAL_Driver/stm32f1xx_ll_usart.o
 .text.LL_USART_Init
                0x08004fc0       0xc0 ./Drivers/STM32F1xx_HAL_Driver/stm32f1xx_ll_usart.o
                0x08004fc0                LL_USART_Init
 .text.LL_mDelay
                0x08005080       0x48 ./Drivers/STM32F1xx_HAL_Driver/stm32f1xx_ll_utils.o
                0x08005080                LL_mDelay
 .text.LL_SetSystemCoreClock
                0x080050c8       0x1c ./Drivers/STM32F1xx_HAL_Driver/stm32f1xx_ll_utils.o
                0x080050c8                LL_SetSystemCoreClock
 .text.malloc   0x080050e4       0x10 C:/ST/STM32CubeIDE_1.15.0/STM32CubeIDE/plugins/com.st.stm32cube.ide.mcu.externaltools.gnu-tools-for-stm32.12.3.rel1.win32_1.0.100.202403111256/tools/bin/../lib/gcc/arm-none-eabi/12.3.1/../../../../arm-none-eabi/lib/thumb/v7-m/nofp\libc_nano.a(libc_a-malloc.o)
                0x080050e4                malloc
 .text.sbrk_aligned
                0x080050f4       0x44 C:/ST/STM32CubeIDE_1.15.0/STM32CubeIDE/plugins/com.st.stm32cube.ide.mcu.externaltools.gnu-tools-for-stm32.12.3.rel1.win32_1.0.100.202403111256/tools/bin/../lib/gcc/arm-none-eabi/12.3.1/../../../../arm-none-eabi/lib/thumb/v7-m/nofp\libc_nano.a(libc_a-mallocr.o)
 .text._malloc_r
                0x08005138      0x100 C:/ST/STM32CubeIDE_1.15.0/STM32CubeIDE/plugins/com.st.stm32cube.ide.mcu.externaltools.gnu-tools-for-stm32.12.3.rel1.win32_1.0.100.202403111256/tools/bin/../lib/gcc/arm-none-eabi/12.3.1/../../../../arm-none-eabi/lib/thumb/v7-m/nofp\libc_nano.a(libc_a-mallocr.o)
                0x08005138                _malloc_r
 .text.__malloc_lock
                0x08005238        0xc C:/ST/STM32CubeIDE_1.15.0/STM32CubeIDE/plugins/com.st.stm32cube.ide.mcu.externaltools.gnu-tools-for-stm32.12.3.rel1.win32_1.0.100.202403111256/tools/bin/../lib/gcc/arm-none-eabi/12.3.1/../../../../arm-none-eabi/lib/thumb/v7-m/nofp\libc_nano.a(libc_a-mlock.o)
                0x08005238                __malloc_lock
 .text.__malloc_unlock
                0x08005244        0xc C:/ST/STM32CubeIDE_1.15.0/STM32CubeIDE/plugins/com.st.stm32cube.ide.mcu.externaltools.gnu-tools-for-stm32.12.3.rel1.win32_1.0.100.202403111256/tools/bin/../lib/gcc/arm-none-eabi/12.3.1/../../../../arm-none-eabi/lib/thumb/v7-m/nofp\libc_nano.a(libc_a-mlock.o)
                0x08005244                __malloc_unlock
 .text.rand     0x08005250       0x7c C:/ST/STM32CubeIDE_1.15.0/STM32CubeIDE/plugins/com.st.stm32cube.ide.mcu.externaltools.gnu-tools-for-stm32.12.3.rel1.win32_1.0.100.202403111256/tools/bin/../lib/gcc/arm-none-eabi/12.3.1/../../../../arm-none-eabi/lib/thumb/v7-m/nofp\libc_nano.a(libc_a-rand.o)
                0x08005250                rand
 .text.std      0x080052cc       0x6c C:/ST/STM32CubeIDE_1.15.0/STM32CubeIDE/plugins/com.st.stm32cube.ide.mcu.externaltools.gnu-tools-for-stm32.12.3.rel1.win32_1.0.100.202403111256/tools/bin/../lib/gcc/arm-none-eabi/12.3.1/../../../../arm-none-eabi/lib/thumb/v7-m/nofp\libc_nano.a(libc_a-findfp.o)
 .text.stdio_exit_handler
                0x08005338       0x18 C:/ST/STM32CubeIDE_1.15.0/STM32CubeIDE/plugins/com.st.stm32cube.ide.mcu.externaltools.gnu-tools-for-stm32.12.3.rel1.win32_1.0.100.202403111256/tools/bin/../lib/gcc/arm-none-eabi/12.3.1/../../../../arm-none-eabi/lib/thumb/v7-m/nofp\libc_nano.a(libc_a-findfp.o)
 .text.cleanup_stdio
                0x08005350       0x40 C:/ST/STM32CubeIDE_1.15.0/STM32CubeIDE/plugins/com.st.stm32cube.ide.mcu.externaltools.gnu-tools-for-stm32.12.3.rel1.win32_1.0.100.202403111256/tools/bin/../lib/gcc/arm-none-eabi/12.3.1/../../../../arm-none-eabi/lib/thumb/v7-m/nofp\libc_nano.a(libc_a-findfp.o)
 .text.global_stdio_init.part.0
                0x08005390       0x3c C:/ST/STM32CubeIDE_1.15.0/STM32CubeIDE/plugins/com.st.stm32cube.ide.mcu.externaltools.gnu-tools-for-stm32.12.3.rel1.win32_1.0.100.202403111256/tools/bin/../lib/gcc/arm-none-eabi/12.3.1/../../../../arm-none-eabi/lib/thumb/v7-m/nofp\libc_nano.a(libc_a-findfp.o)
 .text.__sfp_lock_acquire
                0x080053cc        0xc C:/ST/STM32CubeIDE_1.15.0/STM32CubeIDE/plugins/com.st.stm32cube.ide.mcu.externaltools.gnu-tools-for-stm32.12.3.rel1.win32_1.0.100.202403111256/tools/bin/../lib/gcc/arm-none-eabi/12.3.1/../../../../arm-none-eabi/lib/thumb/v7-m/nofp\libc_nano.a(libc_a-findfp.o)
                0x080053cc                __sfp_lock_acquire
 .text.__sfp_lock_release
                0x080053d8        0xc C:/ST/STM32CubeIDE_1.15.0/STM32CubeIDE/plugins/com.st.stm32cube.ide.mcu.externaltools.gnu-tools-for-stm32.12.3.rel1.win32_1.0.100.202403111256/tools/bin/../lib/gcc/arm-none-eabi/12.3.1/../../../../arm-none-eabi/lib/thumb/v7-m/nofp\libc_nano.a(libc_a-findfp.o)
                0x080053d8                __sfp_lock_release
 .text.__sinit  0x080053e4       0x30 C:/ST/STM32CubeIDE_1.15.0/STM32CubeIDE/plugins/com.st.stm32cube.ide.mcu.externaltools.gnu-tools-for-stm32.12.3.rel1.win32_1.0.100.202403111256/tools/bin/../lib/gcc/arm-none-eabi/12.3.1/../../../../arm-none-eabi/lib/thumb/v7-m/nofp\libc_nano.a(libc_a-findfp.o)
                0x080053e4                __sinit
 .text._fwalk_sglue
                0x08005414       0x3c C:/ST/STM32CubeIDE_1.15.0/STM32CubeIDE/plugins/com.st.stm32cube.ide.mcu.externaltools.gnu-tools-for-stm32.12.3.rel1.win32_1.0.100.202403111256/tools/bin/../lib/gcc/arm-none-eabi/12.3.1/../../../../arm-none-eabi/lib/thumb/v7-m/nofp\libc_nano.a(libc_a-fwalk.o)
                0x08005414                _fwalk_sglue
 .text.sprintf  0x08005450       0x40 C:/ST/STM32CubeIDE_1.15.0/STM32CubeIDE/plugins/com.st.stm32cube.ide.mcu.externaltools.gnu-tools-for-stm32.12.3.rel1.win32_1.0.100.202403111256/tools/bin/../lib/gcc/arm-none-eabi/12.3.1/../../../../arm-none-eabi/lib/thumb/v7-m/nofp\libc_nano.a(libc_a-sprintf.o)
                0x08005450                siprintf
                0x08005450                sprintf
 .text.__sread  0x08005490       0x22 C:/ST/STM32CubeIDE_1.15.0/STM32CubeIDE/plugins/com.st.stm32cube.ide.mcu.externaltools.gnu-tools-for-stm32.12.3.rel1.win32_1.0.100.202403111256/tools/bin/../lib/gcc/arm-none-eabi/12.3.1/../../../../arm-none-eabi/lib/thumb/v7-m/nofp\libc_nano.a(libc_a-stdio.o)
                0x08005490                __sread
 .text.__swrite
                0x080054b2       0x38 C:/ST/STM32CubeIDE_1.15.0/STM32CubeIDE/plugins/com.st.stm32cube.ide.mcu.externaltools.gnu-tools-for-stm32.12.3.rel1.win32_1.0.100.202403111256/tools/bin/../lib/gcc/arm-none-eabi/12.3.1/../../../../arm-none-eabi/lib/thumb/v7-m/nofp\libc_nano.a(libc_a-stdio.o)
                0x080054b2                __swrite
 .text.__sseek  0x080054ea       0x24 C:/ST/STM32CubeIDE_1.15.0/STM32CubeIDE/plugins/com.st.stm32cube.ide.mcu.externaltools.gnu-tools-for-stm32.12.3.rel1.win32_1.0.100.202403111256/tools/bin/../lib/gcc/arm-none-eabi/12.3.1/../../../../arm-none-eabi/lib/thumb/v7-m/nofp\libc_nano.a(libc_a-stdio.o)
                0x080054ea                __sseek
 .text.__sclose
                0x0800550e        0x8 C:/ST/STM32CubeIDE_1.15.0/STM32CubeIDE/plugins/com.st.stm32cube.ide.mcu.externaltools.gnu-tools-for-stm32.12.3.rel1.win32_1.0.100.202403111256/tools/bin/../lib/gcc/arm-none-eabi/12.3.1/../../../../arm-none-eabi/lib/thumb/v7-m/nofp\libc_nano.a(libc_a-stdio.o)
                0x0800550e                __sclose
 .text.memset   0x08005516       0x10 C:/ST/STM32CubeIDE_1.15.0/STM32CubeIDE/plugins/com.st.stm32cube.ide.mcu.externaltools.gnu-tools-for-stm32.12.3.rel1.win32_1.0.100.202403111256/tools/bin/../lib/gcc/arm-none-eabi/12.3.1/../../../../arm-none-eabi/lib/thumb/v7-m/nofp\libc_nano.a(libc_a-memset.o)
                0x08005516                memset
 *fill*         0x08005526        0x2 
 .text._close_r
                0x08005528       0x20 C:/ST/STM32CubeIDE_1.15.0/STM32CubeIDE/plugins/com.st.stm32cube.ide.mcu.externaltools.gnu-tools-for-stm32.12.3.rel1.win32_1.0.100.202403111256/tools/bin/../lib/gcc/arm-none-eabi/12.3.1/../../../../arm-none-eabi/lib/thumb/v7-m/nofp\libc_nano.a(libc_a-closer.o)
                0x08005528                _close_r
 .text._lseek_r
                0x08005548       0x24 C:/ST/STM32CubeIDE_1.15.0/STM32CubeIDE/plugins/com.st.stm32cube.ide.mcu.externaltools.gnu-tools-for-stm32.12.3.rel1.win32_1.0.100.202403111256/tools/bin/../lib/gcc/arm-none-eabi/12.3.1/../../../../arm-none-eabi/lib/thumb/v7-m/nofp\libc_nano.a(libc_a-lseekr.o)
                0x08005548                _lseek_r
 .text._read_r  0x0800556c       0x24 C:/ST/STM32CubeIDE_1.15.0/STM32CubeIDE/plugins/com.st.stm32cube.ide.mcu.externaltools.gnu-tools-for-stm32.12.3.rel1.win32_1.0.100.202403111256/tools/bin/../lib/gcc/arm-none-eabi/12.3.1/../../../../arm-none-eabi/lib/thumb/v7-m/nofp\libc_nano.a(libc_a-readr.o)
                0x0800556c                _read_r
 .text._sbrk_r  0x08005590       0x20 C:/ST/STM32CubeIDE_1.15.0/STM32CubeIDE/plugins/com.st.stm32cube.ide.mcu.externaltools.gnu-tools-for-stm32.12.3.rel1.win32_1.0.100.202403111256/tools/bin/../lib/gcc/arm-none-eabi/12.3.1/../../../../arm-none-eabi/lib/thumb/v7-m/nofp\libc_nano.a(libc_a-sbrkr.o)
                0x08005590                _sbrk_r
 .text._write_r
                0x080055b0       0x24 C:/ST/STM32CubeIDE_1.15.0/STM32CubeIDE/plugins/com.st.stm32cube.ide.mcu.externaltools.gnu-tools-for-stm32.12.3.rel1.win32_1.0.100.202403111256/tools/bin/../lib/gcc/arm-none-eabi/12.3.1/../../../../arm-none-eabi/lib/thumb/v7-m/nofp\libc_nano.a(libc_a-writer.o)
                0x080055b0                _write_r
 .text.__errno  0x080055d4        0xc C:/ST/STM32CubeIDE_1.15.0/STM32CubeIDE/plugins/com.st.stm32cube.ide.mcu.externaltools.gnu-tools-for-stm32.12.3.rel1.win32_1.0.100.202403111256/tools/bin/../lib/gcc/arm-none-eabi/12.3.1/../../../../arm-none-eabi/lib/thumb/v7-m/nofp\libc_nano.a(libc_a-errno.o)
                0x080055d4                __errno
 .text.__libc_init_array
                0x080055e0       0x48 C:/ST/STM32CubeIDE_1.15.0/STM32CubeIDE/plugins/com.st.stm32cube.ide.mcu.externaltools.gnu-tools-for-stm32.12.3.rel1.win32_1.0.100.202403111256/tools/bin/../lib/gcc/arm-none-eabi/12.3.1/../../../../arm-none-eabi/lib/thumb/v7-m/nofp\libc_nano.a(libc_a-init.o)
                0x080055e0                __libc_init_array
 .text.__retarget_lock_init_recursive
                0x08005628        0x2 C:/ST/STM32CubeIDE_1.15.0/STM32CubeIDE/plugins/com.st.stm32cube.ide.mcu.externaltools.gnu-tools-for-stm32.12.3.rel1.win32_1.0.100.202403111256/tools/bin/../lib/gcc/arm-none-eabi/12.3.1/../../../../arm-none-eabi/lib/thumb/v7-m/nofp\libc_nano.a(libc_a-lock.o)
                0x08005628                __retarget_lock_init_recursive
 .text.__retarget_lock_acquire_recursive
                0x0800562a        0x2 C:/ST/STM32CubeIDE_1.15.0/STM32CubeIDE/plugins/com.st.stm32cube.ide.mcu.externaltools.gnu-tools-for-stm32.12.3.rel1.win32_1.0.100.202403111256/tools/bin/../lib/gcc/arm-none-eabi/12.3.1/../../../../arm-none-eabi/lib/thumb/v7-m/nofp\libc_nano.a(libc_a-lock.o)
                0x0800562a                __retarget_lock_acquire_recursive
 .text.__retarget_lock_release_recursive
                0x0800562c        0x2 C:/ST/STM32CubeIDE_1.15.0/STM32CubeIDE/plugins/com.st.stm32cube.ide.mcu.externaltools.gnu-tools-for-stm32.12.3.rel1.win32_1.0.100.202403111256/tools/bin/../lib/gcc/arm-none-eabi/12.3.1/../../../../arm-none-eabi/lib/thumb/v7-m/nofp\libc_nano.a(libc_a-lock.o)
                0x0800562c                __retarget_lock_release_recursive
 *fill*         0x0800562e        0x2 
 .text.__assert_func
                0x08005630       0x3c C:/ST/STM32CubeIDE_1.15.0/STM32CubeIDE/plugins/com.st.stm32cube.ide.mcu.externaltools.gnu-tools-for-stm32.12.3.rel1.win32_1.0.100.202403111256/tools/bin/../lib/gcc/arm-none-eabi/12.3.1/../../../../arm-none-eabi/lib/thumb/v7-m/nofp\libc_nano.a(libc_a-assert.o)
                0x08005630                __assert_func
 .text._free_r  0x0800566c       0x90 C:/ST/STM32CubeIDE_1.15.0/STM32CubeIDE/plugins/com.st.stm32cube.ide.mcu.externaltools.gnu-tools-for-stm32.12.3.rel1.win32_1.0.100.202403111256/tools/bin/../lib/gcc/arm-none-eabi/12.3.1/../../../../arm-none-eabi/lib/thumb/v7-m/nofp\libc_nano.a(libc_a-freer.o)
                0x0800566c                _free_r
 .text.__ssputs_r
                0x080056fc       0xb6 C:/ST/STM32CubeIDE_1.15.0/STM32CubeIDE/plugins/com.st.stm32cube.ide.mcu.externaltools.gnu-tools-for-stm32.12.3.rel1.win32_1.0.100.202403111256/tools/bin/../lib/gcc/arm-none-eabi/12.3.1/../../../../arm-none-eabi/lib/thumb/v7-m/nofp\libc_nano.a(libc_a-nano-svfprintf.o)
                0x080056fc                __ssputs_r
 *fill*         0x080057b2        0x2 
 .text._svfprintf_r
                0x080057b4      0x1f8 C:/ST/STM32CubeIDE_1.15.0/STM32CubeIDE/plugins/com.st.stm32cube.ide.mcu.externaltools.gnu-tools-for-stm32.12.3.rel1.win32_1.0.100.202403111256/tools/bin/../lib/gcc/arm-none-eabi/12.3.1/../../../../arm-none-eabi/lib/thumb/v7-m/nofp\libc_nano.a(libc_a-nano-svfprintf.o)
                0x080057b4                _svfiprintf_r
                0x080057b4                _svfprintf_r
 .text._printf_common
                0x080059ac       0xe4 C:/ST/STM32CubeIDE_1.15.0/STM32CubeIDE/plugins/com.st.stm32cube.ide.mcu.externaltools.gnu-tools-for-stm32.12.3.rel1.win32_1.0.100.202403111256/tools/bin/../lib/gcc/arm-none-eabi/12.3.1/../../../../arm-none-eabi/lib/thumb/v7-m/nofp\libc_nano.a(libc_a-nano-vfprintf_i.o)
                0x080059ac                _printf_common
 .text._printf_i
                0x08005a90      0x240 C:/ST/STM32CubeIDE_1.15.0/STM32CubeIDE/plugins/com.st.stm32cube.ide.mcu.externaltools.gnu-tools-for-stm32.12.3.rel1.win32_1.0.100.202403111256/tools/bin/../lib/gcc/arm-none-eabi/12.3.1/../../../../arm-none-eabi/lib/thumb/v7-m/nofp\libc_nano.a(libc_a-nano-vfprintf_i.o)
                0x08005a90                _printf_i
 .text.__sflush_r
                0x08005cd0      0x100 C:/ST/STM32CubeIDE_1.15.0/STM32CubeIDE/plugins/com.st.stm32cube.ide.mcu.externaltools.gnu-tools-for-stm32.12.3.rel1.win32_1.0.100.202403111256/tools/bin/../lib/gcc/arm-none-eabi/12.3.1/../../../../arm-none-eabi/lib/thumb/v7-m/nofp\libc_nano.a(libc_a-fflush.o)
                0x08005cd0                __sflush_r
 .text._fflush_r
                0x08005dd0       0x50 C:/ST/STM32CubeIDE_1.15.0/STM32CubeIDE/plugins/com.st.stm32cube.ide.mcu.externaltools.gnu-tools-for-stm32.12.3.rel1.win32_1.0.100.202403111256/tools/bin/../lib/gcc/arm-none-eabi/12.3.1/../../../../arm-none-eabi/lib/thumb/v7-m/nofp\libc_nano.a(libc_a-fflush.o)
                0x08005dd0                _fflush_r
 .text.fprintf  0x08005e20       0x24 C:/ST/STM32CubeIDE_1.15.0/STM32CubeIDE/plugins/com.st.stm32cube.ide.mcu.externaltools.gnu-tools-for-stm32.12.3.rel1.win32_1.0.100.202403111256/tools/bin/../lib/gcc/arm-none-eabi/12.3.1/../../../../arm-none-eabi/lib/thumb/v7-m/nofp\libc_nano.a(libc_a-fprintf.o)
                0x08005e20                fiprintf
                0x08005e20                fprintf
 .text.memmove  0x08005e44       0x34 C:/ST/STM32CubeIDE_1.15.0/STM32CubeIDE/plugins/com.st.stm32cube.ide.mcu.externaltools.gnu-tools-for-stm32.12.3.rel1.win32_1.0.100.202403111256/tools/bin/../lib/gcc/arm-none-eabi/12.3.1/../../../../arm-none-eabi/lib/thumb/v7-m/nofp\libc_nano.a(libc_a-memmove.o)
                0x08005e44                memmove
 .text.memchr   0x08005e78       0x1c C:/ST/STM32CubeIDE_1.15.0/STM32CubeIDE/plugins/com.st.stm32cube.ide.mcu.externaltools.gnu-tools-for-stm32.12.3.rel1.win32_1.0.100.202403111256/tools/bin/../lib/gcc/arm-none-eabi/12.3.1/../../../../arm-none-eabi/lib/thumb/v7-m/nofp\libc_nano.a(libc_a-memchr-stub.o)
                0x08005e78                memchr
 .text.memcpy   0x08005e94       0x1c C:/ST/STM32CubeIDE_1.15.0/STM32CubeIDE/plugins/com.st.stm32cube.ide.mcu.externaltools.gnu-tools-for-stm32.12.3.rel1.win32_1.0.100.202403111256/tools/bin/../lib/gcc/arm-none-eabi/12.3.1/../../../../arm-none-eabi/lib/thumb/v7-m/nofp\libc_nano.a(libc_a-memcpy-stub.o)
                0x08005e94                memcpy
 .text.abort    0x08005eb0        0xe C:/ST/STM32CubeIDE_1.15.0/STM32CubeIDE/plugins/com.st.stm32cube.ide.mcu.externaltools.gnu-tools-for-stm32.12.3.rel1.win32_1.0.100.202403111256/tools/bin/../lib/gcc/arm-none-eabi/12.3.1/../../../../arm-none-eabi/lib/thumb/v7-m/nofp\libc_nano.a(libc_a-abort.o)
                0x08005eb0                abort
 .text._realloc_r
                0x08005ebe       0x5c C:/ST/STM32CubeIDE_1.15.0/STM32CubeIDE/plugins/com.st.stm32cube.ide.mcu.externaltools.gnu-tools-for-stm32.12.3.rel1.win32_1.0.100.202403111256/tools/bin/../lib/gcc/arm-none-eabi/12.3.1/../../../../arm-none-eabi/lib/thumb/v7-m/nofp\libc_nano.a(libc_a-reallocr.o)
                0x08005ebe                _realloc_r
 .text.__sfputc_r
                0x08005f1a       0x2a C:/ST/STM32CubeIDE_1.15.0/STM32CubeIDE/plugins/com.st.stm32cube.ide.mcu.externaltools.gnu-tools-for-stm32.12.3.rel1.win32_1.0.100.202403111256/tools/bin/../lib/gcc/arm-none-eabi/12.3.1/../../../../arm-none-eabi/lib/thumb/v7-m/nofp\libc_nano.a(libc_a-nano-vfprintf.o)
 .text.__sfputs_r
                0x08005f44       0x24 C:/ST/STM32CubeIDE_1.15.0/STM32CubeIDE/plugins/com.st.stm32cube.ide.mcu.externaltools.gnu-tools-for-stm32.12.3.rel1.win32_1.0.100.202403111256/tools/bin/../lib/gcc/arm-none-eabi/12.3.1/../../../../arm-none-eabi/lib/thumb/v7-m/nofp\libc_nano.a(libc_a-nano-vfprintf.o)
                0x08005f44                __sfputs_r
 .text._vfprintf_r
                0x08005f68      0x230 C:/ST/STM32CubeIDE_1.15.0/STM32CubeIDE/plugins/com.st.stm32cube.ide.mcu.externaltools.gnu-tools-for-stm32.12.3.rel1.win32_1.0.100.202403111256/tools/bin/../lib/gcc/arm-none-eabi/12.3.1/../../../../arm-none-eabi/lib/thumb/v7-m/nofp\libc_nano.a(libc_a-nano-vfprintf.o)
                0x08005f68                _vfprintf_r
                0x08005f68                _vfiprintf_r
 .text.__swbuf_r
                0x08006198       0x7c C:/ST/STM32CubeIDE_1.15.0/STM32CubeIDE/plugins/com.st.stm32cube.ide.mcu.externaltools.gnu-tools-for-stm32.12.3.rel1.win32_1.0.100.202403111256/tools/bin/../lib/gcc/arm-none-eabi/12.3.1/../../../../arm-none-eabi/lib/thumb/v7-m/nofp\libc_nano.a(libc_a-wbuf.o)
                0x08006198                __swbuf_r
 .text.__swsetup_r
                0x08006214       0xac C:/ST/STM32CubeIDE_1.15.0/STM32CubeIDE/plugins/com.st.stm32cube.ide.mcu.externaltools.gnu-tools-for-stm32.12.3.rel1.win32_1.0.100.202403111256/tools/bin/../lib/gcc/arm-none-eabi/12.3.1/../../../../arm-none-eabi/lib/thumb/v7-m/nofp\libc_nano.a(libc_a-wsetup.o)
                0x08006214                __swsetup_r
 .text._raise_r
                0x080062c0       0x50 C:/ST/STM32CubeIDE_1.15.0/STM32CubeIDE/plugins/com.st.stm32cube.ide.mcu.externaltools.gnu-tools-for-stm32.12.3.rel1.win32_1.0.100.202403111256/tools/bin/../lib/gcc/arm-none-eabi/12.3.1/../../../../arm-none-eabi/lib/thumb/v7-m/nofp\libc_nano.a(libc_a-signal.o)
                0x080062c0                _raise_r
 .text.raise    0x08006310       0x10 C:/ST/STM32CubeIDE_1.15.0/STM32CubeIDE/plugins/com.st.stm32cube.ide.mcu.externaltools.gnu-tools-for-stm32.12.3.rel1.win32_1.0.100.202403111256/tools/bin/../lib/gcc/arm-none-eabi/12.3.1/../../../../arm-none-eabi/lib/thumb/v7-m/nofp\libc_nano.a(libc_a-signal.o)
                0x08006310                raise
 .text._kill_r  0x08006320       0x24 C:/ST/STM32CubeIDE_1.15.0/STM32CubeIDE/plugins/com.st.stm32cube.ide.mcu.externaltools.gnu-tools-for-stm32.12.3.rel1.win32_1.0.100.202403111256/tools/bin/../lib/gcc/arm-none-eabi/12.3.1/../../../../arm-none-eabi/lib/thumb/v7-m/nofp\libc_nano.a(libc_a-signalr.o)
                0x08006320                _kill_r
 .text._getpid_r
                0x08006344        0x4 C:/ST/STM32CubeIDE_1.15.0/STM32CubeIDE/plugins/com.st.stm32cube.ide.mcu.externaltools.gnu-tools-for-stm32.12.3.rel1.win32_1.0.100.202403111256/tools/bin/../lib/gcc/arm-none-eabi/12.3.1/../../../../arm-none-eabi/lib/thumb/v7-m/nofp\libc_nano.a(libc_a-signalr.o)
                0x08006344                _getpid_r
 .text._malloc_usable_size_r
                0x08006348       0x10 C:/ST/STM32CubeIDE_1.15.0/STM32CubeIDE/plugins/com.st.stm32cube.ide.mcu.externaltools.gnu-tools-for-stm32.12.3.rel1.win32_1.0.100.202403111256/tools/bin/../lib/gcc/arm-none-eabi/12.3.1/../../../../arm-none-eabi/lib/thumb/v7-m/nofp\libc_nano.a(libc_a-msizer.o)
                0x08006348                _malloc_usable_size_r
 .text.__swhatbuf_r
                0x08006358       0x4a C:/ST/STM32CubeIDE_1.15.0/STM32CubeIDE/plugins/com.st.stm32cube.ide.mcu.externaltools.gnu-tools-for-stm32.12.3.rel1.win32_1.0.100.202403111256/tools/bin/../lib/gcc/arm-none-eabi/12.3.1/../../../../arm-none-eabi/lib/thumb/v7-m/nofp\libc_nano.a(libc_a-makebuf.o)
                0x08006358                __swhatbuf_r
 .text.__smakebuf_r
                0x080063a2       0x78 C:/ST/STM32CubeIDE_1.15.0/STM32CubeIDE/plugins/com.st.stm32cube.ide.mcu.externaltools.gnu-tools-for-stm32.12.3.rel1.win32_1.0.100.202403111256/tools/bin/../lib/gcc/arm-none-eabi/12.3.1/../../../../arm-none-eabi/lib/thumb/v7-m/nofp\libc_nano.a(libc_a-makebuf.o)
                0x080063a2                __smakebuf_r
 *fill*         0x0800641a        0x2 
 .text._fstat_r
                0x0800641c       0x24 C:/ST/STM32CubeIDE_1.15.0/STM32CubeIDE/plugins/com.st.stm32cube.ide.mcu.externaltools.gnu-tools-for-stm32.12.3.rel1.win32_1.0.100.202403111256/tools/bin/../lib/gcc/arm-none-eabi/12.3.1/../../../../arm-none-eabi/lib/thumb/v7-m/nofp\libc_nano.a(libc_a-fstatr.o)
                0x0800641c                _fstat_r
 .text._isatty_r
                0x08006440       0x20 C:/ST/STM32CubeIDE_1.15.0/STM32CubeIDE/plugins/com.st.stm32cube.ide.mcu.externaltools.gnu-tools-for-stm32.12.3.rel1.win32_1.0.100.202403111256/tools/bin/../lib/gcc/arm-none-eabi/12.3.1/../../../../arm-none-eabi/lib/thumb/v7-m/nofp\libc_nano.a(libc_a-isattyr.o)
                0x08006440                _isatty_r
 *(.glue_7)
 .glue_7        0x08006460        0x0 linker stubs
 *(.glue_7t)
 .glue_7t       0x08006460        0x0 linker stubs
 *(.eh_frame)
 .eh_frame      0x08006460        0x0 C:/ST/STM32CubeIDE_1.15.0/STM32CubeIDE/plugins/com.st.stm32cube.ide.mcu.externaltools.gnu-tools-for-stm32.12.3.rel1.win32_1.0.100.202403111256/tools/bin/../lib/gcc/arm-none-eabi/12.3.1/thumb/v7-m/nofp/crtbegin.o
 *(.init)
 .init          0x08006460        0x4 C:/ST/STM32CubeIDE_1.15.0/STM32CubeIDE/plugins/com.st.stm32cube.ide.mcu.externaltools.gnu-tools-for-stm32.12.3.rel1.win32_1.0.100.202403111256/tools/bin/../lib/gcc/arm-none-eabi/12.3.1/thumb/v7-m/nofp/crti.o
                0x08006460                _init
 .init          0x08006464        0x8 C:/ST/STM32CubeIDE_1.15.0/STM32CubeIDE/plugins/com.st.stm32cube.ide.mcu.externaltools.gnu-tools-for-stm32.12.3.rel1.win32_1.0.100.202403111256/tools/bin/../lib/gcc/arm-none-eabi/12.3.1/thumb/v7-m/nofp/crtn.o
 *(.fini)
 .fini          0x0800646c        0x4 C:/ST/STM32CubeIDE_1.15.0/STM32CubeIDE/plugins/com.st.stm32cube.ide.mcu.externaltools.gnu-tools-for-stm32.12.3.rel1.win32_1.0.100.202403111256/tools/bin/../lib/gcc/arm-none-eabi/12.3.1/thumb/v7-m/nofp/crti.o
                0x0800646c                _fini
 .fini          0x08006470        0x8 C:/ST/STM32CubeIDE_1.15.0/STM32CubeIDE/plugins/com.st.stm32cube.ide.mcu.externaltools.gnu-tools-for-stm32.12.3.rel1.win32_1.0.100.202403111256/tools/bin/../lib/gcc/arm-none-eabi/12.3.1/thumb/v7-m/nofp/crtn.o
                0x08006478                        . = ALIGN (0x4)
                0x08006478                        _etext = .

.vfp11_veneer   0x08006478        0x0
 .vfp11_veneer  0x08006478        0x0 linker stubs

.v4_bx          0x08006478        0x0
 .v4_bx         0x08006478        0x0 linker stubs

.iplt           0x08006478        0x0
 .iplt          0x08006478        0x0 C:/ST/STM32CubeIDE_1.15.0/STM32CubeIDE/plugins/com.st.stm32cube.ide.mcu.externaltools.gnu-tools-for-stm32.12.3.rel1.win32_1.0.100.202403111256/tools/bin/../lib/gcc/arm-none-eabi/12.3.1/thumb/v7-m/nofp/crtbegin.o

.rodata         0x08006478      0x1d4
                0x08006478                        . = ALIGN (0x4)
 *(.rodata)
 .rodata        0x08006478       0xdb ./Core/Src/main.o
 *(.rodata*)
 *fill*         0x08006553        0x1 
 .rodata.AHBPrescTable
                0x08006554       0x10 ./Core/Src/system_stm32f1xx.o
                0x08006554                AHBPrescTable
 .rodata.APBPrescTable
                0x08006564        0x8 ./Core/Src/system_stm32f1xx.o
                0x08006564                APBPrescTable
 .rodata.srand.str1.1
                0x0800656c       0x6f C:/ST/STM32CubeIDE_1.15.0/STM32CubeIDE/plugins/com.st.stm32cube.ide.mcu.externaltools.gnu-tools-for-stm32.12.3.rel1.win32_1.0.100.202403111256/tools/bin/../lib/gcc/arm-none-eabi/12.3.1/../../../../arm-none-eabi/lib/thumb/v7-m/nofp\libc_nano.a(libc_a-rand.o)
 .rodata.__assert_func.str1.1
                0x080065db       0x3c C:/ST/STM32CubeIDE_1.15.0/STM32CubeIDE/plugins/com.st.stm32cube.ide.mcu.externaltools.gnu-tools-for-stm32.12.3.rel1.win32_1.0.100.202403111256/tools/bin/../lib/gcc/arm-none-eabi/12.3.1/../../../../arm-none-eabi/lib/thumb/v7-m/nofp\libc_nano.a(libc_a-assert.o)
                                 0x3d (size before relaxing)
 .rodata._svfprintf_r.str1.1
                0x08006617       0x11 C:/ST/STM32CubeIDE_1.15.0/STM32CubeIDE/plugins/com.st.stm32cube.ide.mcu.externaltools.gnu-tools-for-stm32.12.3.rel1.win32_1.0.100.202403111256/tools/bin/../lib/gcc/arm-none-eabi/12.3.1/../../../../arm-none-eabi/lib/thumb/v7-m/nofp\libc_nano.a(libc_a-nano-svfprintf.o)
 .rodata._printf_i.str1.1
                0x08006628       0x22 C:/ST/STM32CubeIDE_1.15.0/STM32CubeIDE/plugins/com.st.stm32cube.ide.mcu.externaltools.gnu-tools-for-stm32.12.3.rel1.win32_1.0.100.202403111256/tools/bin/../lib/gcc/arm-none-eabi/12.3.1/../../../../arm-none-eabi/lib/thumb/v7-m/nofp\libc_nano.a(libc_a-nano-vfprintf_i.o)
 .rodata._vfprintf_r.str1.1
                0x0800664a       0x11 C:/ST/STM32CubeIDE_1.15.0/STM32CubeIDE/plugins/com.st.stm32cube.ide.mcu.externaltools.gnu-tools-for-stm32.12.3.rel1.win32_1.0.100.202403111256/tools/bin/../lib/gcc/arm-none-eabi/12.3.1/../../../../arm-none-eabi/lib/thumb/v7-m/nofp\libc_nano.a(libc_a-nano-vfprintf.o)
                0x0800665c                        . = ALIGN (0x4)
 *fill*         0x0800664a        0x2 

.ARM.extab      0x0800664c        0x0
                0x0800664c                        . = ALIGN (0x4)
 *(.ARM.extab* .gnu.linkonce.armextab.*)
                0x0800664c                        . = ALIGN (0x4)

.ARM            0x0800664c        0x8
                0x0800664c                        . = ALIGN (0x4)
                0x0800664c                        __exidx_start = .
 *(.ARM.exidx*)
 .ARM.exidx     0x0800664c        0x8 C:/ST/STM32CubeIDE_1.15.0/STM32CubeIDE/plugins/com.st.stm32cube.ide.mcu.externaltools.gnu-tools-for-stm32.12.3.rel1.win32_1.0.100.202403111256/tools/bin/../lib/gcc/arm-none-eabi/12.3.1/../../../../arm-none-eabi/lib/thumb/v7-m/nofp\libc_nano.a(libc_a-strlen.o)
                0x08006654                        __exidx_end = .
                0x08006654                        . = ALIGN (0x4)

.preinit_array  0x08006654        0x0
                0x08006654                        . = ALIGN (0x4)
                0x08006654                        PROVIDE (__preinit_array_start = .)
 *(.preinit_array*)
                0x08006654                        PROVIDE (__preinit_array_end = .)
                0x08006654                        . = ALIGN (0x4)

.init_array     0x08006654        0x4
                0x08006654                        . = ALIGN (0x4)
                0x08006654                        PROVIDE (__init_array_start = .)
 *(SORT_BY_NAME(.init_array.*))
 *(.init_array*)
 .init_array    0x08006654        0x4 C:/ST/STM32CubeIDE_1.15.0/STM32CubeIDE/plugins/com.st.stm32cube.ide.mcu.externaltools.gnu-tools-for-stm32.12.3.rel1.win32_1.0.100.202403111256/tools/bin/../lib/gcc/arm-none-eabi/12.3.1/thumb/v7-m/nofp/crtbegin.o
                0x08006658                        PROVIDE (__init_array_end = .)
                0x08006658                        . = ALIGN (0x4)

.fini_array     0x08006658        0x4
                0x08006658                        . = ALIGN (0x4)
                [!provide]                        PROVIDE (__fini_array_start = .)
 *(SORT_BY_NAME(.fini_array.*))
 *(.fini_array*)
 .fini_array    0x08006658        0x4 C:/ST/STM32CubeIDE_1.15.0/STM32CubeIDE/plugins/com.st.stm32cube.ide.mcu.externaltools.gnu-tools-for-stm32.12.3.rel1.win32_1.0.100.202403111256/tools/bin/../lib/gcc/arm-none-eabi/12.3.1/thumb/v7-m/nofp/crtbegin.o
                [!provide]                        PROVIDE (__fini_array_end = .)
                0x0800665c                        . = ALIGN (0x4)
                0x0800665c                        _sidata = LOADADDR (.data)

.rel.dyn        0x0800665c        0x0
 .rel.iplt      0x0800665c        0x0 C:/ST/STM32CubeIDE_1.15.0/STM32CubeIDE/plugins/com.st.stm32cube.ide.mcu.externaltools.gnu-tools-for-stm32.12.3.rel1.win32_1.0.100.202403111256/tools/bin/../lib/gcc/arm-none-eabi/12.3.1/thumb/v7-m/nofp/crtbegin.o

.data           0x20000000      0x10c load address 0x0800665c
                0x20000000                        . = ALIGN (0x4)
                0x20000000                        _sdata = .
 *(.data)
 *(.data*)
 .data.tx_addr_0
                0x20000000        0x3 ./Core/Src/kombo_nrf24.o
                0x20000000                tx_addr_0
 *fill*         0x20000003        0x1 
 .data.tx_addr_1
                0x20000004        0x3 ./Core/Src/kombo_nrf24.o
                0x20000004                tx_addr_1
 *fill*         0x20000007        0x1 
 .data.char_to_send
                0x20000008       0x14 ./Core/Src/main.o
                0x20000008                char_to_send
 .data.slave_addrs
                0x2000001c       0x14 ./Core/Src/main.o
                0x2000001c                slave_addrs
 .data.slave_nums
                0x20000030       0x14 ./Core/Src/main.o
                0x20000030                slave_nums
 .data.string_0
                0x20000044       0x15 ./Core/Src/main.o
                0x20000044                string_0
 *fill*         0x20000059        0x3 
 .data.string_1
                0x2000005c       0x15 ./Core/Src/main.o
                0x2000005c                string_1
 *fill*         0x20000071        0x3 
 .data.string_2
                0x20000074       0x15 ./Core/Src/main.o
                0x20000074                string_2
 *fill*         0x20000089        0x3 
 .data.string_3
                0x2000008c       0x15 ./Core/Src/main.o
                0x2000008c                string_3
 *fill*         0x200000a1        0x3 
 .data.SystemCoreClock
                0x200000a4        0x4 ./Core/Src/system_stm32f1xx.o
                0x200000a4                SystemCoreClock
 .data.uwTickPrio
                0x200000a8        0x4 ./Drivers/STM32F1xx_HAL_Driver/stm32f1xx_hal.o
                0x200000a8                uwTickPrio
 .data.uwTickFreq
                0x200000ac        0x1 ./Drivers/STM32F1xx_HAL_Driver/stm32f1xx_hal.o
                0x200000ac                uwTickFreq
 *fill*         0x200000ad        0x3 
 .data.__sglue  0x200000b0        0xc C:/ST/STM32CubeIDE_1.15.0/STM32CubeIDE/plugins/com.st.stm32cube.ide.mcu.externaltools.gnu-tools-for-stm32.12.3.rel1.win32_1.0.100.202403111256/tools/bin/../lib/gcc/arm-none-eabi/12.3.1/../../../../arm-none-eabi/lib/thumb/v7-m/nofp\libc_nano.a(libc_a-findfp.o)
                0x200000b0                __sglue
 .data._impure_ptr
                0x200000bc        0x4 C:/ST/STM32CubeIDE_1.15.0/STM32CubeIDE/plugins/com.st.stm32cube.ide.mcu.externaltools.gnu-tools-for-stm32.12.3.rel1.win32_1.0.100.202403111256/tools/bin/../lib/gcc/arm-none-eabi/12.3.1/../../../../arm-none-eabi/lib/thumb/v7-m/nofp\libc_nano.a(libc_a-impure.o)
                0x200000bc                _impure_ptr
 .data._impure_data
                0x200000c0       0x4c C:/ST/STM32CubeIDE_1.15.0/STM32CubeIDE/plugins/com.st.stm32cube.ide.mcu.externaltools.gnu-tools-for-stm32.12.3.rel1.win32_1.0.100.202403111256/tools/bin/../lib/gcc/arm-none-eabi/12.3.1/../../../../arm-none-eabi/lib/thumb/v7-m/nofp\libc_nano.a(libc_a-impure.o)
                0x200000c0                _impure_data
 *(.RamFunc)
 *(.RamFunc*)
                0x2000010c                        . = ALIGN (0x4)
                0x2000010c                        _edata = .

.igot.plt       0x2000010c        0x0 load address 0x08006768
 .igot.plt      0x2000010c        0x0 C:/ST/STM32CubeIDE_1.15.0/STM32CubeIDE/plugins/com.st.stm32cube.ide.mcu.externaltools.gnu-tools-for-stm32.12.3.rel1.win32_1.0.100.202403111256/tools/bin/../lib/gcc/arm-none-eabi/12.3.1/thumb/v7-m/nofp/crtbegin.o
                0x2000010c                        . = ALIGN (0x4)

.bss            0x2000010c      0x3ec load address 0x08006768
                0x2000010c                        _sbss = .
                0x2000010c                        __bss_start__ = _sbss
 *(.bss)
 .bss           0x2000010c       0x1c C:/ST/STM32CubeIDE_1.15.0/STM32CubeIDE/plugins/com.st.stm32cube.ide.mcu.externaltools.gnu-tools-for-stm32.12.3.rel1.win32_1.0.100.202403111256/tools/bin/../lib/gcc/arm-none-eabi/12.3.1/thumb/v7-m/nofp/crtbegin.o
 *(.bss*)
 .bss.mp3       0x20000128        0xa ./Core/Src/dfplayer.o
                0x20000128                mp3
 *fill*         0x20000132        0x2 
 .bss.hi2c1     0x20000134       0x54 ./Core/Src/i2c.o
                0x20000134                hi2c1
 .bss.rx_buf    0x20000188        0xb ./Core/Src/kombo_nrf24.o
                0x20000188                rx_buf
 *fill*         0x20000193        0x1 
 .bss.tx_buf    0x20000194        0xb ./Core/Src/kombo_nrf24.o
                0x20000194                tx_buf
 .bss.f_rx      0x2000019f        0x1 ./Core/Src/kombo_nrf24.o
                0x2000019f                f_rx
 .bss.f_tx      0x200001a0        0x1 ./Core/Src/kombo_nrf24.o
                0x200001a0                f_tx
 *fill*         0x200001a1        0x3 
 .bss.buf       0x200001a4        0x1 ./Core/Src/lcd.o
                0x200001a4                buf
 .bss.portlcd   0x200001a5        0x1 ./Core/Src/lcd.o
                0x200001a5                portlcd
 *fill*         0x200001a6        0x2 
 .bss.str       0x200001a8       0x40 ./Core/Src/main.o
                0x200001a8                str
 .bss.flags     0x200001e8        0x5 ./Core/Src/main.o
                0x200001e8                flags
 *fill*         0x200001ed        0x3 
 .bss.vars      0x200001f0       0x14 ./Core/Src/main.o
                0x200001f0                vars
 .bss.b_data    0x20000204      0x140 ./Core/Src/main.o
                0x20000204                b_data
 .bss.float_to_byte
                0x20000344        0x4 ./Core/Src/main.o
                0x20000344                float_to_byte
 .bss.hspi2     0x20000348       0x58 ./Core/Src/spi.o
                0x20000348                hspi2
 .bss.f_usart_command
                0x200003a0        0x1 ./Core/Src/stm32f1xx_it.o
                0x200003a0                f_usart_command
 *fill*         0x200003a1        0x3 
 .bss.__sbrk_heap_end
                0x200003a4        0x4 ./Core/Src/sysmem.o
 .bss.uwTick    0x200003a8        0x4 ./Drivers/STM32F1xx_HAL_Driver/stm32f1xx_hal.o
                0x200003a8                uwTick
 .bss.__malloc_sbrk_start
                0x200003ac        0x4 C:/ST/STM32CubeIDE_1.15.0/STM32CubeIDE/plugins/com.st.stm32cube.ide.mcu.externaltools.gnu-tools-for-stm32.12.3.rel1.win32_1.0.100.202403111256/tools/bin/../lib/gcc/arm-none-eabi/12.3.1/../../../../arm-none-eabi/lib/thumb/v7-m/nofp\libc_nano.a(libc_a-mallocr.o)
                0x200003ac                __malloc_sbrk_start
 .bss.__malloc_free_list
                0x200003b0        0x4 C:/ST/STM32CubeIDE_1.15.0/STM32CubeIDE/plugins/com.st.stm32cube.ide.mcu.externaltools.gnu-tools-for-stm32.12.3.rel1.win32_1.0.100.202403111256/tools/bin/../lib/gcc/arm-none-eabi/12.3.1/../../../../arm-none-eabi/lib/thumb/v7-m/nofp\libc_nano.a(libc_a-mallocr.o)
                0x200003b0                __malloc_free_list
 .bss.__sf      0x200003b4      0x138 C:/ST/STM32CubeIDE_1.15.0/STM32CubeIDE/plugins/com.st.stm32cube.ide.mcu.externaltools.gnu-tools-for-stm32.12.3.rel1.win32_1.0.100.202403111256/tools/bin/../lib/gcc/arm-none-eabi/12.3.1/../../../../arm-none-eabi/lib/thumb/v7-m/nofp\libc_nano.a(libc_a-findfp.o)
                0x200003b4                __sf
 .bss.__stdio_exit_handler
                0x200004ec        0x4 C:/ST/STM32CubeIDE_1.15.0/STM32CubeIDE/plugins/com.st.stm32cube.ide.mcu.externaltools.gnu-tools-for-stm32.12.3.rel1.win32_1.0.100.202403111256/tools/bin/../lib/gcc/arm-none-eabi/12.3.1/../../../../arm-none-eabi/lib/thumb/v7-m/nofp\libc_nano.a(libc_a-findfp.o)
                0x200004ec                __stdio_exit_handler
 .bss.errno     0x200004f0        0x4 C:/ST/STM32CubeIDE_1.15.0/STM32CubeIDE/plugins/com.st.stm32cube.ide.mcu.externaltools.gnu-tools-for-stm32.12.3.rel1.win32_1.0.100.202403111256/tools/bin/../lib/gcc/arm-none-eabi/12.3.1/../../../../arm-none-eabi/lib/thumb/v7-m/nofp\libc_nano.a(libc_a-reent.o)
                0x200004f0                errno
 .bss.__lock___malloc_recursive_mutex
                0x200004f4        0x1 C:/ST/STM32CubeIDE_1.15.0/STM32CubeIDE/plugins/com.st.stm32cube.ide.mcu.externaltools.gnu-tools-for-stm32.12.3.rel1.win32_1.0.100.202403111256/tools/bin/../lib/gcc/arm-none-eabi/12.3.1/../../../../arm-none-eabi/lib/thumb/v7-m/nofp\libc_nano.a(libc_a-lock.o)
                0x200004f4                __lock___malloc_recursive_mutex
 .bss.__lock___sfp_recursive_mutex
                0x200004f5        0x1 C:/ST/STM32CubeIDE_1.15.0/STM32CubeIDE/plugins/com.st.stm32cube.ide.mcu.externaltools.gnu-tools-for-stm32.12.3.rel1.win32_1.0.100.202403111256/tools/bin/../lib/gcc/arm-none-eabi/12.3.1/../../../../arm-none-eabi/lib/thumb/v7-m/nofp\libc_nano.a(libc_a-lock.o)
                0x200004f5                __lock___sfp_recursive_mutex
 *(COMMON)
                0x200004f8                        . = ALIGN (0x4)
 *fill*         0x200004f6        0x2 
                0x200004f8                        _ebss = .
                0x200004f8                        __bss_end__ = _ebss

._user_heap_stack
                0x200004f8      0x600 load address 0x08006768
                0x200004f8                        . = ALIGN (0x8)
                [!provide]                        PROVIDE (end = .)
                0x200004f8                        PROVIDE (_end = .)
                0x200006f8                        . = (. + _Min_Heap_Size)
 *fill*         0x200004f8      0x200 
                0x20000af8                        . = (. + _Min_Stack_Size)
 *fill*         0x200006f8      0x400 
                0x20000af8                        . = ALIGN (0x8)

/DISCARD/
 libc.a(*)
 libm.a(*)
 libgcc.a(*)

.ARM.attributes
                0x00000000       0x29
 *(.ARM.attributes)
 .ARM.attributes
                0x00000000       0x1d C:/ST/STM32CubeIDE_1.15.0/STM32CubeIDE/plugins/com.st.stm32cube.ide.mcu.externaltools.gnu-tools-for-stm32.12.3.rel1.win32_1.0.100.202403111256/tools/bin/../lib/gcc/arm-none-eabi/12.3.1/thumb/v7-m/nofp/crti.o
 .ARM.attributes
                0x0000001d       0x2d C:/ST/STM32CubeIDE_1.15.0/STM32CubeIDE/plugins/com.st.stm32cube.ide.mcu.externaltools.gnu-tools-for-stm32.12.3.rel1.win32_1.0.100.202403111256/tools/bin/../lib/gcc/arm-none-eabi/12.3.1/thumb/v7-m/nofp/crtbegin.o
 .ARM.attributes
                0x0000004a       0x2d ./Core/Src/dfplayer.o
 .ARM.attributes
                0x00000077       0x2d ./Core/Src/gpio.o
 .ARM.attributes
                0x000000a4       0x2d ./Core/Src/i2c.o
 .ARM.attributes
                0x000000d1       0x2d ./Core/Src/iwdg.o
 .ARM.attributes
                0x000000fe       0x2d ./Core/Src/kombo_nrf24.o
 .ARM.attributes
                0x0000012b       0x2d ./Core/Src/kombo_spi.o
 .ARM.attributes
                0x00000158       0x2d ./Core/Src/kombo_usart.o
 .ARM.attributes
                0x00000185       0x2d ./Core/Src/lcd.o
 .ARM.attributes
                0x000001b2       0x2d ./Core/Src/main.o
 .ARM.attributes
                0x000001df       0x2d ./Core/Src/spi.o
 .ARM.attributes
                0x0000020c       0x2d ./Core/Src/stm32f1xx_hal_msp.o
 .ARM.attributes
                0x00000239       0x2d ./Core/Src/stm32f1xx_it.o
 .ARM.attributes
                0x00000266       0x2d ./Core/Src/syscalls.o
 .ARM.attributes
                0x00000293       0x2d ./Core/Src/sysmem.o
 .ARM.attributes
                0x000002c0       0x2d ./Core/Src/system_stm32f1xx.o
 .ARM.attributes
                0x000002ed       0x2d ./Core/Src/tim.o
 .ARM.attributes
                0x0000031a       0x2d ./Core/Src/usart.o
 .ARM.attributes
                0x00000347       0x21 ./Core/Startup/startup_stm32f103c8tx.o
 .ARM.attributes
                0x00000368       0x2d ./Drivers/STM32F1xx_HAL_Driver/stm32f1xx_hal.o
 .ARM.attributes
                0x00000395       0x2d ./Drivers/STM32F1xx_HAL_Driver/stm32f1xx_hal_cortex.o
 .ARM.attributes
                0x000003c2       0x2d ./Drivers/STM32F1xx_HAL_Driver/stm32f1xx_hal_gpio.o
 .ARM.attributes
                0x000003ef       0x2d ./Drivers/STM32F1xx_HAL_Driver/stm32f1xx_hal_i2c.o
 .ARM.attributes
                0x0000041c       0x2d ./Drivers/STM32F1xx_HAL_Driver/stm32f1xx_hal_rcc.o
 .ARM.attributes
                0x00000449       0x2d ./Drivers/STM32F1xx_HAL_Driver/stm32f1xx_hal_spi.o
 .ARM.attributes
                0x00000476       0x2d ./Drivers/STM32F1xx_HAL_Driver/stm32f1xx_ll_exti.o
 .ARM.attributes
                0x000004a3       0x2d ./Drivers/STM32F1xx_HAL_Driver/stm32f1xx_ll_gpio.o
 .ARM.attributes
                0x000004d0       0x2d ./Drivers/STM32F1xx_HAL_Driver/stm32f1xx_ll_rcc.o
 .ARM.attributes
                0x000004fd       0x2d ./Drivers/STM32F1xx_HAL_Driver/stm32f1xx_ll_spi.o
 .ARM.attributes
                0x0000052a       0x2d ./Drivers/STM32F1xx_HAL_Driver/stm32f1xx_ll_tim.o
 .ARM.attributes
                0x00000557       0x2d ./Drivers/STM32F1xx_HAL_Driver/stm32f1xx_ll_usart.o
 .ARM.attributes
                0x00000584       0x2d ./Drivers/STM32F1xx_HAL_Driver/stm32f1xx_ll_utils.o
 .ARM.attributes
                0x000005b1       0x2d C:/ST/STM32CubeIDE_1.15.0/STM32CubeIDE/plugins/com.st.stm32cube.ide.mcu.externaltools.gnu-tools-for-stm32.12.3.rel1.win32_1.0.100.202403111256/tools/bin/../lib/gcc/arm-none-eabi/12.3.1/../../../../arm-none-eabi/lib/thumb/v7-m/nofp\libc_nano.a(libc_a-malloc.o)
 .ARM.attributes
                0x000005de       0x2d C:/ST/STM32CubeIDE_1.15.0/STM32CubeIDE/plugins/com.st.stm32cube.ide.mcu.externaltools.gnu-tools-for-stm32.12.3.rel1.win32_1.0.100.202403111256/tools/bin/../lib/gcc/arm-none-eabi/12.3.1/../../../../arm-none-eabi/lib/thumb/v7-m/nofp\libc_nano.a(libc_a-mallocr.o)
 .ARM.attributes
                0x0000060b       0x2d C:/ST/STM32CubeIDE_1.15.0/STM32CubeIDE/plugins/com.st.stm32cube.ide.mcu.externaltools.gnu-tools-for-stm32.12.3.rel1.win32_1.0.100.202403111256/tools/bin/../lib/gcc/arm-none-eabi/12.3.1/../../../../arm-none-eabi/lib/thumb/v7-m/nofp\libc_nano.a(libc_a-mlock.o)
 .ARM.attributes
                0x00000638       0x2d C:/ST/STM32CubeIDE_1.15.0/STM32CubeIDE/plugins/com.st.stm32cube.ide.mcu.externaltools.gnu-tools-for-stm32.12.3.rel1.win32_1.0.100.202403111256/tools/bin/../lib/gcc/arm-none-eabi/12.3.1/../../../../arm-none-eabi/lib/thumb/v7-m/nofp\libc_nano.a(libc_a-rand.o)
 .ARM.attributes
                0x00000665       0x2d C:/ST/STM32CubeIDE_1.15.0/STM32CubeIDE/plugins/com.st.stm32cube.ide.mcu.externaltools.gnu-tools-for-stm32.12.3.rel1.win32_1.0.100.202403111256/tools/bin/../lib/gcc/arm-none-eabi/12.3.1/../../../../arm-none-eabi/lib/thumb/v7-m/nofp\libc_nano.a(libc_a-findfp.o)
 .ARM.attributes
                0x00000692       0x2d C:/ST/STM32CubeIDE_1.15.0/STM32CubeIDE/plugins/com.st.stm32cube.ide.mcu.externaltools.gnu-tools-for-stm32.12.3.rel1.win32_1.0.100.202403111256/tools/bin/../lib/gcc/arm-none-eabi/12.3.1/../../../../arm-none-eabi/lib/thumb/v7-m/nofp\libc_nano.a(libc_a-fwalk.o)
 .ARM.attributes
                0x000006bf       0x2d C:/ST/STM32CubeIDE_1.15.0/STM32CubeIDE/plugins/com.st.stm32cube.ide.mcu.externaltools.gnu-tools-for-stm32.12.3.rel1.win32_1.0.100.202403111256/tools/bin/../lib/gcc/arm-none-eabi/12.3.1/../../../../arm-none-eabi/lib/thumb/v7-m/nofp\libc_nano.a(libc_a-sprintf.o)
 .ARM.attributes
                0x000006ec       0x2d C:/ST/STM32CubeIDE_1.15.0/STM32CubeIDE/plugins/com.st.stm32cube.ide.mcu.externaltools.gnu-tools-for-stm32.12.3.rel1.win32_1.0.100.202403111256/tools/bin/../lib/gcc/arm-none-eabi/12.3.1/../../../../arm-none-eabi/lib/thumb/v7-m/nofp\libc_nano.a(libc_a-stdio.o)
 .ARM.attributes
                0x00000719       0x2d C:/ST/STM32CubeIDE_1.15.0/STM32CubeIDE/plugins/com.st.stm32cube.ide.mcu.externaltools.gnu-tools-for-stm32.12.3.rel1.win32_1.0.100.202403111256/tools/bin/../lib/gcc/arm-none-eabi/12.3.1/../../../../arm-none-eabi/lib/thumb/v7-m/nofp\libc_nano.a(libc_a-memset.o)
 .ARM.attributes
                0x00000746       0x2d C:/ST/STM32CubeIDE_1.15.0/STM32CubeIDE/plugins/com.st.stm32cube.ide.mcu.externaltools.gnu-tools-for-stm32.12.3.rel1.win32_1.0.100.202403111256/tools/bin/../lib/gcc/arm-none-eabi/12.3.1/../../../../arm-none-eabi/lib/thumb/v7-m/nofp\libc_nano.a(libc_a-closer.o)
 .ARM.attributes
                0x00000773       0x2d C:/ST/STM32CubeIDE_1.15.0/STM32CubeIDE/plugins/com.st.stm32cube.ide.mcu.externaltools.gnu-tools-for-stm32.12.3.rel1.win32_1.0.100.202403111256/tools/bin/../lib/gcc/arm-none-eabi/12.3.1/../../../../arm-none-eabi/lib/thumb/v7-m/nofp\libc_nano.a(libc_a-reent.o)
 .ARM.attributes
                0x000007a0       0x2d C:/ST/STM32CubeIDE_1.15.0/STM32CubeIDE/plugins/com.st.stm32cube.ide.mcu.externaltools.gnu-tools-for-stm32.12.3.rel1.win32_1.0.100.202403111256/tools/bin/../lib/gcc/arm-none-eabi/12.3.1/../../../../arm-none-eabi/lib/thumb/v7-m/nofp\libc_nano.a(libc_a-impure.o)
 .ARM.attributes
                0x000007cd       0x2d C:/ST/STM32CubeIDE_1.15.0/STM32CubeIDE/plugins/com.st.stm32cube.ide.mcu.externaltools.gnu-tools-for-stm32.12.3.rel1.win32_1.0.100.202403111256/tools/bin/../lib/gcc/arm-none-eabi/12.3.1/../../../../arm-none-eabi/lib/thumb/v7-m/nofp\libc_nano.a(libc_a-lseekr.o)
 .ARM.attributes
                0x000007fa       0x2d C:/ST/STM32CubeIDE_1.15.0/STM32CubeIDE/plugins/com.st.stm32cube.ide.mcu.externaltools.gnu-tools-for-stm32.12.3.rel1.win32_1.0.100.202403111256/tools/bin/../lib/gcc/arm-none-eabi/12.3.1/../../../../arm-none-eabi/lib/thumb/v7-m/nofp\libc_nano.a(libc_a-readr.o)
 .ARM.attributes
                0x00000827       0x2d C:/ST/STM32CubeIDE_1.15.0/STM32CubeIDE/plugins/com.st.stm32cube.ide.mcu.externaltools.gnu-tools-for-stm32.12.3.rel1.win32_1.0.100.202403111256/tools/bin/../lib/gcc/arm-none-eabi/12.3.1/../../../../arm-none-eabi/lib/thumb/v7-m/nofp\libc_nano.a(libc_a-sbrkr.o)
 .ARM.attributes
                0x00000854       0x2d C:/ST/STM32CubeIDE_1.15.0/STM32CubeIDE/plugins/com.st.stm32cube.ide.mcu.externaltools.gnu-tools-for-stm32.12.3.rel1.win32_1.0.100.202403111256/tools/bin/../lib/gcc/arm-none-eabi/12.3.1/../../../../arm-none-eabi/lib/thumb/v7-m/nofp\libc_nano.a(libc_a-writer.o)
 .ARM.attributes
                0x00000881       0x2d C:/ST/STM32CubeIDE_1.15.0/STM32CubeIDE/plugins/com.st.stm32cube.ide.mcu.externaltools.gnu-tools-for-stm32.12.3.rel1.win32_1.0.100.202403111256/tools/bin/../lib/gcc/arm-none-eabi/12.3.1/../../../../arm-none-eabi/lib/thumb/v7-m/nofp\libc_nano.a(libc_a-errno.o)
 .ARM.attributes
                0x000008ae       0x2d C:/ST/STM32CubeIDE_1.15.0/STM32CubeIDE/plugins/com.st.stm32cube.ide.mcu.externaltools.gnu-tools-for-stm32.12.3.rel1.win32_1.0.100.202403111256/tools/bin/../lib/gcc/arm-none-eabi/12.3.1/../../../../arm-none-eabi/lib/thumb/v7-m/nofp\libc_nano.a(libc_a-init.o)
 .ARM.attributes
                0x000008db       0x2d C:/ST/STM32CubeIDE_1.15.0/STM32CubeIDE/plugins/com.st.stm32cube.ide.mcu.externaltools.gnu-tools-for-stm32.12.3.rel1.win32_1.0.100.202403111256/tools/bin/../lib/gcc/arm-none-eabi/12.3.1/../../../../arm-none-eabi/lib/thumb/v7-m/nofp\libc_nano.a(libc_a-lock.o)
 .ARM.attributes
                0x00000908       0x17 C:/ST/STM32CubeIDE_1.15.0/STM32CubeIDE/plugins/com.st.stm32cube.ide.mcu.externaltools.gnu-tools-for-stm32.12.3.rel1.win32_1.0.100.202403111256/tools/bin/../lib/gcc/arm-none-eabi/12.3.1/../../../../arm-none-eabi/lib/thumb/v7-m/nofp\libc_nano.a(libc_a-strlen.o)
 .ARM.attributes
                0x0000091f       0x2d C:/ST/STM32CubeIDE_1.15.0/STM32CubeIDE/plugins/com.st.stm32cube.ide.mcu.externaltools.gnu-tools-for-stm32.12.3.rel1.win32_1.0.100.202403111256/tools/bin/../lib/gcc/arm-none-eabi/12.3.1/../../../../arm-none-eabi/lib/thumb/v7-m/nofp\libc_nano.a(libc_a-assert.o)
 .ARM.attributes
                0x0000094c       0x2d C:/ST/STM32CubeIDE_1.15.0/STM32CubeIDE/plugins/com.st.stm32cube.ide.mcu.externaltools.gnu-tools-for-stm32.12.3.rel1.win32_1.0.100.202403111256/tools/bin/../lib/gcc/arm-none-eabi/12.3.1/../../../../arm-none-eabi/lib/thumb/v7-m/nofp\libc_nano.a(libc_a-freer.o)
 .ARM.attributes
                0x00000979       0x2d C:/ST/STM32CubeIDE_1.15.0/STM32CubeIDE/plugins/com.st.stm32cube.ide.mcu.externaltools.gnu-tools-for-stm32.12.3.rel1.win32_1.0.100.202403111256/tools/bin/../lib/gcc/arm-none-eabi/12.3.1/../../../../arm-none-eabi/lib/thumb/v7-m/nofp\libc_nano.a(libc_a-nano-svfprintf.o)
 .ARM.attributes
                0x000009a6       0x2d C:/ST/STM32CubeIDE_1.15.0/STM32CubeIDE/plugins/com.st.stm32cube.ide.mcu.externaltools.gnu-tools-for-stm32.12.3.rel1.win32_1.0.100.202403111256/tools/bin/../lib/gcc/arm-none-eabi/12.3.1/../../../../arm-none-eabi/lib/thumb/v7-m/nofp\libc_nano.a(libc_a-nano-vfprintf_i.o)
 .ARM.attributes
                0x000009d3       0x2d C:/ST/STM32CubeIDE_1.15.0/STM32CubeIDE/plugins/com.st.stm32cube.ide.mcu.externaltools.gnu-tools-for-stm32.12.3.rel1.win32_1.0.100.202403111256/tools/bin/../lib/gcc/arm-none-eabi/12.3.1/../../../../arm-none-eabi/lib/thumb/v7-m/nofp\libc_nano.a(libc_a-fflush.o)
 .ARM.attributes
                0x00000a00       0x2d C:/ST/STM32CubeIDE_1.15.0/STM32CubeIDE/plugins/com.st.stm32cube.ide.mcu.externaltools.gnu-tools-for-stm32.12.3.rel1.win32_1.0.100.202403111256/tools/bin/../lib/gcc/arm-none-eabi/12.3.1/../../../../arm-none-eabi/lib/thumb/v7-m/nofp\libc_nano.a(libc_a-fprintf.o)
 .ARM.attributes
                0x00000a2d       0x2d C:/ST/STM32CubeIDE_1.15.0/STM32CubeIDE/plugins/com.st.stm32cube.ide.mcu.externaltools.gnu-tools-for-stm32.12.3.rel1.win32_1.0.100.202403111256/tools/bin/../lib/gcc/arm-none-eabi/12.3.1/../../../../arm-none-eabi/lib/thumb/v7-m/nofp\libc_nano.a(libc_a-memmove.o)
 .ARM.attributes
                0x00000a5a       0x2d C:/ST/STM32CubeIDE_1.15.0/STM32CubeIDE/plugins/com.st.stm32cube.ide.mcu.externaltools.gnu-tools-for-stm32.12.3.rel1.win32_1.0.100.202403111256/tools/bin/../lib/gcc/arm-none-eabi/12.3.1/../../../../arm-none-eabi/lib/thumb/v7-m/nofp\libc_nano.a(libc_a-memchr-stub.o)
 .ARM.attributes
                0x00000a87       0x2d C:/ST/STM32CubeIDE_1.15.0/STM32CubeIDE/plugins/com.st.stm32cube.ide.mcu.externaltools.gnu-tools-for-stm32.12.3.rel1.win32_1.0.100.202403111256/tools/bin/../lib/gcc/arm-none-eabi/12.3.1/../../../../arm-none-eabi/lib/thumb/v7-m/nofp\libc_nano.a(libc_a-memcpy-stub.o)
 .ARM.attributes
                0x00000ab4       0x2d C:/ST/STM32CubeIDE_1.15.0/STM32CubeIDE/plugins/com.st.stm32cube.ide.mcu.externaltools.gnu-tools-for-stm32.12.3.rel1.win32_1.0.100.202403111256/tools/bin/../lib/gcc/arm-none-eabi/12.3.1/../../../../arm-none-eabi/lib/thumb/v7-m/nofp\libc_nano.a(libc_a-abort.o)
 .ARM.attributes
                0x00000ae1       0x2d C:/ST/STM32CubeIDE_1.15.0/STM32CubeIDE/plugins/com.st.stm32cube.ide.mcu.externaltools.gnu-tools-for-stm32.12.3.rel1.win32_1.0.100.202403111256/tools/bin/../lib/gcc/arm-none-eabi/12.3.1/../../../../arm-none-eabi/lib/thumb/v7-m/nofp\libc_nano.a(libc_a-reallocr.o)
 .ARM.attributes
                0x00000b0e       0x2d C:/ST/STM32CubeIDE_1.15.0/STM32CubeIDE/plugins/com.st.stm32cube.ide.mcu.externaltools.gnu-tools-for-stm32.12.3.rel1.win32_1.0.100.202403111256/tools/bin/../lib/gcc/arm-none-eabi/12.3.1/../../../../arm-none-eabi/lib/thumb/v7-m/nofp\libc_nano.a(libc_a-nano-vfprintf.o)
 .ARM.attributes
                0x00000b3b       0x2d C:/ST/STM32CubeIDE_1.15.0/STM32CubeIDE/plugins/com.st.stm32cube.ide.mcu.externaltools.gnu-tools-for-stm32.12.3.rel1.win32_1.0.100.202403111256/tools/bin/../lib/gcc/arm-none-eabi/12.3.1/../../../../arm-none-eabi/lib/thumb/v7-m/nofp\libc_nano.a(libc_a-wbuf.o)
 .ARM.attributes
                0x00000b68       0x2d C:/ST/STM32CubeIDE_1.15.0/STM32CubeIDE/plugins/com.st.stm32cube.ide.mcu.externaltools.gnu-tools-for-stm32.12.3.rel1.win32_1.0.100.202403111256/tools/bin/../lib/gcc/arm-none-eabi/12.3.1/../../../../arm-none-eabi/lib/thumb/v7-m/nofp\libc_nano.a(libc_a-wsetup.o)
 .ARM.attributes
                0x00000b95       0x2d C:/ST/STM32CubeIDE_1.15.0/STM32CubeIDE/plugins/com.st.stm32cube.ide.mcu.externaltools.gnu-tools-for-stm32.12.3.rel1.win32_1.0.100.202403111256/tools/bin/../lib/gcc/arm-none-eabi/12.3.1/../../../../arm-none-eabi/lib/thumb/v7-m/nofp\libc_nano.a(libc_a-signal.o)
 .ARM.attributes
                0x00000bc2       0x2d C:/ST/STM32CubeIDE_1.15.0/STM32CubeIDE/plugins/com.st.stm32cube.ide.mcu.externaltools.gnu-tools-for-stm32.12.3.rel1.win32_1.0.100.202403111256/tools/bin/../lib/gcc/arm-none-eabi/12.3.1/../../../../arm-none-eabi/lib/thumb/v7-m/nofp\libc_nano.a(libc_a-signalr.o)
 .ARM.attributes
                0x00000bef       0x2d C:/ST/STM32CubeIDE_1.15.0/STM32CubeIDE/plugins/com.st.stm32cube.ide.mcu.externaltools.gnu-tools-for-stm32.12.3.rel1.win32_1.0.100.202403111256/tools/bin/../lib/gcc/arm-none-eabi/12.3.1/../../../../arm-none-eabi/lib/thumb/v7-m/nofp\libc_nano.a(libc_a-msizer.o)
 .ARM.attributes
                0x00000c1c       0x2d C:/ST/STM32CubeIDE_1.15.0/STM32CubeIDE/plugins/com.st.stm32cube.ide.mcu.externaltools.gnu-tools-for-stm32.12.3.rel1.win32_1.0.100.202403111256/tools/bin/../lib/gcc/arm-none-eabi/12.3.1/../../../../arm-none-eabi/lib/thumb/v7-m/nofp\libc_nano.a(libc_a-makebuf.o)
 .ARM.attributes
                0x00000c49       0x2d C:/ST/STM32CubeIDE_1.15.0/STM32CubeIDE/plugins/com.st.stm32cube.ide.mcu.externaltools.gnu-tools-for-stm32.12.3.rel1.win32_1.0.100.202403111256/tools/bin/../lib/gcc/arm-none-eabi/12.3.1/../../../../arm-none-eabi/lib/thumb/v7-m/nofp\libc_nano.a(libc_a-fstatr.o)
 .ARM.attributes
                0x00000c76       0x2d C:/ST/STM32CubeIDE_1.15.0/STM32CubeIDE/plugins/com.st.stm32cube.ide.mcu.externaltools.gnu-tools-for-stm32.12.3.rel1.win32_1.0.100.202403111256/tools/bin/../lib/gcc/arm-none-eabi/12.3.1/../../../../arm-none-eabi/lib/thumb/v7-m/nofp\libc_nano.a(libc_a-isattyr.o)
 .ARM.attributes
                0x00000ca3       0x1d C:/ST/STM32CubeIDE_1.15.0/STM32CubeIDE/plugins/com.st.stm32cube.ide.mcu.externaltools.gnu-tools-for-stm32.12.3.rel1.win32_1.0.100.202403111256/tools/bin/../lib/gcc/arm-none-eabi/12.3.1/thumb/v7-m/nofp/crtn.o