Archive member included to satisfy reference by file (symbol)

C:/ST/STM32CubeIDE_1.15.0/STM32CubeIDE/plugins/com.st.stm32cube.ide.mcu.externaltools.gnu-tools-for-stm32.12.3.rel1.win32_1.0.100.202403111256/tools/bin/../lib/gcc/arm-none-eabi/12.3.1/../../../../arm-none-eabi/lib/thumb/v6-m/nofp\libc_nano.a(libc_a-exit.o)
                              C:/ST/STM32CubeIDE_1.15.0/STM32CubeIDE/plugins/com.st.stm32cube.ide.mcu.externaltools.gnu-tools-for-stm32.12.3.rel1.win32_1.0.100.202403111256/tools/bin/../lib/gcc/arm-none-eabi/12.3.1/../../../../arm-none-eabi/lib/thumb/v6-m/nofp/crt0.o (exit)
C:/ST/STM32CubeIDE_1.15.0/STM32CubeIDE/plugins/com.st.stm32cube.ide.mcu.externaltools.gnu-tools-for-stm32.12.3.rel1.win32_1.0.100.202403111256/tools/bin/../lib/gcc/arm-none-eabi/12.3.1/../../../../arm-none-eabi/lib/thumb/v6-m/nofp\libc_nano.a(libc_a-findfp.o)
                              C:/ST/STM32CubeIDE_1.15.0/STM32CubeIDE/plugins/com.st.stm32cube.ide.mcu.externaltools.gnu-tools-for-stm32.12.3.rel1.win32_1.0.100.202403111256/tools/bin/../lib/gcc/arm-none-eabi/12.3.1/../../../../arm-none-eabi/lib/thumb/v6-m/nofp\libc_nano.a(libc_a-exit.o) (__stdio_exit_handler)
C:/ST/STM32CubeIDE_1.15.0/STM32CubeIDE/plugins/com.st.stm32cube.ide.mcu.externaltools.gnu-tools-for-stm32.12.3.rel1.win32_1.0.100.202403111256/tools/bin/../lib/gcc/arm-none-eabi/12.3.1/../../../../arm-none-eabi/lib/thumb/v6-m/nofp\libc_nano.a(libc_a-fwalk.o)
                              C:/ST/STM32CubeIDE_1.15.0/STM32CubeIDE/plugins/com.st.stm32cube.ide.mcu.externaltools.gnu-tools-for-stm32.12.3.rel1.win32_1.0.100.202403111256/tools/bin/../lib/gcc/arm-none-eabi/12.3.1/../../../../arm-none-eabi/lib/thumb/v6-m/nofp\libc_nano.a(libc_a-findfp.o) (_fwalk_sglue)
C:/ST/STM32CubeIDE_1.15.0/STM32CubeIDE/plugins/com.st.stm32cube.ide.mcu.externaltools.gnu-tools-for-stm32.12.3.rel1.win32_1.0.100.202403111256/tools/bin/../lib/gcc/arm-none-eabi/12.3.1/../../../../arm-none-eabi/lib/thumb/v6-m/nofp\libc_nano.a(libc_a-stdio.o)
                              C:/ST/STM32CubeIDE_1.15.0/STM32CubeIDE/plugins/com.st.stm32cube.ide.mcu.externaltools.gnu-tools-for-stm32.12.3.rel1.win32_1.0.100.202403111256/tools/bin/../lib/gcc/arm-none-eabi/12.3.1/../../../../arm-none-eabi/lib/thumb/v6-m/nofp\libc_nano.a(libc_a-findfp.o) (__sread)
C:/ST/STM32CubeIDE_1.15.0/STM32CubeIDE/plugins/com.st.stm32cube.ide.mcu.externaltools.gnu-tools-for-stm32.12.3.rel1.win32_1.0.100.202403111256/tools/bin/../lib/gcc/arm-none-eabi/12.3.1/../../../../arm-none-eabi/lib/thumb/v6-m/nofp\libc_nano.a(libc_a-memset.o)
                              C:/ST/STM32CubeIDE_1.15.0/STM32CubeIDE/plugins/com.st.stm32cube.ide.mcu.externaltools.gnu-tools-for-stm32.12.3.rel1.win32_1.0.100.202403111256/tools/bin/../lib/gcc/arm-none-eabi/12.3.1/../../../../arm-none-eabi/lib/thumb/v6-m/nofp/crt0.o (memset)
C:/ST/STM32CubeIDE_1.15.0/STM32CubeIDE/plugins/com.st.stm32cube.ide.mcu.externaltools.gnu-tools-for-stm32.12.3.rel1.win32_1.0.100.202403111256/tools/bin/../lib/gcc/arm-none-eabi/12.3.1/../../../../arm-none-eabi/lib/thumb/v6-m/nofp\libc_nano.a(libc_a-closer.o)
                              C:/ST/STM32CubeIDE_1.15.0/STM32CubeIDE/plugins/com.st.stm32cube.ide.mcu.externaltools.gnu-tools-for-stm32.12.3.rel1.win32_1.0.100.202403111256/tools/bin/../lib/gcc/arm-none-eabi/12.3.1/../../../../arm-none-eabi/lib/thumb/v6-m/nofp\libc_nano.a(libc_a-stdio.o) (_close_r)
C:/ST/STM32CubeIDE_1.15.0/STM32CubeIDE/plugins/com.st.stm32cube.ide.mcu.externaltools.gnu-tools-for-stm32.12.3.rel1.win32_1.0.100.202403111256/tools/bin/../lib/gcc/arm-none-eabi/12.3.1/../../../../arm-none-eabi/lib/thumb/v6-m/nofp\libc_nano.a(libc_a-reent.o)
                              C:/ST/STM32CubeIDE_1.15.0/STM32CubeIDE/plugins/com.st.stm32cube.ide.mcu.externaltools.gnu-tools-for-stm32.12.3.rel1.win32_1.0.100.202403111256/tools/bin/../lib/gcc/arm-none-eabi/12.3.1/../../../../arm-none-eabi/lib/thumb/v6-m/nofp\libc_nano.a(libc_a-closer.o) (errno)
C:/ST/STM32CubeIDE_1.15.0/STM32CubeIDE/plugins/com.st.stm32cube.ide.mcu.externaltools.gnu-tools-for-stm32.12.3.rel1.win32_1.0.100.202403111256/tools/bin/../lib/gcc/arm-none-eabi/12.3.1/../../../../arm-none-eabi/lib/thumb/v6-m/nofp\libc_nano.a(libc_a-impure.o)
                              C:/ST/STM32CubeIDE_1.15.0/STM32CubeIDE/plugins/com.st.stm32cube.ide.mcu.externaltools.gnu-tools-for-stm32.12.3.rel1.win32_1.0.100.202403111256/tools/bin/../lib/gcc/arm-none-eabi/12.3.1/../../../../arm-none-eabi/lib/thumb/v6-m/nofp\libc_nano.a(libc_a-reent.o) (_impure_ptr)
C:/ST/STM32CubeIDE_1.15.0/STM32CubeIDE/plugins/com.st.stm32cube.ide.mcu.externaltools.gnu-tools-for-stm32.12.3.rel1.win32_1.0.100.202403111256/tools/bin/../lib/gcc/arm-none-eabi/12.3.1/../../../../arm-none-eabi/lib/thumb/v6-m/nofp\libc_nano.a(libc_a-lseekr.o)
[...]
Memory Configuration

Name             Origin             Length             Attributes
RAM              0x20000000         0x00001000         xrw
FLASH            0x08000000         0x00004000         xr
*default*        0x00000000         0xffffffff

Linker script and memory map

LOAD C:/ST/STM32CubeIDE_1.15.0/STM32CubeIDE/plugins/com.st.stm32cube.ide.mcu.externaltools.gnu-tools-for-stm32.12.3.rel1.win32_1.0.100.202403111256/tools/bin/../lib/gcc/arm-none-eabi/12.3.1/thumb/v6-m/nofp/crti.o
LOAD C:/ST/STM32CubeIDE_1.15.0/STM32CubeIDE/plugins/com.st.stm32cube.ide.mcu.externaltools.gnu-tools-for-stm32.12.3.rel1.win32_1.0.100.202403111256/tools/bin/../lib/gcc/arm-none-eabi/12.3.1/thumb/v6-m/nofp/crtbegin.o
LOAD C:/ST/STM32CubeIDE_1.15.0/STM32CubeIDE/plugins/com.st.stm32cube.ide.mcu.externaltools.gnu-tools-for-stm32.12.3.rel1.win32_1.0.100.202403111256/tools/bin/../lib/gcc/arm-none-eabi/12.3.1/../../../../arm-none-eabi/lib/thumb/v6-m/nofp/crt0.o
LOAD ./Core/Src/adc.o
LOAD ./Core/Src/crc.o
LOAD ./Core/Src/gpio.o
LOAD ./Core/Src/iwdg.o
LOAD ./Core/Src/kombo_nrf24.o
LOAD ./Core/Src/kombo_spi.o
LOAD ./Core/Src/main.o
LOAD ./Core/Src/spi.o
LOAD ./Core/Src/stm32f0xx_it.o
LOAD ./Core/Src/syscalls.o
LOAD ./Core/Src/sysmem.o
LOAD ./Core/Src/system_stm32f0xx.o
LOAD ./Core/Src/tim.o
LOAD ./Core/Startup/startup_stm32f030f4px.o
LOAD ./Drivers/STM32F0xx_HAL_Driver/stm32f0xx_ll_adc.o
LOAD ./Drivers/STM32F0xx_HAL_Driver/stm32f0xx_ll_crc.o
LOAD ./Drivers/STM32F0xx_HAL_Driver/stm32f0xx_ll_dma.o
LOAD ./Drivers/STM32F0xx_HAL_Driver/stm32f0xx_ll_exti.o
LOAD ./Drivers/STM32F0xx_HAL_Driver/stm32f0xx_ll_gpio.o
LOAD ./Drivers/STM32F0xx_HAL_Driver/stm32f0xx_ll_pwr.o
LOAD ./Drivers/STM32F0xx_HAL_Driver/stm32f0xx_ll_rcc.o
LOAD ./Drivers/STM32F0xx_HAL_Driver/stm32f0xx_ll_spi.o
LOAD ./Drivers/STM32F0xx_HAL_Driver/stm32f0xx_ll_tim.o
LOAD ./Drivers/STM32F0xx_HAL_Driver/stm32f0xx_ll_utils.o
START GROUP
LOAD C:/ST/STM32CubeIDE_1.15.0/STM32CubeIDE/plugins/com.st.stm32cube.ide.mcu.externaltools.gnu-tools-for-stm32.12.3.rel1.win32_1.0.100.202403111256/tools/bin/../lib/gcc/arm-none-eabi/12.3.1/../../../../arm-none-eabi/lib/thumb/v6-m/nofp\libc_nano.a
LOAD C:/ST/STM32CubeIDE_1.15.0/STM32CubeIDE/plugins/com.st.stm32cube.ide.mcu.externaltools.gnu-tools-for-stm32.12.3.rel1.win32_1.0.100.202403111256/tools/bin/../lib/gcc/arm-none-eabi/12.3.1/../../../../arm-none-eabi/lib/thumb/v6-m/nofp\libm.a
END GROUP
START GROUP
LOAD C:/ST/STM32CubeIDE_1.15.0/STM32CubeIDE/plugins/com.st.stm32cube.ide.mcu.externaltools.gnu-tools-for-stm32.12.3.rel1.win32_1.0.100.202403111256/tools/bin/../lib/gcc/arm-none-eabi/12.3.1/thumb/v6-m/nofp\libgcc.a
LOAD C:/ST/STM32CubeIDE_1.15.0/STM32CubeIDE/plugins/com.st.stm32cube.ide.mcu.externaltools.gnu-tools-for-stm32.12.3.rel1.win32_1.0.100.202403111256/tools/bin/../lib/gcc/arm-none-eabi/12.3.1/../../../../arm-none-eabi/lib/thumb/v6-m/nofp\libc_nano.a
END GROUP
START GROUP
LOAD C:/ST/STM32CubeIDE_1.15.0/STM32CubeIDE/plugins/com.st.stm32cube.ide.mcu.externaltools.gnu-tools-for-stm32.12.3.rel1.win32_1.0.100.202403111256/tools/bin/../lib/gcc/arm-none-eabi/12.3.1/thumb/v6-m/nofp\libgcc.a
LOAD C:/ST/STM32CubeIDE_1.15.0/STM32CubeIDE/plugins/com.st.stm32cube.ide.mcu.externaltools.gnu-tools-for-stm32.12.3.rel1.win32_1.0.100.202403111256/tools/bin/../lib/gcc/arm-none-eabi/12.3.1/../../../../arm-none-eabi/lib/thumb/v6-m/nofp\libc_nano.a
LOAD C:/ST/STM32CubeIDE_1.15.0/STM32CubeIDE/plugins/com.st.stm32cube.ide.mcu.externaltools.gnu-tools-for-stm32.12.3.rel1.win32_1.0.100.202403111256/tools/bin/../lib/gcc/arm-none-eabi/12.3.1/../../../../arm-none-eabi/lib/thumb/v6-m/nofp\libnosys.a
END GROUP
START GROUP
LOAD C:/ST/STM32CubeIDE_1.15.0/STM32CubeIDE/plugins/com.st.stm32cube.ide.mcu.externaltools.gnu-tools-for-stm32.12.3.rel1.win32_1.0.100.202403111256/tools/bin/../lib/gcc/arm-none-eabi/12.3.1/thumb/v6-m/nofp\libgcc.a
LOAD C:/ST/STM32CubeIDE_1.15.0/STM32CubeIDE/plugins/com.st.stm32cube.ide.mcu.externaltools.gnu-tools-for-stm32.12.3.rel1.win32_1.0.100.202403111256/tools/bin/../lib/gcc/arm-none-eabi/12.3.1/../../../../arm-none-eabi/lib/thumb/v6-m/nofp\libc_nano.a
LOAD C:/ST/STM32CubeIDE_1.15.0/STM32CubeIDE/plugins/com.st.stm32cube.ide.mcu.externaltools.gnu-tools-for-stm32.12.3.rel1.win32_1.0.100.202403111256/tools/bin/../lib/gcc/arm-none-eabi/12.3.1/../../../../arm-none-eabi/lib/thumb/v6-m/nofp\libnosys.a
END GROUP
LOAD C:/ST/STM32CubeIDE_1.15.0/STM32CubeIDE/plugins/com.st.stm32cube.ide.mcu.externaltools.gnu-tools-for-stm32.12.3.rel1.win32_1.0.100.202403111256/tools/bin/../lib/gcc/arm-none-eabi/12.3.1/thumb/v6-m/nofp/crtend.o
LOAD C:/ST/STM32CubeIDE_1.15.0/STM32CubeIDE/plugins/com.st.stm32cube.ide.mcu.externaltools.gnu-tools-for-stm32.12.3.rel1.win32_1.0.100.202403111256/tools/bin/../lib/gcc/arm-none-eabi/12.3.1/thumb/v6-m/nofp/crtn.o
                0x20001000                        _estack = (ORIGIN (RAM) + LENGTH (RAM))
                0x00000200                        _Min_Heap_Size = 0x200
                0x00000400                        _Min_Stack_Size = 0x400

.isr_vector     0x08000000       0xc0
                0x08000000                        . = ALIGN (0x4)
 *(.isr_vector)
 .isr_vector    0x08000000       0xc0 ./Core/Startup/startup_stm32f030f4px.o
                0x08000000                g_pfnVectors
                0x080000c0                        . = ALIGN (0x4)

.text           0x080000c0     0x1b14
                0x080000c0                        . = ALIGN (0x4)
 *(.text)
 .text          0x080000c0       0x48 C:/ST/STM32CubeIDE_1.15.0/STM32CubeIDE/plugins/com.st.stm32cube.ide.mcu.externaltools.gnu-tools-for-stm32.12.3.rel1.win32_1.0.100.202403111256/tools/bin/../lib/gcc/arm-none-eabi/12.3.1/thumb/v6-m/nofp/crtbegin.o
 .text          0x08000108      0x114 C:/ST/STM32CubeIDE_1.15.0/STM32CubeIDE/plugins/com.st.stm32cube.ide.mcu.externaltools.gnu-tools-for-stm32.12.3.rel1.win32_1.0.100.202403111256/tools/bin/../lib/gcc/arm-none-eabi/12.3.1/thumb/v6-m/nofp\libgcc.a(_udivsi3.o)
                0x08000108                __aeabi_uidiv
                0x08000108                __udivsi3
                0x08000214                __aeabi_uidivmod
 .text          0x0800021c        0x4 C:/ST/STM32CubeIDE_1.15.0/STM32CubeIDE/plugins/com.st.stm32cube.ide.mcu.externaltools.gnu-tools-for-stm32.12.3.rel1.win32_1.0.100.202403111256/tools/bin/../lib/gcc/arm-none-eabi/12.3.1/thumb/v6-m/nofp\libgcc.a(_dvmd_tls.o)
                0x0800021c                __aeabi_idiv0
                0x0800021c                __aeabi_ldiv0
 .text          0x08000220      0x240 C:/ST/STM32CubeIDE_1.15.0/STM32CubeIDE/plugins/com.st.stm32cube.ide.mcu.externaltools.gnu-tools-for-stm32.12.3.rel1.win32_1.0.100.202403111256/tools/bin/../lib/gcc/arm-none-eabi/12.3.1/thumb/v6-m/nofp\libgcc.a(divsf3.o)
                0x08000220                __aeabi_fdiv
 .text          0x08000460       0x98 C:/ST/STM32CubeIDE_1.15.0/STM32CubeIDE/plugins/com.st.stm32cube.ide.mcu.externaltools.gnu-tools-for-stm32.12.3.rel1.win32_1.0.100.202403111256/tools/bin/../lib/gcc/arm-none-eabi/12.3.1/thumb/v6-m/nofp\libgcc.a(floatsisf.o)
                0x08000460                __aeabi_i2f
 .text          0x080004f8      0x590 C:/ST/STM32CubeIDE_1.15.0/STM32CubeIDE/plugins/com.st.stm32cube.ide.mcu.externaltools.gnu-tools-for-stm32.12.3.rel1.win32_1.0.100.202403111256/tools/bin/../lib/gcc/arm-none-eabi/12.3.1/thumb/v6-m/nofp\libgcc.a(muldf3.o)
                0x080004f8                __aeabi_dmul
 .text          0x08000a88       0x5c C:/ST/STM32CubeIDE_1.15.0/STM32CubeIDE/plugins/com.st.stm32cube.ide.mcu.externaltools.gnu-tools-for-stm32.12.3.rel1.win32_1.0.100.202403111256/tools/bin/../lib/gcc/arm-none-eabi/12.3.1/thumb/v6-m/nofp\libgcc.a(floatsidf.o)
                0x08000a88                __aeabi_i2d
 .text          0x08000ae4      0x108 C:/ST/STM32CubeIDE_1.15.0/STM32CubeIDE/plugins/com.st.stm32cube.ide.mcu.externaltools.gnu-tools-for-stm32.12.3.rel1.win32_1.0.100.202403111256/tools/bin/../lib/gcc/arm-none-eabi/12.3.1/thumb/v6-m/nofp\libgcc.a(truncdfsf2.o)
                0x08000ae4                __aeabi_d2f
 .text          0x08000bec       0x3c C:/ST/STM32CubeIDE_1.15.0/STM32CubeIDE/plugins/com.st.stm32cube.ide.mcu.externaltools.gnu-tools-for-stm32.12.3.rel1.win32_1.0.100.202403111256/tools/bin/../lib/gcc/arm-none-eabi/12.3.1/thumb/v6-m/nofp\libgcc.a(_clzsi2.o)
                0x08000bec                __clzsi2
 *(.text*)
 .text.MX_ADC_Init
                0x08000c28       0x8c ./Core/Src/adc.o
                0x08000c28                MX_ADC_Init
 .text.MX_CRC_Init
                0x08000cb4       0x38 ./Core/Src/crc.o
                0x08000cb4                MX_CRC_Init
 .text.LL_AHB1_GRP1_EnableClock
                0x08000cec       0x1c ./Core/Src/gpio.o
 .text.MX_GPIO_Init
                0x08000d08      0x114 ./Core/Src/gpio.o
                0x08000d08                MX_GPIO_Init
 .text.MX_IWDG_Init
                0x08000e1c       0x34 ./Core/Src/iwdg.o
                0x08000e1c                MX_IWDG_Init
 .text.delay_us
                0x08000e50       0x28 ./Core/Src/kombo_nrf24.o
 .text.nrf24_read_reg
                0x08000e78       0x20 ./Core/Src/kombo_nrf24.o
                0x08000e78                nrf24_read_reg
 .text.nrf24_write_reg
                0x08000e98       0x1e ./Core/Src/kombo_nrf24.o
                0x08000e98                nrf24_write_reg
 .text.nrf24_toggle_features
                0x08000eb6       0x20 ./Core/Src/kombo_nrf24.o
                0x08000eb6                nrf24_toggle_features
 .text.nrf24_read_buf
                0x08000ed6       0x2c ./Core/Src/kombo_nrf24.o
                0x08000ed6                nrf24_read_buf
 .text.nrf24_write_buf
                0x08000f02       0x32 ./Core/Src/kombo_nrf24.o
                0x08000f02                nrf24_write_buf
 .text.nrf24_flush_rx
                0x08000f34       0x1a ./Core/Src/kombo_nrf24.o
                0x08000f34                nrf24_flush_rx
 .text.nrf24_flush_tx
                0x08000f4e       0x1a ./Core/Src/kombo_nrf24.o
                0x08000f4e                nrf24_flush_tx
 .text.nrf24_rx_mode
                0x08000f68       0x48 ./Core/Src/kombo_nrf24.o
                0x08000f68                nrf24_rx_mode
 .text.nrf24_tx_mode
                0x08000fb0       0x30 ./Core/Src/kombo_nrf24.o
                0x08000fb0                nrf24_tx_mode
 .text.nrf24_transmit
                0x08000fe0       0x36 ./Core/Src/kombo_nrf24.o
                0x08000fe0                nrf24_transmit
 .text.nrf24_send
                0x08001016       0x42 ./Core/Src/kombo_nrf24.o
                0x08001016                nrf24_send
 .text.nrf24_init
                0x08001058       0x98 ./Core/Src/kombo_nrf24.o
                0x08001058                nrf24_init
 .text.irq_callback
                0x080010f0       0x6c ./Core/Src/kombo_nrf24.o
                0x080010f0                irq_callback
 .text.spi_init
                0x0800115c       0x10 ./Core/Src/kombo_spi.o
                0x0800115c                spi_init
 .text.spi_send_byte
                0x0800116c       0x1c ./Core/Src/kombo_spi.o
                0x0800116c                spi_send_byte
 .text.spi_change_byte
                0x08001188       0x20 ./Core/Src/kombo_spi.o
                0x08001188                spi_change_byte
 .text.blink_led
                0x080011a8       0x2c ./Core/Src/main.o
                0x080011a8                blink_led
 .text.crc16_calc
                0x080011d4       0x48 ./Core/Src/main.o
                0x080011d4                crc16_calc
 .text.nrf_test
                0x0800121c       0x84 ./Core/Src/main.o
                0x0800121c                nrf_test
 .text.test_and_info
                0x080012a0       0x1a ./Core/Src/main.o
                0x080012a0                test_and_info
 *fill*         0x080012ba        0x2 
 .text.nrf24l01_receive
                0x080012bc      0x108 ./Core/Src/main.o
                0x080012bc                nrf24l01_receive
 .text.adc_init
                0x080013c4       0x4c ./Core/Src/main.o
                0x080013c4                adc_init
 .text.reading_vcc
                0x08001410       0x60 ./Core/Src/main.o
                0x08001410                reading_vcc
 .text.SystemClock_Config
                0x08001470       0xac ./Core/Src/main.o
                0x08001470                SystemClock_Config
 .text.startup.main
                0x0800151c       0xc4 ./Core/Src/main.o
                0x0800151c                main
 .text.but_callback
                0x080015e0       0x30 ./Core/Src/main.o
                0x080015e0                but_callback
 .text.tim1_callback
                0x08001610       0x5c ./Core/Src/main.o
                0x08001610                tim1_callback
 .text.MX_SPI1_Init
                0x0800166c       0xcc ./Core/Src/spi.o
                0x0800166c                MX_SPI1_Init
 .text.NMI_Handler
                0x08001738        0x2 ./Core/Src/stm32f0xx_it.o
                0x08001738                NMI_Handler
 .text.HardFault_Handler
                0x0800173a        0x2 ./Core/Src/stm32f0xx_it.o
                0x0800173a                HardFault_Handler
 .text.SVC_Handler
                0x0800173c        0x2 ./Core/Src/stm32f0xx_it.o
                0x0800173c                SVC_Handler
 .text.PendSV_Handler
                0x0800173e        0x2 ./Core/Src/stm32f0xx_it.o
                0x0800173e                PendSV_Handler
 .text.SysTick_Handler
                0x08001740        0x2 ./Core/Src/stm32f0xx_it.o
                0x08001740                SysTick_Handler
 *fill*         0x08001742        0x2 
 .text.EXTI0_1_IRQHandler
                0x08001744       0x18 ./Core/Src/stm32f0xx_it.o
                0x08001744                EXTI0_1_IRQHandler
 .text.EXTI2_3_IRQHandler
                0x0800175c       0x18 ./Core/Src/stm32f0xx_it.o
                0x0800175c                EXTI2_3_IRQHandler
 .text.TIM1_BRK_UP_TRG_COM_IRQHandler
                0x08001774        0x8 ./Core/Src/stm32f0xx_it.o
                0x08001774                TIM1_BRK_UP_TRG_COM_IRQHandler
 .text.SystemInit
                0x0800177c        0x2 ./Core/Src/system_stm32f0xx.o
                0x0800177c                SystemInit
 *fill*         0x0800177e        0x2 
 .text.MX_TIM1_Init
                0x08001780       0x84 ./Core/Src/tim.o
                0x08001780                MX_TIM1_Init
 .text.Reset_Handler
                0x08001804       0x50 ./Core/Startup/startup_stm32f030f4px.o
                0x08001804                Reset_Handler
 .text.Default_Handler
                0x08001854        0x2 ./Core/Startup/startup_stm32f030f4px.o
                0x08001854                TIM1_CC_IRQHandler
                0x08001854                I2C1_IRQHandler
                0x08001854                SPI1_IRQHandler
                0x08001854                ADC1_IRQHandler
                0x08001854                TIM17_IRQHandler
                0x08001854                RTC_IRQHandler
                0x08001854                TIM16_IRQHandler
                0x08001854                TIM3_IRQHandler
                0x08001854                EXTI4_15_IRQHandler
                0x08001854                RCC_IRQHandler
                0x08001854                DMA1_Channel1_IRQHandler
                0x08001854                Default_Handler
                0x08001854                TIM14_IRQHandler
                0x08001854                DMA1_Channel4_5_IRQHandler
                0x08001854                WWDG_IRQHandler
                0x08001854                DMA1_Channel2_3_IRQHandler
                0x08001854                FLASH_IRQHandler
                0x08001854                USART1_IRQHandler
 *fill*         0x08001856        0x2 
 .text.LL_ADC_Init
                0x08001858       0x38 ./Drivers/STM32F0xx_HAL_Driver/stm32f0xx_ll_adc.o
                0x08001858                LL_ADC_Init
 .text.LL_ADC_REG_Init
                0x08001890       0x34 ./Drivers/STM32F0xx_HAL_Driver/stm32f0xx_ll_adc.o
                0x08001890                LL_ADC_REG_Init
 .text.LL_EXTI_Init
                0x080018c4       0x9c ./Drivers/STM32F0xx_HAL_Driver/stm32f0xx_ll_exti.o
                0x080018c4                LL_EXTI_Init
 .text.LL_GPIO_Init
                0x08001960       0xa2 ./Drivers/STM32F0xx_HAL_Driver/stm32f0xx_ll_gpio.o
                0x08001960                LL_GPIO_Init
 *fill*         0x08001a02        0x2 
 .text.LL_SPI_Init
                0x08001a04       0x74 ./Drivers/STM32F0xx_HAL_Driver/stm32f0xx_ll_spi.o
                0x08001a04                LL_SPI_Init
 .text.LL_TIM_Init
                0x08001a78       0x80 ./Drivers/STM32F0xx_HAL_Driver/stm32f0xx_ll_tim.o
                0x08001a78                LL_TIM_Init
 .text.LL_Init1msTick
                0x08001af8       0x20 ./Drivers/STM32F0xx_HAL_Driver/stm32f0xx_ll_utils.o
                0x08001af8                LL_Init1msTick
 .text.LL_mDelay
                0x08001b18       0x2c ./Drivers/STM32F0xx_HAL_Driver/stm32f0xx_ll_utils.o
                0x08001b18                LL_mDelay
 .text.LL_SetSystemCoreClock
                0x08001b44        0xc ./Drivers/STM32F0xx_HAL_Driver/stm32f0xx_ll_utils.o
                0x08001b44                LL_SetSystemCoreClock
 .text.memset   0x08001b50       0x10 C:/ST/STM32CubeIDE_1.15.0/STM32CubeIDE/plugins/com.st.stm32cube.ide.mcu.externaltools.gnu-tools-for-stm32.12.3.rel1.win32_1.0.100.202403111256/tools/bin/../lib/gcc/arm-none-eabi/12.3.1/../../../../arm-none-eabi/lib/thumb/v6-m/nofp\libc_nano.a(libc_a-memset.o)
                0x08001b50                memset
 .text.__libc_init_array
                0x08001b60       0x48 C:/ST/STM32CubeIDE_1.15.0/STM32CubeIDE/plugins/com.st.stm32cube.ide.mcu.externaltools.gnu-tools-for-stm32.12.3.rel1.win32_1.0.100.202403111256/tools/bin/../lib/gcc/arm-none-eabi/12.3.1/../../../../arm-none-eabi/lib/thumb/v6-m/nofp\libc_nano.a(libc_a-init.o)
                0x08001b60                __libc_init_array
 .text.memcpy   0x08001ba8       0x12 C:/ST/STM32CubeIDE_1.15.0/STM32CubeIDE/plugins/com.st.stm32cube.ide.mcu.externaltools.gnu-tools-for-stm32.12.3.rel1.win32_1.0.100.202403111256/tools/bin/../lib/gcc/arm-none-eabi/12.3.1/../../../../arm-none-eabi/lib/thumb/v6-m/nofp\libc_nano.a(libc_a-memcpy-stub.o)
                0x08001ba8                memcpy
 *(.glue_7)
 .glue_7        0x08001bba        0x0 linker stubs
 *(.glue_7t)
 .glue_7t       0x08001bba        0x0 linker stubs
 *(.eh_frame)
 *fill*         0x08001bba        0x2 
 .eh_frame      0x08001bbc        0x0 C:/ST/STM32CubeIDE_1.15.0/STM32CubeIDE/plugins/com.st.stm32cube.ide.mcu.externaltools.gnu-tools-for-stm32.12.3.rel1.win32_1.0.100.202403111256/tools/bin/../lib/gcc/arm-none-eabi/12.3.1/thumb/v6-m/nofp/crtbegin.o
 *(.init)
 .init          0x08001bbc        0x4 C:/ST/STM32CubeIDE_1.15.0/STM32CubeIDE/plugins/com.st.stm32cube.ide.mcu.externaltools.gnu-tools-for-stm32.12.3.rel1.win32_1.0.100.202403111256/tools/bin/../lib/gcc/arm-none-eabi/12.3.1/thumb/v6-m/nofp/crti.o
                0x08001bbc                _init
 .init          0x08001bc0        0x8 C:/ST/STM32CubeIDE_1.15.0/STM32CubeIDE/plugins/com.st.stm32cube.ide.mcu.externaltools.gnu-tools-for-stm32.12.3.rel1.win32_1.0.100.202403111256/tools/bin/../lib/gcc/arm-none-eabi/12.3.1/thumb/v6-m/nofp/crtn.o
 *(.fini)
 .fini          0x08001bc8        0x4 C:/ST/STM32CubeIDE_1.15.0/STM32CubeIDE/plugins/com.st.stm32cube.ide.mcu.externaltools.gnu-tools-for-stm32.12.3.rel1.win32_1.0.100.202403111256/tools/bin/../lib/gcc/arm-none-eabi/12.3.1/thumb/v6-m/nofp/crti.o
                0x08001bc8                _fini
 .fini          0x08001bcc        0x8 C:/ST/STM32CubeIDE_1.15.0/STM32CubeIDE/plugins/com.st.stm32cube.ide.mcu.externaltools.gnu-tools-for-stm32.12.3.rel1.win32_1.0.100.202403111256/tools/bin/../lib/gcc/arm-none-eabi/12.3.1/thumb/v6-m/nofp/crtn.o
                0x08001bd4                        . = ALIGN (0x4)
                0x08001bd4                        _etext = .

.vfp11_veneer   0x08001bd4        0x0
 .vfp11_veneer  0x08001bd4        0x0 linker stubs

.v4_bx          0x08001bd4        0x0
 .v4_bx         0x08001bd4        0x0 linker stubs

.iplt           0x08001bd4        0x0
 .iplt          0x08001bd4        0x0 C:/ST/STM32CubeIDE_1.15.0/STM32CubeIDE/plugins/com.st.stm32cube.ide.mcu.externaltools.gnu-tools-for-stm32.12.3.rel1.win32_1.0.100.202403111256/tools/bin/../lib/gcc/arm-none-eabi/12.3.1/thumb/v6-m/nofp/crtbegin.o

.rodata         0x08001bd4       0x88
                0x08001bd4                        . = ALIGN (0x4)
 *(.rodata)
 .rodata        0x08001bd4        0x3 ./Core/Src/main.o
 *fill*         0x08001bd7        0x1 
 .rodata        0x08001bd8       0x7c C:/ST/STM32CubeIDE_1.15.0/STM32CubeIDE/plugins/com.st.stm32cube.ide.mcu.externaltools.gnu-tools-for-stm32.12.3.rel1.win32_1.0.100.202403111256/tools/bin/../lib/gcc/arm-none-eabi/12.3.1/thumb/v6-m/nofp\libgcc.a(divsf3.o)
 *(.rodata*)
 .rodata.nrf_test.str1.1
                0x08001c54        0x8 ./Core/Src/main.o
                0x08001c5c                        . = ALIGN (0x4)

.rel.dyn        0x08001c5c        0x0
 .rel.iplt      0x08001c5c        0x0 C:/ST/STM32CubeIDE_1.15.0/STM32CubeIDE/plugins/com.st.stm32cube.ide.mcu.externaltools.gnu-tools-for-stm32.12.3.rel1.win32_1.0.100.202403111256/tools/bin/../lib/gcc/arm-none-eabi/12.3.1/thumb/v6-m/nofp/crtbegin.o

.ARM.extab      0x08001c5c        0x0
                0x08001c5c                        . = ALIGN (0x4)
 *(.ARM.extab* .gnu.linkonce.armextab.*)
                0x08001c5c                        . = ALIGN (0x4)

.ARM            0x08001c5c        0x0
                0x08001c5c                        . = ALIGN (0x4)
                0x08001c5c                        __exidx_start = .
 *(.ARM.exidx*)
                0x08001c5c                        __exidx_end = .
                0x08001c5c                        . = ALIGN (0x4)

.preinit_array  0x08001c5c        0x0
                0x08001c5c                        . = ALIGN (0x4)
                0x08001c5c                        PROVIDE (__preinit_array_start = .)
 *(.preinit_array*)
                0x08001c5c                        PROVIDE (__preinit_array_end = .)
                0x08001c5c                        . = ALIGN (0x4)

.init_array     0x08001c5c        0x4
                0x08001c5c                        . = ALIGN (0x4)
                0x08001c5c                        PROVIDE (__init_array_start = .)
 *(SORT_BY_NAME(.init_array.*))
 *(.init_array*)
 .init_array    0x08001c5c        0x4 C:/ST/STM32CubeIDE_1.15.0/STM32CubeIDE/plugins/com.st.stm32cube.ide.mcu.externaltools.gnu-tools-for-stm32.12.3.rel1.win32_1.0.100.202403111256/tools/bin/../lib/gcc/arm-none-eabi/12.3.1/thumb/v6-m/nofp/crtbegin.o
                0x08001c60                        PROVIDE (__init_array_end = .)
                0x08001c60                        . = ALIGN (0x4)

.fini_array     0x08001c60        0x4
                0x08001c60                        . = ALIGN (0x4)
                [!provide]                        PROVIDE (__fini_array_start = .)
 *(SORT_BY_NAME(.fini_array.*))
 *(.fini_array*)
 .fini_array    0x08001c60        0x4 C:/ST/STM32CubeIDE_1.15.0/STM32CubeIDE/plugins/com.st.stm32cube.ide.mcu.externaltools.gnu-tools-for-stm32.12.3.rel1.win32_1.0.100.202403111256/tools/bin/../lib/gcc/arm-none-eabi/12.3.1/thumb/v6-m/nofp/crtbegin.o
                [!provide]                        PROVIDE (__fini_array_end = .)
                0x08001c64                        . = ALIGN (0x4)
                0x08001c64                        _sidata = LOADADDR (.data)

.data           0x20000000        0xc load address 0x08001c64
                0x20000000                        . = ALIGN (0x4)
                0x20000000                        _sdata = .
 *(.data)
 *(.data*)
 .data.tx_addr_1
                0x20000000        0x3 ./Core/Src/kombo_nrf24.o
                0x20000000                tx_addr_1
 .data.tx_addr_0
                0x20000003        0x3 ./Core/Src/kombo_nrf24.o
                0x20000003                tx_addr_0
 *fill*         0x20000006        0x2 
 .data.SystemCoreClock
                0x20000008        0x4 ./Core/Src/system_stm32f0xx.o
                0x20000008                SystemCoreClock
 *(.RamFunc)
 *(.RamFunc*)
                0x2000000c                        . = ALIGN (0x4)
                0x2000000c                        _edata = .

.igot.plt       0x2000000c        0x0 load address 0x08001c70
 .igot.plt      0x2000000c        0x0 C:/ST/STM32CubeIDE_1.15.0/STM32CubeIDE/plugins/com.st.stm32cube.ide.mcu.externaltools.gnu-tools-for-stm32.12.3.rel1.win32_1.0.100.202403111256/tools/bin/../lib/gcc/arm-none-eabi/12.3.1/thumb/v6-m/nofp/crtbegin.o
                0x2000000c                        . = ALIGN (0x4)

.bss            0x2000000c       0x50 load address 0x08001c70
                0x2000000c                        _sbss = .
                0x2000000c                        __bss_start__ = _sbss
 *(.bss)
 .bss           0x2000000c       0x1c C:/ST/STM32CubeIDE_1.15.0/STM32CubeIDE/plugins/com.st.stm32cube.ide.mcu.externaltools.gnu-tools-for-stm32.12.3.rel1.win32_1.0.100.202403111256/tools/bin/../lib/gcc/arm-none-eabi/12.3.1/thumb/v6-m/nofp/crtbegin.o
 *(.bss*)
 .bss.f_tx      0x20000028        0x1 ./Core/Src/kombo_nrf24.o
                0x20000028                f_tx
 .bss.f_rx      0x20000029        0x1 ./Core/Src/kombo_nrf24.o
                0x20000029                f_rx
 .bss.tx_buf    0x2000002a        0xb ./Core/Src/kombo_nrf24.o
                0x2000002a                tx_buf
 .bss.rx_buf    0x20000035        0xb ./Core/Src/kombo_nrf24.o
                0x20000035                rx_buf
 .bss.float_to_byte
                0x20000040        0x4 ./Core/Src/main.o
                0x20000040                float_to_byte
 .bss.vcc_data  0x20000044        0x4 ./Core/Src/main.o
                0x20000044                vcc_data
 .bss.adc_data  0x20000048        0x2 ./Core/Src/main.o
                0x20000048                adc_data
 *fill*         0x2000004a        0x2 
 .bss.time_ms   0x2000004c        0x4 ./Core/Src/main.o
                0x2000004c                time_ms
 .bss.temp_millis
                0x20000050        0x4 ./Core/Src/main.o
                0x20000050                temp_millis
 .bss.millis    0x20000054        0x4 ./Core/Src/main.o
                0x20000054                millis
 .bss.ms_counter
                0x20000058        0x1 ./Core/Src/main.o
                0x20000058                ms_counter
 .bss.f_led_toggle
                0x20000059        0x1 ./Core/Src/main.o
                0x20000059                f_led_toggle
 .bss.f_push_button
                0x2000005a        0x1 ./Core/Src/main.o
                0x2000005a                f_push_button
 *(COMMON)
                0x2000005c                        . = ALIGN (0x4)
 *fill*         0x2000005b        0x1 
                0x2000005c                        _ebss = .
                0x2000005c                        __bss_end__ = _ebss

._user_heap_stack
                0x2000005c      0x604 load address 0x08001c70
                0x20000060                        . = ALIGN (0x8)
 *fill*         0x2000005c        0x4 
                [!provide]                        PROVIDE (end = .)
                0x20000060                        PROVIDE (_end = .)
                0x20000260                        . = (. + _Min_Heap_Size)
 *fill*         0x20000060      0x200 
                0x20000660                        . = (. + _Min_Stack_Size)
 *fill*         0x20000260      0x400 
                0x20000660                        . = ALIGN (0x8)

/DISCARD/
 libc.a(*)
 libm.a(*)
 libgcc.a(*)

.ARM.attributes
                0x00000000       0x28
 *(.ARM.attributes)
 .ARM.attributes
                0x00000000       0x1e C:/ST/STM32CubeIDE_1.15.0/STM32CubeIDE/plugins/com.st.stm32cube.ide.mcu.externaltools.gnu-tools-for-stm32.12.3.rel1.win32_1.0.100.202403111256/tools/bin/../lib/gcc/arm-none-eabi/12.3.1/thumb/v6-m/nofp/crti.o
 .ARM.attributes
                0x0000001e       0x2c C:/ST/STM32CubeIDE_1.15.0/STM32CubeIDE/plugins/com.st.stm32cube.ide.mcu.externaltools.gnu-tools-for-stm32.12.3.rel1.win32_1.0.100.202403111256/tools/bin/../lib/gcc/arm-none-eabi/12.3.1/thumb/v6-m/nofp/crtbegin.o
 .ARM.attributes
                0x0000004a       0x2c ./Core/Src/adc.o
 .ARM.attributes
                0x00000076       0x2c ./Core/Src/crc.o
 .ARM.attributes
                0x000000a2       0x2c ./Core/Src/gpio.o
 .ARM.attributes
                0x000000ce       0x2c ./Core/Src/iwdg.o
 .ARM.attributes
                0x000000fa       0x2c ./Core/Src/kombo_nrf24.o
 .ARM.attributes
                0x00000126       0x2c ./Core/Src/kombo_spi.o
 .ARM.attributes
                0x00000152       0x2c ./Core/Src/main.o
 .ARM.attributes
                0x0000017e       0x2c ./Core/Src/spi.o
 .ARM.attributes
                0x000001aa       0x2c ./Core/Src/stm32f0xx_it.o
 .ARM.attributes
                0x000001d6       0x2c ./Core/Src/system_stm32f0xx.o
 .ARM.attributes
                0x00000202       0x2c ./Core/Src/tim.o
 .ARM.attributes
                0x0000022e       0x21 ./Core/Startup/startup_stm32f030f4px.o
 .ARM.attributes
                0x0000024f       0x2c ./Drivers/STM32F0xx_HAL_Driver/stm32f0xx_ll_adc.o
 .ARM.attributes
                0x0000027b       0x2c ./Drivers/STM32F0xx_HAL_Driver/stm32f0xx_ll_exti.o
 .ARM.attributes
                0x000002a7       0x2c ./Drivers/STM32F0xx_HAL_Driver/stm32f0xx_ll_gpio.o
 .ARM.attributes
                0x000002d3       0x2c ./Drivers/STM32F0xx_HAL_Driver/stm32f0xx_ll_spi.o
 .ARM.attributes
                0x000002ff       0x2c ./Drivers/STM32F0xx_HAL_Driver/stm32f0xx_ll_tim.o
 .ARM.attributes
                0x0000032b       0x2c ./Drivers/STM32F0xx_HAL_Driver/stm32f0xx_ll_utils.o
 .ARM.attributes
                0x00000357       0x2c C:/ST/STM32CubeIDE_1.15.0/STM32CubeIDE/plugins/com.st.stm32cube.ide.mcu.externaltools.gnu-tools-for-stm32.12.3.rel1.win32_1.0.100.202403111256/tools/bin/../lib/gcc/arm-none-eabi/12.3.1/../../../../arm-none-eabi/lib/thumb/v6-m/nofp\libc_nano.a(libc_a-memset.o)
 .ARM.attributes
                0x00000383       0x2c C:/ST/STM32CubeIDE_1.15.0/STM32CubeIDE/plugins/com.st.stm32cube.ide.mcu.externaltools.gnu-tools-for-stm32.12.3.rel1.win32_1.0.100.202403111256/tools/bin/../lib/gcc/arm-none-eabi/12.3.1/../../../../arm-none-eabi/lib/thumb/v6-m/nofp\libc_nano.a(libc_a-init.o)
 .ARM.attributes
                0x000003af       0x2c C:/ST/STM32CubeIDE_1.15.0/STM32CubeIDE/plugins/com.st.stm32cube.ide.mcu.externaltools.gnu-tools-for-stm32.12.3.rel1.win32_1.0.100.202403111256/tools/bin/../lib/gcc/arm-none-eabi/12.3.1/../../../../arm-none-eabi/lib/thumb/v6-m/nofp\libc_nano.a(libc_a-memcpy-stub.o)
 .ARM.attributes
                0x000003db       0x1e C:/ST/STM32CubeIDE_1.15.0/STM32CubeIDE/plugins/com.st.stm32cube.ide.mcu.externaltools.gnu-tools-for-stm32.12.3.rel1.win32_1.0.100.202403111256/tools/bin/../lib/gcc/arm-none-eabi/12.3.1/thumb/v6-m/nofp\libgcc.a(_udivsi3.o)
 .ARM.attributes
                0x000003f9       0x1e C:/ST/STM32CubeIDE_1.15.0/STM32CubeIDE/plugins/com.st.stm32cube.ide.mcu.externaltools.gnu-tools-for-stm32.12.3.rel1.win32_1.0.100.202403111256/tools/bin/../lib/gcc/arm-none-eabi/12.3.1/thumb/v6-m/nofp\libgcc.a(_dvmd_tls.o)
 .ARM.attributes
                0x00000417       0x2c C:/ST/STM32CubeIDE_1.15.0/STM32CubeIDE/plugins/com.st.stm32cube.ide.mcu.externaltools.gnu-tools-for-stm32.12.3.rel1.win32_1.0.100.202403111256/tools/bin/../lib/gcc/arm-none-eabi/12.3.1/thumb/v6-m/nofp\libgcc.a(divsf3.o)
 .ARM.attributes
                0x00000443       0x2c C:/ST/STM32CubeIDE_1.15.0/STM32CubeIDE/plugins/com.st.stm32cube.ide.mcu.externaltools.gnu-tools-for-stm32.12.3.rel1.win32_1.0.100.202403111256/tools/bin/../lib/gcc/arm-none-eabi/12.3.1/thumb/v6-m/nofp\libgcc.a(floatsisf.o)
 .ARM.attributes
                0x0000046f       0x2c C:/ST/STM32CubeIDE_1.15.0/STM32CubeIDE/plugins/com.st.stm32cube.ide.mcu.externaltools.gnu-tools-for-stm32.12.3.rel1.win32_1.0.100.202403111256/tools/bin/../lib/gcc/arm-none-eabi/12.3.1/thumb/v6-m/nofp\libgcc.a(muldf3.o)
 .ARM.attributes
                0x0000049b       0x2c C:/ST/STM32CubeIDE_1.15.0/STM32CubeIDE/plugins/com.st.stm32cube.ide.mcu.externaltools.gnu-tools-for-stm32.12.3.rel1.win32_1.0.100.202403111256/tools/bin/../lib/gcc/arm-none-eabi/12.3.1/thumb/v6-m/nofp\libgcc.a(floatsidf.o)
 .ARM.attributes
                0x000004c7       0x2c C:/ST/STM32CubeIDE_1.15.0/STM32CubeIDE/plugins/com.st.stm32cube.ide.mcu.externaltools.gnu-tools-for-stm32.12.3.rel1.win32_1.0.100.202403111256/tools/bin/../lib/gcc/arm-none-eabi/12.3.1/thumb/v6-m/nofp\libgcc.a(truncdfsf2.o)
 .ARM.attributes
                0x000004f3       0x1e C:/ST/STM32CubeIDE_1.15.0/STM32CubeIDE/plugins/com.st.stm32cube.ide.mcu.externaltools.gnu-tools-for-stm32.12.3.rel1.win32_1.0.100.202403111256/tools/bin/../lib/gcc/arm-none-eabi/12.3.1/thumb/v6-m/nofp\libgcc.a(_clzsi2.o)
 .ARM.attributes
                0x00000511       0x1e C:/ST/STM32CubeIDE_1.15.0/STM32CubeIDE/plugins/com.st.stm32cube.ide.mcu.externaltools.gnu-tools-for-stm32.12.3.rel1.win32_1.0.100.202403111256/tools/bin/../lib/gcc/arm-none-eabi/12.3.1/thumb/v6-m/nofp/crtn.o
OUTPUT(kombo_nrf24_button.elf elf32-littlearm)
LOAD linker stubs
LOAD C:/ST/STM32CubeIDE_1.15.0/STM32CubeIDE/plugins/com.st.stm32cube.ide.mcu.externaltools.gnu-tools-for-stm32.12.3.rel1.win32_1.0.100.202403111256/tools/bin/../lib/gcc/arm-none-eabi/12.3.1/../../../../arm-none-eabi/lib/thumb/v6-m/nofp\libc.a
LOAD C:/ST/STM32CubeIDE_1.15.0/STM32CubeIDE/plugins/com.st.stm32cube.ide.mcu.externaltools.gnu-tools-for-stm32.12.3.rel1.win32_1.0.100.202403111256/tools/bin/../lib/gcc/arm-none-eabi/12.3.1/../../../../arm-none-eabi/lib/thumb/v6-m/nofp\libm.a
LOAD C:/ST/STM32CubeIDE_1.15.0/STM32CubeIDE/plugins/com.st.stm32cube.ide.mcu.externaltools.gnu-tools-for-stm32.12.3.rel1.win32_1.0.100.202403111256/tools/bin/../lib/gcc/arm-none-eabi/12.3.1/thumb/v6-m/nofp\libgcc.a

.debug_info     0x00000000     0x91aa
 .debug_info    0x00000000      0x65e ./Core/Src/adc.o
 .debug_info    0x0000065e      0x411 ./Core/Src/crc.o
 .debug_info    0x00000a6f      0xbc7 ./Core/Src/gpio.o
 .debug_info    0x00001636      0x35d ./Core/Src/iwdg.o
 .debug_info    0x00001993     0x11cf ./Core/Src/kombo_nrf24.o
 .debug_info    0x00002b62      0x42f ./Core/Src/kombo_spi.o
 .debug_info    0x00002f91     0x1834 ./Core/Src/main.o
 .debug_info    0x000047c5      0x6a8 ./Core/Src/spi.o
 .debug_info    0x00004e6d      0x342 ./Core/Src/stm32f0xx_it.o
 .debug_info    0x000051af      0x261 ./Core/Src/system_stm32f0xx.o
 .debug_info    0x00005410      0x8c5 ./Core/Src/tim.o
 .debug_info    0x00005cd5       0x30 ./Core/Startup/startup_stm32f030f4px.o
 .debug_info    0x00005d05      0x747 ./Drivers/STM32F0xx_HAL_Driver/stm32f0xx_ll_adc.o
 .debug_info    0x0000644c      0x456 ./Drivers/STM32F0xx_HAL_Driver/stm32f0xx_ll_exti.o
 .debug_info    0x000068a2      0x79c ./Drivers/STM32F0xx_HAL_Driver/stm32f0xx_ll_gpio.o
 .debug_info    0x0000703e      0x4a2 ./Drivers/STM32F0xx_HAL_Driver/stm32f0xx_ll_spi.o
 .debug_info    0x000074e0     0x125d ./Drivers/STM32F0xx_HAL_Driver/stm32f0xx_ll_tim.o
 .debug_info    0x0000873d      0xa6d ./Drivers/STM32F0xx_HAL_Driver/stm32f0xx_ll_utils.o

.debug_abbrev   0x00000000     0x2842
 .debug_abbrev  0x00000000      0x207 ./Core/Src/adc.o
 .debug_abbrev  0x00000207      0x1d5 ./Core/Src/crc.o
 .debug_abbrev  0x000003dc      0x275 ./Core/Src/gpio.o
 .debug_abbrev  0x00000651      0x17e ./Core/Src/iwdg.o
 .debug_abbrev  0x000007cf      0x373 ./Core/Src/kombo_nrf24.o
 .debug_abbrev  0x00000b42      0x1d5 ./Core/Src/kombo_spi.o
 .debug_abbrev  0x00000d17      0x53b ./Core/Src/main.o
 .debug_abbrev  0x00001252      0x239 ./Core/Src/spi.o
 .debug_abbrev  0x0000148b      0x1c8 ./Core/Src/stm32f0xx_it.o
 .debug_abbrev  0x00001653      0x138 ./Core/Src/system_stm32f0xx.o
 .debug_abbrev  0x0000178b      0x220 ./Core/Src/tim.o
 .debug_abbrev  0x000019ab       0x24 ./Core/Startup/startup_stm32f030f4px.o
 .debug_abbrev  0x000019cf      0x27c ./Drivers/STM32F0xx_HAL_Driver/stm32f0xx_ll_adc.o
 .debug_abbrev  0x00001c4b      0x1ba ./Drivers/STM32F0xx_HAL_Driver/stm32f0xx_ll_exti.o
 .debug_abbrev  0x00001e05      0x207 ./Drivers/STM32F0xx_HAL_Driver/stm32f0xx_ll_gpio.o
 .debug_abbrev  0x0000200c      0x1e3 ./Drivers/STM32F0xx_HAL_Driver/stm32f0xx_ll_spi.o
 .debug_abbrev  0x000021ef      0x2ca ./Drivers/STM32F0xx_HAL_Driver/stm32f0xx_ll_tim.o
 .debug_abbrev  0x000024b9      0x389 ./Drivers/STM32F0xx_HAL_Driver/stm32f0xx_ll_utils.o

.debug_loclists
                0x00000000     0x23f6
 .debug_loclists
                0x00000000       0x90 ./Core/Src/adc.o
 .debug_loclists
                0x00000090       0x6e ./Core/Src/crc.o
 .debug_loclists
                0x000000fe      0x1a1 ./Core/Src/gpio.o
 .debug_loclists
                0x0000029f       0x86 ./Core/Src/iwdg.o
 .debug_loclists
                0x00000325      0x5bf ./Core/Src/kombo_nrf24.o
 .debug_loclists
                0x000008e4       0xcc ./Core/Src/kombo_spi.o
 .debug_loclists
                0x000009b0      0x447 ./Core/Src/main.o
 .debug_loclists
                0x00000df7       0x54 ./Core/Src/spi.o
 .debug_loclists
                0x00000e4b       0x3c ./Core/Src/stm32f0xx_it.o
 .debug_loclists
                0x00000e87       0xe1 ./Core/Src/system_stm32f0xx.o
 .debug_loclists
                0x00000f68       0x96 ./Core/Src/tim.o
 .debug_loclists
                0x00000ffe      0x176 ./Drivers/STM32F0xx_HAL_Driver/stm32f0xx_ll_adc.o
 .debug_loclists
                0x00001174      0x102 ./Drivers/STM32F0xx_HAL_Driver/stm32f0xx_ll_exti.o
 .debug_loclists
                0x00001276      0x242 ./Drivers/STM32F0xx_HAL_Driver/stm32f0xx_ll_gpio.o
 .debug_loclists
                0x000014b8       0xc9 ./Drivers/STM32F0xx_HAL_Driver/stm32f0xx_ll_spi.o
 .debug_loclists
                0x00001581      0xa2f ./Drivers/STM32F0xx_HAL_Driver/stm32f0xx_ll_tim.o
 .debug_loclists
                0x00001fb0      0x446 ./Drivers/STM32F0xx_HAL_Driver/stm32f0xx_ll_utils.o

.debug_aranges  0x00000000      0x468
 .debug_aranges
                0x00000000       0x20 ./Core/Src/adc.o
 .debug_aranges
                0x00000020       0x20 ./Core/Src/crc.o
 .debug_aranges
                0x00000040       0x28 ./Core/Src/gpio.o
 .debug_aranges
                0x00000068       0x20 ./Core/Src/iwdg.o
 .debug_aranges
                0x00000088       0xa8 ./Core/Src/kombo_nrf24.o
 .debug_aranges
                0x00000130       0x30 ./Core/Src/kombo_spi.o
 .debug_aranges
                0x00000160       0x78 ./Core/Src/main.o
 .debug_aranges
                0x000001d8       0x20 ./Core/Src/spi.o
 .debug_aranges
                0x000001f8       0x58 ./Core/Src/stm32f0xx_it.o
 .debug_aranges
                0x00000250       0x28 ./Core/Src/system_stm32f0xx.o
 .debug_aranges
                0x00000278       0x20 ./Core/Src/tim.o
 .debug_aranges
                0x00000298       0x28 ./Core/Startup/startup_stm32f030f4px.o
 .debug_aranges
                0x000002c0       0x48 ./Drivers/STM32F0xx_HAL_Driver/stm32f0xx_ll_adc.o
 .debug_aranges
                0x00000308       0x30 ./Drivers/STM32F0xx_HAL_Driver/stm32f0xx_ll_exti.o
 .debug_aranges
                0x00000338       0x30 ./Drivers/STM32F0xx_HAL_Driver/stm32f0xx_ll_gpio.o
 .debug_aranges
                0x00000368       0x30 ./Drivers/STM32F0xx_HAL_Driver/stm32f0xx_ll_spi.o
 .debug_aranges
                0x00000398       0x80 ./Drivers/STM32F0xx_HAL_Driver/stm32f0xx_ll_tim.o
 .debug_aranges
                0x00000418       0x50 ./Drivers/STM32F0xx_HAL_Driver/stm32f0xx_ll_utils.o

.debug_rnglists
                0x00000000      0x8d2
 .debug_rnglists
                0x00000000       0x41 ./Core/Src/adc.o
 .debug_rnglists
                0x00000041       0x1f ./Core/Src/crc.o
 .debug_rnglists
                0x00000060       0x7d ./Core/Src/gpio.o
 .debug_rnglists
                0x000000dd       0x2b ./Core/Src/iwdg.o
 .debug_rnglists
                0x00000108      0x1a9 ./Core/Src/kombo_nrf24.o
 .debug_rnglists
                0x000002b1       0x7f ./Core/Src/kombo_spi.o
 .debug_rnglists
                0x00000330      0x1a3 ./Core/Src/main.o
 .debug_rnglists
                0x000004d3       0x38 ./Core/Src/spi.o
 .debug_rnglists
                0x0000050b       0x55 ./Core/Src/stm32f0xx_it.o
 .debug_rnglists
                0x00000560       0x19 ./Core/Src/system_stm32f0xx.o
 .debug_rnglists
                0x00000579       0x6b ./Core/Src/tim.o
 .debug_rnglists
                0x000005e4       0x19 ./Core/Startup/startup_stm32f030f4px.o
 .debug_rnglists
                0x000005fd       0x59 ./Drivers/STM32F0xx_HAL_Driver/stm32f0xx_ll_adc.o
 .debug_rnglists
                0x00000656       0x2c ./Drivers/STM32F0xx_HAL_Driver/stm32f0xx_ll_exti.o
 .debug_rnglists
                0x00000682       0x3f ./Drivers/STM32F0xx_HAL_Driver/stm32f0xx_ll_gpio.o
 .debug_rnglists
                0x000006c1       0x2b ./Drivers/STM32F0xx_HAL_Driver/stm32f0xx_ll_spi.o
 .debug_rnglists
                0x000006ec       0x90 ./Drivers/STM32F0xx_HAL_Driver/stm32f0xx_ll_tim.o
 .debug_rnglists
                0x0000077c      0x156 ./Drivers/STM32F0xx_HAL_Driver/stm32f0xx_ll_utils.o

.debug_macro    0x00000000     0xd664
 .debug_macro   0x00000000      0x2b2 ./Core/Src/adc.o
 .debug_macro   0x000002b2      0xacc ./Core/Src/adc.o
 .debug_macro   0x00000d7e       0x2e ./Core/Src/adc.o
 .debug_macro   0x00000dac       0x22 ./Core/Src/adc.o
 .debug_macro   0x00000dce       0x22 ./Core/Src/adc.o
 .debug_macro   0x00000df0       0x8e ./Core/Src/adc.o
 .debug_macro   0x00000e7e       0x51 ./Core/Src/adc.o
 .debug_macro   0x00000ecf      0x103 ./Core/Src/adc.o
 .debug_macro   0x00000fd2       0x6a ./Core/Src/adc.o
 .debug_macro   0x0000103c      0x1df ./Core/Src/adc.o
 .debug_macro   0x0000121b       0x1c ./Core/Src/adc.o
 .debug_macro   0x00001237       0x22 ./Core/Src/adc.o
 .debug_macro   0x00001259       0xaf ./Core/Src/adc.o
 .debug_macro   0x00001308      0x391 ./Core/Src/adc.o
 .debug_macro   0x00001699     0x6e67 ./Core/Src/adc.o
 .debug_macro   0x00008500       0x66 ./Core/Src/adc.o
 .debug_macro   0x00008566      0x5a7 ./Core/Src/adc.o
 .debug_macro   0x00008b0d       0x41 ./Core/Src/adc.o
 .debug_macro   0x00008b4e       0x6a ./Core/Src/adc.o
 .debug_macro   0x00008bb8      0x40c ./Core/Src/adc.o
 .debug_macro   0x00008fc4       0xab ./Core/Src/adc.o
 .debug_macro   0x0000906f      0x17d ./Core/Src/adc.o
 .debug_macro   0x000091ec       0xd0 ./Core/Src/adc.o
 .debug_macro   0x000092bc       0x16 ./Core/Src/adc.o
 .debug_macro   0x000092d2       0x2a ./Core/Src/adc.o
 .debug_macro   0x000092fc       0x68 ./Core/Src/adc.o
 .debug_macro   0x00009364      0x215 ./Core/Src/adc.o
 .debug_macro   0x00009579      0x1d3 ./Core/Src/adc.o
 .debug_macro   0x0000974c      0x5bd ./Core/Src/adc.o
 .debug_macro   0x00009d09      0x11f ./Core/Src/adc.o
 .debug_macro   0x00009e28       0xee ./Core/Src/adc.o
 .debug_macro   0x00009f16       0x61 ./Core/Src/adc.o
 .debug_macro   0x00009f77       0x24 ./Core/Src/adc.o
 .debug_macro   0x00009f9b       0x43 ./Core/Src/adc.o
 .debug_macro   0x00009fde       0x34 ./Core/Src/adc.o
 .debug_macro   0x0000a012      0x189 ./Core/Src/adc.o
 .debug_macro   0x0000a19b       0x16 ./Core/Src/adc.o
 .debug_macro   0x0000a1b1       0x43 ./Core/Src/adc.o
 .debug_macro   0x0000a1f4       0x34 ./Core/Src/adc.o
 .debug_macro   0x0000a228       0x10 ./Core/Src/adc.o
 .debug_macro   0x0000a238       0x58 ./Core/Src/adc.o
 .debug_macro   0x0000a290       0x8e ./Core/Src/adc.o
 .debug_macro   0x0000a31e       0x1c ./Core/Src/adc.o
 .debug_macro   0x0000a33a      0x177 ./Core/Src/adc.o
 .debug_macro   0x0000a4b1      0x369 ./Core/Src/adc.o
 .debug_macro   0x0000a81a       0x10 ./Core/Src/adc.o
 .debug_macro   0x0000a82a       0x35 ./Core/Src/adc.o
 .debug_macro   0x0000a85f       0x20 ./Core/Src/adc.o
 .debug_macro   0x0000a87f       0x1c ./Core/Src/adc.o
 .debug_macro   0x0000a89b       0x10 ./Core/Src/adc.o
 .debug_macro   0x0000a8ab       0x1c ./Core/Src/adc.o
 .debug_macro   0x0000a8c7       0x16 ./Core/Src/adc.o
 .debug_macro   0x0000a8dd      0x146 ./Core/Src/adc.o
 .debug_macro   0x0000aa23       0x16 ./Core/Src/adc.o
 .debug_macro   0x0000aa39       0x16 ./Core/Src/adc.o
 .debug_macro   0x0000aa4f       0x29 ./Core/Src/adc.o
 .debug_macro   0x0000aa78       0xe0 ./Core/Src/adc.o
 .debug_macro   0x0000ab58      0x2b2 ./Core/Src/crc.o
 .debug_macro   0x0000ae0a      0x2b2 ./Core/Src/gpio.o
 .debug_macro   0x0000b0bc      0x2b2 ./Core/Src/iwdg.o
 .debug_macro   0x0000b36e      0x2b2 ./Core/Src/kombo_nrf24.o
 .debug_macro   0x0000b620      0x100 ./Core/Src/kombo_nrf24.o
 .debug_macro   0x0000b720      0x2b2 ./Core/Src/kombo_spi.o
 .debug_macro   0x0000b9d2       0xe8 ./Core/Src/kombo_spi.o
 .debug_macro   0x0000baba      0x2e4 ./Core/Src/main.o
 .debug_macro   0x0000bd9e      0x2b2 ./Core/Src/spi.o
 .debug_macro   0x0000c050      0x2b2 ./Core/Src/stm32f0xx_it.o
 .debug_macro   0x0000c302       0xbf ./Core/Src/system_stm32f0xx.o
 .debug_macro   0x0000c3c1      0x2b2 ./Core/Src/tim.o
 .debug_macro   0x0000c673      0x121 ./Drivers/STM32F0xx_HAL_Driver/stm32f0xx_ll_adc.o
 .debug_macro   0x0000c794       0xe0 ./Drivers/STM32F0xx_HAL_Driver/stm32f0xx_ll_exti.o
 .debug_macro   0x0000c874       0xca ./Drivers/STM32F0xx_HAL_Driver/stm32f0xx_ll_exti.o
 .debug_macro   0x0000c93e       0xfb ./Drivers/STM32F0xx_HAL_Driver/stm32f0xx_ll_gpio.o
 .debug_macro   0x0000ca39      0x119 ./Drivers/STM32F0xx_HAL_Driver/stm32f0xx_ll_gpio.o
 .debug_macro   0x0000cb52      0x122 ./Drivers/STM32F0xx_HAL_Driver/stm32f0xx_ll_spi.o
 .debug_macro   0x0000cc74      0x1cd ./Drivers/STM32F0xx_HAL_Driver/stm32f0xx_ll_spi.o
 .debug_macro   0x0000ce41      0x144 ./Drivers/STM32F0xx_HAL_Driver/stm32f0xx_ll_tim.o
 .debug_macro   0x0000cf85      0x5b7 ./Drivers/STM32F0xx_HAL_Driver/stm32f0xx_ll_tim.o
 .debug_macro   0x0000d53c      0x128 ./Drivers/STM32F0xx_HAL_Driver/stm32f0xx_ll_utils.o

.debug_line     0x00000000     0xb984
 .debug_line    0x00000000      0xa00 ./Core/Src/adc.o
 .debug_line    0x00000a00      0x95e ./Core/Src/crc.o
 .debug_line    0x0000135e      0xb5a ./Core/Src/gpio.o
 .debug_line    0x00001eb8      0x9aa ./Core/Src/iwdg.o
 .debug_line    0x00002862     0x1117 ./Core/Src/kombo_nrf24.o
 .debug_line    0x00003979      0xaca ./Core/Src/kombo_spi.o
 .debug_line    0x00004443     0x12e4 ./Core/Src/main.o
 .debug_line    0x00005727      0xa94 ./Core/Src/spi.o
 .debug_line    0x000061bb      0xa3e ./Core/Src/stm32f0xx_it.o
 .debug_line    0x00006bf9      0x5f0 ./Core/Src/system_stm32f0xx.o
 .debug_line    0x000071e9      0xa36 ./Core/Src/tim.o
 .debug_line    0x00007c1f       0x7b ./Core/Startup/startup_stm32f030f4px.o
 .debug_line    0x00007c9a      0x92c ./Drivers/STM32F0xx_HAL_Driver/stm32f0xx_ll_adc.o
 .debug_line    0x000085c6      0x7e8 ./Drivers/STM32F0xx_HAL_Driver/stm32f0xx_ll_exti.o
 .debug_line    0x00008dae      0x8df ./Drivers/STM32F0xx_HAL_Driver/stm32f0xx_ll_gpio.o
 .debug_line    0x0000968d      0x782 ./Drivers/STM32F0xx_HAL_Driver/stm32f0xx_ll_spi.o
 .debug_line    0x00009e0f      0xf14 ./Drivers/STM32F0xx_HAL_Driver/stm32f0xx_ll_tim.o
 .debug_line    0x0000ad23      0xc61 ./Drivers/STM32F0xx_HAL_Driver/stm32f0xx_ll_utils.o

.debug_str      0x00000000    0x412f0
 .debug_str     0x00000000    0x3c743 ./Core/Src/adc.o
                              0x3c980 (size before relaxing)
 .debug_str     0x0003c743       0xca ./Core/Src/crc.o
                              0x3c812 (size before relaxing)
 .debug_str     0x0003c80d      0x2d4 ./Core/Src/gpio.o
                              0x3cb27 (size before relaxing)
 .debug_str     0x0003cae1       0xc1 ./Core/Src/iwdg.o
                              0x3c786 (size before relaxing)
 .debug_str     0x0003cba2      0x29b ./Core/Src/kombo_nrf24.o
                              0x3c9be (size before relaxing)
 .debug_str     0x0003ce3d       0xc3 ./Core/Src/kombo_spi.o
                              0x3c799 (size before relaxing)
 .debug_str     0x0003cf00      0x514 ./Core/Src/main.o
                              0x3d05f (size before relaxing)
 .debug_str     0x0003d414       0xca ./Core/Src/spi.o
                              0x3c919 (size before relaxing)
 .debug_str     0x0003d4de      0x118 ./Core/Src/stm32f0xx_it.o
                              0x3c7f3 (size before relaxing)
 .debug_str     0x0003d5f6       0x9c ./Core/Src/system_stm32f0xx.o
                              0x2beaf (size before relaxing)
 .debug_str     0x0003d692       0xdf ./Core/Src/tim.o
                              0x3cad8 (size before relaxing)
 .debug_str     0x0003d771       0x44 ./Core/Startup/startup_stm32f030f4px.o
                                 0x86 (size before relaxing)
 .debug_str     0x0003d7b5      0xa3c ./Drivers/STM32F0xx_HAL_Driver/stm32f0xx_ll_adc.o
                              0x30c87 (size before relaxing)
 .debug_str     0x0003e1f1      0x329 ./Drivers/STM32F0xx_HAL_Driver/stm32f0xx_ll_exti.o
                              0x2c5cf (size before relaxing)
 .debug_str     0x0003e51a      0x519 ./Drivers/STM32F0xx_HAL_Driver/stm32f0xx_ll_gpio.o
                              0x2cf60 (size before relaxing)
 .debug_str     0x0003ea33      0x96f ./Drivers/STM32F0xx_HAL_Driver/stm32f0xx_ll_spi.o
                              0x2f45f (size before relaxing)
 .debug_str     0x0003f3a2     0x132a ./Drivers/STM32F0xx_HAL_Driver/stm32f0xx_ll_tim.o
                              0x30676 (size before relaxing)
 .debug_str     0x000406cc      0xc24 ./Drivers/STM32F0xx_HAL_Driver/stm32f0xx_ll_utils.o
                              0x2f4c9 (size before relaxing)

.comment        0x00000000       0x43
 .comment       0x00000000       0x43 ./Core/Src/adc.o
                                 0x44 (size before relaxing)
 .comment       0x00000043       0x44 ./Core/Src/crc.o
 .comment       0x00000043       0x44 ./Core/Src/gpio.o
 .comment       0x00000043       0x44 ./Core/Src/iwdg.o
 .comment       0x00000043       0x44 ./Core/Src/kombo_nrf24.o
 .comment       0x00000043       0x44 ./Core/Src/kombo_spi.o
 .comment       0x00000043       0x44 ./Core/Src/main.o
 .comment       0x00000043       0x44 ./Core/Src/spi.o
 .comment       0x00000043       0x44 ./Core/Src/stm32f0xx_it.o
 .comment       0x00000043       0x44 ./Core/Src/system_stm32f0xx.o
 .comment       0x00000043       0x44 ./Core/Src/tim.o
 .comment       0x00000043       0x44 ./Drivers/STM32F0xx_HAL_Driver/stm32f0xx_ll_adc.o
 .comment       0x00000043       0x44 ./Drivers/STM32F0xx_HAL_Driver/stm32f0xx_ll_exti.o
 .comment       0x00000043       0x44 ./Drivers/STM32F0xx_HAL_Driver/stm32f0xx_ll_gpio.o
 .comment       0x00000043       0x44 ./Drivers/STM32F0xx_HAL_Driver/stm32f0xx_ll_spi.o
 .comment       0x00000043       0x44 ./Drivers/STM32F0xx_HAL_Driver/stm32f0xx_ll_tim.o
 .comment       0x00000043       0x44 ./Drivers/STM32F0xx_HAL_Driver/stm32f0xx_ll_utils.o

.debug_frame    0x00000000      0xa30
 .debug_frame   0x00000000       0x2c ./Core/Src/adc.o
 .debug_frame   0x0000002c       0x24 ./Core/Src/crc.o
 .debug_frame   0x00000050       0x44 ./Core/Src/gpio.o
 .debug_frame   0x00000094       0x20 ./Core/Src/iwdg.o
 .debug_frame   0x000000b4      0x1dc ./Core/Src/kombo_nrf24.o
 .debug_frame   0x00000290       0x40 ./Core/Src/kombo_spi.o
 .debug_frame   0x000002d0      0x138 ./Core/Src/main.o
 .debug_frame   0x00000408       0x30 ./Core/Src/spi.o
 .debug_frame   0x00000438       0xa8 ./Core/Src/stm32f0xx_it.o
 .debug_frame   0x000004e0       0x3c ./Core/Src/system_stm32f0xx.o
 .debug_frame   0x0000051c       0x2c ./Core/Src/tim.o
 .debug_frame   0x00000548       0x98 ./Drivers/STM32F0xx_HAL_Driver/stm32f0xx_ll_adc.o
 .debug_frame   0x000005e0       0x40 ./Drivers/STM32F0xx_HAL_Driver/stm32f0xx_ll_exti.o
 .debug_frame   0x00000620       0x54 ./Drivers/STM32F0xx_HAL_Driver/stm32f0xx_ll_gpio.o
 .debug_frame   0x00000674       0x4c ./Drivers/STM32F0xx_HAL_Driver/stm32f0xx_ll_spi.o
 .debug_frame   0x000006c0      0x120 ./Drivers/STM32F0xx_HAL_Driver/stm32f0xx_ll_tim.o
 .debug_frame   0x000007e0       0xc0 ./Drivers/STM32F0xx_HAL_Driver/stm32f0xx_ll_utils.o
 .debug_frame   0x000008a0       0x20 C:/ST/STM32CubeIDE_1.15.0/STM32CubeIDE/plugins/com.st.stm32cube.ide.mcu.externaltools.gnu-tools-for-stm32.12.3.rel1.win32_1.0.100.202403111256/tools/bin/../lib/gcc/arm-none-eabi/12.3.1/../../../../arm-none-eabi/lib/thumb/v6-m/nofp\libc_nano.a(libc_a-memset.o)
 .debug_frame   0x000008c0       0x2c C:/ST/STM32CubeIDE_1.15.0/STM32CubeIDE/plugins/com.st.stm32cube.ide.mcu.externaltools.gnu-tools-for-stm32.12.3.rel1.win32_1.0.100.202403111256/tools/bin/../lib/gcc/arm-none-eabi/12.3.1/../../../../arm-none-eabi/lib/thumb/v6-m/nofp\libc_nano.a(libc_a-init.o)
 .debug_frame   0x000008ec       0x28 C:/ST/STM32CubeIDE_1.15.0/STM32CubeIDE/plugins/com.st.stm32cube.ide.mcu.externaltools.gnu-tools-for-stm32.12.3.rel1.win32_1.0.100.202403111256/tools/bin/../lib/gcc/arm-none-eabi/12.3.1/../../../../arm-none-eabi/lib/thumb/v6-m/nofp\libc_nano.a(libc_a-memcpy-stub.o)
 .debug_frame   0x00000914       0x20 C:/ST/STM32CubeIDE_1.15.0/STM32CubeIDE/plugins/com.st.stm32cube.ide.mcu.externaltools.gnu-tools-for-stm32.12.3.rel1.win32_1.0.100.202403111256/tools/bin/../lib/gcc/arm-none-eabi/12.3.1/thumb/v6-m/nofp\libgcc.a(_udivsi3.o)
 .debug_frame   0x00000934       0x38 C:/ST/STM32CubeIDE_1.15.0/STM32CubeIDE/plugins/com.st.stm32cube.ide.mcu.externaltools.gnu-tools-for-stm32.12.3.rel1.win32_1.0.100.202403111256/tools/bin/../lib/gcc/arm-none-eabi/12.3.1/thumb/v6-m/nofp\libgcc.a(divsf3.o)
 .debug_frame   0x0000096c       0x2c C:/ST/STM32CubeIDE_1.15.0/STM32CubeIDE/plugins/com.st.stm32cube.ide.mcu.externaltools.gnu-tools-for-stm32.12.3.rel1.win32_1.0.100.202403111256/tools/bin/../lib/gcc/arm-none-eabi/12.3.1/thumb/v6-m/nofp\libgcc.a(floatsisf.o)
 .debug_frame   0x00000998       0x3c C:/ST/STM32CubeIDE_1.15.0/STM32CubeIDE/plugins/com.st.stm32cube.ide.mcu.externaltools.gnu-tools-for-stm32.12.3.rel1.win32_1.0.100.202403111256/tools/bin/../lib/gcc/arm-none-eabi/12.3.1/thumb/v6-m/nofp\libgcc.a(muldf3.o)
 .debug_frame   0x000009d4       0x2c C:/ST/STM32CubeIDE_1.15.0/STM32CubeIDE/plugins/com.st.stm32cube.ide.mcu.externaltools.gnu-tools-for-stm32.12.3.rel1.win32_1.0.100.202403111256/tools/bin/../lib/gcc/arm-none-eabi/12.3.1/thumb/v6-m/nofp\libgcc.a(floatsidf.o)
 .debug_frame   0x00000a00       0x30 C:/ST/STM32CubeIDE_1.15.0/STM32CubeIDE/plugins/com.st.stm32cube.ide.mcu.externaltools.gnu-tools-for-stm32.12.3.rel1.win32_1.0.100.202403111256/tools/bin/../lib/gcc/arm-none-eabi/12.3.1/thumb/v6-m/nofp\libgcc.a(truncdfsf2.o)

.debug_line_str
                0x00000000       0x6a
 .debug_line_str
                0x00000000       0x6a ./Core/Startup/startup_stm32f030f4px.o
