<html>
<body>
<pre>
<h1>µVision Build Log</h1>
<h2>Tool Versions:</h2>
IDE-Version: µVision V5.38.0.0
Copyright (C) 2022 ARM Ltd and ARM Germany GmbH. All rights reserved.
License Information: 1 HP Inc., HP Inc., LIC=47GU5-GI10K-MMP9I-TMPUZ-CSL4C-V9YJG
 
Tool Versions:
Toolchain:       MDK-ARM Plus  Version: 5.38.0.0
Toolchain Path:  C:\Keil_v5.38\ARM\ARMCLANG\Bin
C Compiler:      ArmClang.exe V6.19
Assembler:       Armasm.exe V6.19
Linker/Locator:  ArmLink.exe V6.19
Library Manager: ArmAr.exe V6.19
Hex Converter:   FromElf.exe V6.19
CPU DLL:         SARMCM3.DLL V5.38.0.0
Dialog DLL:      DCM.DLL V1.17.5.0
Target DLL:      STLink\ST-LINKIII-KEIL_SWO.dll V2.0.18.0
Dialog DLL:      TCM.DLL V1.56.4.0
 
<h2>Project:</h2>
E:\melexin\GitHub\bs_kombo_bs\soft\Keil uVision\bs_base_v.1.04\MDK-ARM\bs_base_f103.uvprojx
Project File Date:  08/21/2024

<h2>Output:</h2>
*** Using Compiler 'V6.19', folder: 'C:\Keil_v5.38\ARM\ARMCLANG\Bin'
Rebuild target 'bs_base_f103'
assembling startup_stm32f103xb.s...
compiling fonts.c...
compiling st7735.c...
compiling kombo_spi.c...
compiling lcd.c...
compiling kombo_usart.c...
compiling kombo_nrf24.c...
compiling dfplayer.c...
compiling main.c...
compiling gpio.c...
compiling iwdg.c...
compiling i2c.c...
compiling spi.c...
compiling tim.c...
compiling usart.c...
compiling stm32f1xx_hal_gpio_ex.c...
compiling stm32f1xx_it.c...
compiling stm32f1xx_ll_crc.c...
compiling stm32f1xx_ll_gpio.c...
compiling stm32f1xx_hal_msp.c...
compiling stm32f1xx_ll_rcc.c...
compiling stm32f1xx_ll_utils.c...
compiling stm32f1xx_ll_exti.c...
compiling stm32f1xx_hal.c...
compiling stm32f1xx_hal_rcc_ex.c...
compiling stm32f1xx_hal_gpio.c...
compiling stm32f1xx_hal_rcc.c...
compiling stm32f1xx_hal_dma.c...
compiling stm32f1xx_hal_pwr.c...
compiling stm32f1xx_hal_cortex.c...
compiling stm32f1xx_hal_flash.c...
compiling stm32f1xx_hal_flash_ex.c...
compiling stm32f1xx_hal_exti.c...
compiling stm32f1xx_ll_spi.c...
compiling stm32f1xx_ll_dma.c...
compiling stm32f1xx_hal_tim.c...
compiling stm32f1xx_hal_tim_ex.c...
compiling stm32f1xx_ll_usart.c...
compiling stm32f1xx_ll_tim.c...
compiling stm32f1xx_hal_spi.c...
compiling system_stm32f1xx.c...
compiling stm32f1xx_hal_i2c.c...
linking...
Program Size: Code=25628 RO-data=1028 RW-data=160 ZI-data=2496  
FromELF: creating hex file...
"bs_base_f103\bs_base_f103.axf" - 0 Error(s), 0 Warning(s).

<h2>Software Packages used:</h2>

Package Vendor: ARM
                http://www.keil.com/pack/ARM.CMSIS.5.9.0.pack
                ARM.CMSIS.5.9.0
                CMSIS (Common Microcontroller Software Interface Standard)
   * Component: CORE Version: 5.6.0

Package Vendor: Keil
                http://www.keil.com/pack/Keil.STM32F1xx_DFP.2.4.0.pack
                Keil.STM32F1xx_DFP.2.4.0
                STMicroelectronics STM32F1 Series Device Support, Drivers and Examples

<h2>Collection of Component include folders:</h2>
  ./RTE/_bs_base_f103
  C:/Users/VMelehin/AppData/Local/Arm/Packs/ARM/CMSIS/5.9.0/CMSIS/Core/Include
  C:/Users/VMelehin/AppData/Local/Arm/Packs/Keil/STM32F1xx_DFP/2.4.0/Device/Include

<h2>Collection of Component Files used:</h2>

   * Component: ARM::CMSIS:CORE:5.6.0
      Include file:  CMSIS/Core/Include/tz_context.h
Build Time Elapsed:  00:00:05
</pre>
</body>
</html>
