Component: Arm Compiler for Embedded 6.19 Tool: armlink [5e73cb00]

==============================================================================

Section Cross References

    startup_stm32f103xb.o(STACK) refers (Special) to heapauxi.o(.text) for __use_two_region_memory
    startup_stm32f103xb.o(HEAP) refers (Special) to heapauxi.o(.text) for __use_two_region_memory
    startup_stm32f103xb.o(RESET) refers (Special) to heapauxi.o(.text) for __use_two_region_memory
    startup_stm32f103xb.o(RESET) refers to startup_stm32f103xb.o(STACK) for __initial_sp
    startup_stm32f103xb.o(RESET) refers to startup_stm32f103xb.o(.text) for Reset_Handler
    startup_stm32f103xb.o(RESET) refers to stm32f1xx_it.o(.text.NMI_Handler) for NMI_Handler
    startup_stm32f103xb.o(RESET) refers to stm32f1xx_it.o(.text.HardFault_Handler) for HardFault_Handler
    startup_stm32f103xb.o(RESET) refers to stm32f1xx_it.o(.text.MemManage_Handler) for MemManage_Handler
    startup_stm32f103xb.o(RESET) refers to stm32f1xx_it.o(.text.BusFault_Handler) for BusFault_Handler
    startup_stm32f103xb.o(RESET) refers to stm32f1xx_it.o(.text.UsageFault_Handler) for UsageFault_Handler
    startup_stm32f103xb.o(RESET) refers to stm32f1xx_it.o(.text.SVC_Handler) for SVC_Handler
    startup_stm32f103xb.o(RESET) refers to stm32f1xx_it.o(.text.DebugMon_Handler) for DebugMon_Handler
    startup_stm32f103xb.o(RESET) refers to stm32f1xx_it.o(.text.PendSV_Handler) for PendSV_Handler
    startup_stm32f103xb.o(RESET) refers to stm32f1xx_it.o(.text.SysTick_Handler) for SysTick_Handler
    startup_stm32f103xb.o(RESET) refers to stm32f1xx_it.o(.text.EXTI2_IRQHandler) for EXTI2_IRQHandler
    startup_stm32f103xb.o(RESET) refers to stm32f1xx_it.o(.text.EXTI3_IRQHandler) for EXTI3_IRQHandler
    startup_stm32f103xb.o(RESET) refers to stm32f1xx_it.o(.text.EXTI4_IRQHandler) for EXTI4_IRQHandler
    startup_stm32f103xb.o(RESET) refers to stm32f1xx_it.o(.text.EXTI9_5_IRQHandler) for EXTI9_5_IRQHandler
    startup_stm32f103xb.o(RESET) refers to stm32f1xx_it.o(.text.TIM1_UP_IRQHandler) for TIM1_UP_IRQHandler
    startup_stm32f103xb.o(RESET) refers to stm32f1xx_it.o(.text.TIM2_IRQHandler) for TIM2_IRQHandler
    startup_stm32f103xb.o(RESET) refers to stm32f1xx_it.o(.text.USART1_IRQHandler) for USART1_IRQHandler
    startup_stm32f103xb.o(RESET) refers to stm32f1xx_it.o(.text.EXTI15_10_IRQHandler) for EXTI15_10_IRQHandler
    startup_stm32f103xb.o(.text) refers (Special) to heapauxi.o(.text) for __use_two_region_memory
    startup_stm32f103xb.o(.text) refers to system_stm32f1xx.o(.text.SystemInit) for SystemInit
    startup_stm32f103xb.o(.text) refers to __main.o(!!!main) for __main
    startup_stm32f103xb.o(.text) refers to startup_stm32f103xb.o(HEAP) for Heap_Mem
    startup_stm32f103xb.o(.text) refers to startup_stm32f103xb.o(STACK) for Stack_Mem
    kombo_nrf24.o(.ARM.exidx.text.interrupt_off) refers to kombo_nrf24.o(.text.interrupt_off) for [Anonymous Symbol]
    kombo_nrf24.o(.ARM.exidx.text.interrupt_on) refers to kombo_nrf24.o(.text.interrupt_on) for [Anonymous Symbol]
    kombo_nrf24.o(.text.uni_delay_us) refers to main.o(.text.delay_us) for delay_us
    kombo_nrf24.o(.ARM.exidx.text.uni_delay_us) refers to kombo_nrf24.o(.text.uni_delay_us) for [Anonymous Symbol]
    kombo_nrf24.o(.text.nrf24_read_reg) refers to kombo_nrf24.o(.text.LL_GPIO_ResetOutputPin) for LL_GPIO_ResetOutputPin
    kombo_nrf24.o(.text.nrf24_read_reg) refers to kombo_spi.o(.text.spi_change_byte) for spi_change_byte
    kombo_nrf24.o(.text.nrf24_read_reg) refers to kombo_nrf24.o(.text.LL_GPIO_SetOutputPin) for LL_GPIO_SetOutputPin
    kombo_nrf24.o(.ARM.exidx.text.nrf24_read_reg) refers to kombo_nrf24.o(.text.nrf24_read_reg) for [Anonymous Symbol]
    kombo_nrf24.o(.ARM.exidx.text.LL_GPIO_ResetOutputPin) refers to kombo_nrf24.o(.text.LL_GPIO_ResetOutputPin) for [Anonymous Symbol]
    kombo_nrf24.o(.ARM.exidx.text.LL_GPIO_SetOutputPin) refers to kombo_nrf24.o(.text.LL_GPIO_SetOutputPin) for [Anonymous Symbol]
    kombo_nrf24.o(.text.nrf24_write_reg) refers to kombo_nrf24.o(.text.LL_GPIO_ResetOutputPin) for LL_GPIO_ResetOutputPin
    kombo_nrf24.o(.text.nrf24_write_reg) refers to kombo_spi.o(.text.spi_send_byte) for spi_send_byte
    kombo_nrf24.o(.text.nrf24_write_reg) refers to kombo_nrf24.o(.text.LL_GPIO_SetOutputPin) for LL_GPIO_SetOutputPin
    kombo_nrf24.o(.ARM.exidx.text.nrf24_write_reg) refers to kombo_nrf24.o(.text.nrf24_write_reg) for [Anonymous Symbol]
    kombo_nrf24.o(.text.nrf24_toggle_features) refers to kombo_nrf24.o(.text.LL_GPIO_ResetOutputPin) for LL_GPIO_ResetOutputPin
    kombo_nrf24.o(.text.nrf24_toggle_features) refers to kombo_spi.o(.text.spi_send_byte) for spi_send_byte
    kombo_nrf24.o(.text.nrf24_toggle_features) refers to kombo_nrf24.o(.text.uni_delay_us) for uni_delay_us
    kombo_nrf24.o(.text.nrf24_toggle_features) refers to kombo_nrf24.o(.text.LL_GPIO_SetOutputPin) for LL_GPIO_SetOutputPin
[...]
    _printf_percent_end                      0x080001ed   Thumb Code     0  _printf_percent_end.o(.ARM.Collect$$_printf_percent$$00000017)
    __rt_lib_init                            0x080001f1   Thumb Code     0  libinit.o(.ARM.Collect$$libinit$$00000000)
    __rt_lib_init_fp_1                       0x080001f3   Thumb Code     0  libinit2.o(.ARM.Collect$$libinit$$00000002)
    __rt_lib_init_heap_1                     0x080001f3   Thumb Code     0  libinit2.o(.ARM.Collect$$libinit$$0000000C)
    __rt_lib_init_preinit_1                  0x080001f3   Thumb Code     0  libinit2.o(.ARM.Collect$$libinit$$00000006)
    __rt_lib_init_rand_2                     0x080001f3   Thumb Code     0  libinit2.o(.ARM.Collect$$libinit$$0000000F)
    __rt_lib_init_relocate_pie_1             0x080001f3   Thumb Code     0  libinit2.o(.ARM.Collect$$libinit$$00000004)
    __rt_lib_init_user_alloc_1               0x080001f3   Thumb Code     0  libinit2.o(.ARM.Collect$$libinit$$0000000E)
    __rt_lib_init_lc_common                  0x080001f7   Thumb Code     0  libinit2.o(.ARM.Collect$$libinit$$00000011)
    __rt_lib_init_rand_1                     0x080001f7   Thumb Code     0  libinit2.o(.ARM.Collect$$libinit$$00000010)
    __rt_lib_init_lc_collate_1               0x080001fd   Thumb Code     0  libinit2.o(.ARM.Collect$$libinit$$00000013)
    __rt_lib_init_lc_ctype_2                 0x080001fd   Thumb Code     0  libinit2.o(.ARM.Collect$$libinit$$00000014)
    __rt_lib_init_lc_ctype_1                 0x08000209   Thumb Code     0  libinit2.o(.ARM.Collect$$libinit$$00000015)
    __rt_lib_init_lc_monetary_1              0x08000209   Thumb Code     0  libinit2.o(.ARM.Collect$$libinit$$00000017)
    __rt_lib_init_lc_numeric_2               0x08000209   Thumb Code     0  libinit2.o(.ARM.Collect$$libinit$$00000018)
    __rt_lib_init_alloca_1                   0x08000213   Thumb Code     0  libinit2.o(.ARM.Collect$$libinit$$00000030)
    __rt_lib_init_argv_1                     0x08000213   Thumb Code     0  libinit2.o(.ARM.Collect$$libinit$$0000002E)
    __rt_lib_init_atexit_1                   0x08000213   Thumb Code     0  libinit2.o(.ARM.Collect$$libinit$$0000001D)
    __rt_lib_init_clock_1                    0x08000213   Thumb Code     0  libinit2.o(.ARM.Collect$$libinit$$00000023)
    __rt_lib_init_cpp_1                      0x08000213   Thumb Code     0  libinit2.o(.ARM.Collect$$libinit$$00000034)
    __rt_lib_init_exceptions_1               0x08000213   Thumb Code     0  libinit2.o(.ARM.Collect$$libinit$$00000032)
    __rt_lib_init_fp_trap_1                  0x08000213   Thumb Code     0  libinit2.o(.ARM.Collect$$libinit$$00000021)
    __rt_lib_init_getenv_1                   0x08000213   Thumb Code     0  libinit2.o(.ARM.Collect$$libinit$$00000025)
    __rt_lib_init_lc_numeric_1               0x08000213   Thumb Code     0  libinit2.o(.ARM.Collect$$libinit$$00000019)
    __rt_lib_init_lc_time_1                  0x08000213   Thumb Code     0  libinit2.o(.ARM.Collect$$libinit$$0000001B)
    __rt_lib_init_return                     0x08000213   Thumb Code     0  libinit2.o(.ARM.Collect$$libinit$$00000035)
    __rt_lib_init_signal_1                   0x08000213   Thumb Code     0  libinit2.o(.ARM.Collect$$libinit$$0000001F)
    __rt_lib_init_stdio_1                    0x08000213   Thumb Code     0  libinit2.o(.ARM.Collect$$libinit$$00000027)
    __rt_lib_shutdown                        0x08000215   Thumb Code     0  libshutdown.o(.ARM.Collect$$libshutdown$$00000000)
    __rt_lib_shutdown_cpp_1                  0x08000217   Thumb Code     0  libshutdown2.o(.ARM.Collect$$libshutdown$$00000002)
    __rt_lib_shutdown_fp_trap_1              0x08000217   Thumb Code     0  libshutdown2.o(.ARM.Collect$$libshutdown$$00000007)
    __rt_lib_shutdown_heap_1                 0x08000217   Thumb Code     0  libshutdown2.o(.ARM.Collect$$libshutdown$$0000000F)
    __rt_lib_shutdown_return                 0x08000217   Thumb Code     0  libshutdown2.o(.ARM.Collect$$libshutdown$$00000010)
    __rt_lib_shutdown_signal_1               0x08000217   Thumb Code     0  libshutdown2.o(.ARM.Collect$$libshutdown$$0000000A)
    __rt_lib_shutdown_stdio_1                0x08000217   Thumb Code     0  libshutdown2.o(.ARM.Collect$$libshutdown$$00000004)
    __rt_lib_shutdown_user_alloc_1           0x08000217   Thumb Code     0  libshutdown2.o(.ARM.Collect$$libshutdown$$0000000C)
    __rt_entry                               0x08000219   Thumb Code     0  __rtentry.o(.ARM.Collect$$rtentry$$00000000)
    __rt_entry_presh_1                       0x08000219   Thumb Code     0  __rtentry2.o(.ARM.Collect$$rtentry$$00000002)
    __rt_entry_sh                            0x08000219   Thumb Code     0  __rtentry4.o(.ARM.Collect$$rtentry$$00000004)
    __rt_entry_li                            0x0800021f   Thumb Code     0  __rtentry2.o(.ARM.Collect$$rtentry$$0000000A)
    __rt_entry_postsh_1                      0x0800021f   Thumb Code     0  __rtentry2.o(.ARM.Collect$$rtentry$$00000009)
    __rt_entry_main                          0x08000223   Thumb Code     0  __rtentry2.o(.ARM.Collect$$rtentry$$0000000D)
    __rt_entry_postli_1                      0x08000223   Thumb Code     0  __rtentry2.o(.ARM.Collect$$rtentry$$0000000C)
    __rt_exit                                0x0800022b   Thumb Code     0  rtexit.o(.ARM.Collect$$rtexit$$00000000)
    __rt_exit_ls                             0x0800022d   Thumb Code     0  rtexit2.o(.ARM.Collect$$rtexit$$00000003)
    __rt_exit_prels_1                        0x0800022d   Thumb Code     0  rtexit2.o(.ARM.Collect$$rtexit$$00000002)
    __rt_exit_exit                           0x08000231   Thumb Code     0  rtexit2.o(.ARM.Collect$$rtexit$$00000004)
    rand                                     0x08000239   Thumb Code    48  rand.o(.emb_text)
    Reset_Handler                            0x0800026d   Thumb Code     8  startup_stm32f103xb.o(.text)
    ADC1_2_IRQHandler                        0x08000287   Thumb Code     0  startup_stm32f103xb.o(.text)
    CAN1_RX1_IRQHandler                      0x08000287   Thumb Code     0  startup_stm32f103xb.o(.text)
    CAN1_SCE_IRQHandler                      0x08000287   Thumb Code     0  startup_stm32f103xb.o(.text)
    DMA1_Channel1_IRQHandler                 0x08000287   Thumb Code     0  startup_stm32f103xb.o(.text)
    DMA1_Channel2_IRQHandler                 0x08000287   Thumb Code     0  startup_stm32f103xb.o(.text)
    DMA1_Channel3_IRQHandler                 0x08000287   Thumb Code     0  startup_stm32f103xb.o(.text)
    DMA1_Channel4_IRQHandler                 0x08000287   Thumb Code     0  startup_stm32f103xb.o(.text)
    DMA1_Channel5_IRQHandler                 0x08000287   Thumb Code     0  startup_stm32f103xb.o(.text)
    DMA1_Channel6_IRQHandler                 0x08000287   Thumb Code     0  startup_stm32f103xb.o(.text)
    DMA1_Channel7_IRQHandler                 0x08000287   Thumb Code     0  startup_stm32f103xb.o(.text)
    EXTI0_IRQHandler                         0x08000287   Thumb Code     0  startup_stm32f103xb.o(.text)
    EXTI1_IRQHandler                         0x08000287   Thumb Code     0  startup_stm32f103xb.o(.text)
    FLASH_IRQHandler                         0x08000287   Thumb Code     0  startup_stm32f103xb.o(.text)
    I2C1_ER_IRQHandler                       0x08000287   Thumb Code     0  startup_stm32f103xb.o(.text)
    I2C1_EV_IRQHandler                       0x08000287   Thumb Code     0  startup_stm32f103xb.o(.text)
    I2C2_ER_IRQHandler                       0x08000287   Thumb Code     0  startup_stm32f103xb.o(.text)
    I2C2_EV_IRQHandler                       0x08000287   Thumb Code     0  startup_stm32f103xb.o(.text)
    PVD_IRQHandler                           0x08000287   Thumb Code     0  startup_stm32f103xb.o(.text)
    RCC_IRQHandler                           0x08000287   Thumb Code     0  startup_stm32f103xb.o(.text)
    RTC_Alarm_IRQHandler                     0x08000287   Thumb Code     0  startup_stm32f103xb.o(.text)
    RTC_IRQHandler                           0x08000287   Thumb Code     0  startup_stm32f103xb.o(.text)
    SPI1_IRQHandler                          0x08000287   Thumb Code     0  startup_stm32f103xb.o(.text)
    SPI2_IRQHandler                          0x08000287   Thumb Code     0  startup_stm32f103xb.o(.text)
    TAMPER_IRQHandler                        0x08000287   Thumb Code     0  startup_stm32f103xb.o(.text)
    TIM1_BRK_IRQHandler                      0x08000287   Thumb Code     0  startup_stm32f103xb.o(.text)
    TIM1_CC_IRQHandler                       0x08000287   Thumb Code     0  startup_stm32f103xb.o(.text)
    TIM1_TRG_COM_IRQHandler                  0x08000287   Thumb Code     0  startup_stm32f103xb.o(.text)
    TIM3_IRQHandler                          0x08000287   Thumb Code     0  startup_stm32f103xb.o(.text)
    TIM4_IRQHandler                          0x08000287   Thumb Code     0  startup_stm32f103xb.o(.text)
    USART2_IRQHandler                        0x08000287   Thumb Code     0  startup_stm32f103xb.o(.text)
    USART3_IRQHandler                        0x08000287   Thumb Code     0  startup_stm32f103xb.o(.text)
    USBWakeUp_IRQHandler                     0x08000287   Thumb Code     0  startup_stm32f103xb.o(.text)
    USB_HP_CAN1_TX_IRQHandler                0x08000287   Thumb Code     0  startup_stm32f103xb.o(.text)
    USB_LP_CAN1_RX0_IRQHandler               0x08000287   Thumb Code     0  startup_stm32f103xb.o(.text)
    WWDG_IRQHandler                          0x08000287   Thumb Code     0  startup_stm32f103xb.o(.text)
    __user_initial_stackheap                 0x08000289   Thumb Code     0  startup_stm32f103xb.o(.text)
    sprintf                                  0x080002ad   Thumb Code    38  sprintf.o(.text)
    srand                                    0x080002d9   Thumb Code    42  rand.o(.text)
    _rand_init                               0x08000303   Thumb Code     4  rand.o(.text)
    strlen                                   0x08000315   Thumb Code    62  strlen.o(.text)
    __aeabi_memclr4                          0x08000353   Thumb Code     0  rt_memclr_w.o(.text)
    __aeabi_memclr8                          0x08000353   Thumb Code     0  rt_memclr_w.o(.text)
    __rt_memclr_w                            0x08000353   Thumb Code     0  rt_memclr_w.o(.text)
    _memset_w                                0x08000357   Thumb Code    74  rt_memclr_w.o(.text)
    __use_two_region_memory                  0x080003a1   Thumb Code     2  heapauxi.o(.text)
    __rt_heap_escrow                         0x080003a3   Thumb Code     2  heapauxi.o(.text)
    __rt_heap_expand                         0x080003a5   Thumb Code     2  heapauxi.o(.text)
    _printf_pre_padding                      0x080003a7   Thumb Code    44  _printf_pad.o(.text)
    _printf_post_padding                     0x080003d3   Thumb Code    34  _printf_pad.o(.text)
    _printf_truncate_signed                  0x080003f5   Thumb Code    18  _printf_truncate.o(.text)
    _printf_truncate_unsigned                0x08000407   Thumb Code    18  _printf_truncate.o(.text)
    _printf_str                              0x08000419   Thumb Code    82  _printf_str.o(.text)
    _printf_int_dec                          0x0800046d   Thumb Code   104  _printf_dec.o(.text)
    _printf_charcount                        0x080004e5   Thumb Code    40  _printf_charcount.o(.text)
    _printf_char_common                      0x08000517   Thumb Code    32  _printf_char_common.o(.text)
    _sputc                                   0x0800053d   Thumb Code    10  _sputc.o(.text)
    _printf_wctomb                           0x08000549   Thumb Code   182  _printf_wctomb.o(.text)
    _printf_longlong_dec                     0x08000605   Thumb Code   108  _printf_longlong_dec.o(.text)
    _printf_longlong_oct                     0x08000681   Thumb Code    68  _printf_oct_int_ll.o(.text)
    _printf_int_oct                          0x080006c5   Thumb Code    24  _printf_oct_int_ll.o(.text)
    _printf_ll_oct                           0x080006dd   Thumb Code    12  _printf_oct_int_ll.o(.text)
    _printf_longlong_hex                     0x080006f1   Thumb Code    86  _printf_hex_int_ll_ptr.o(.text)
    _printf_int_hex                          0x08000747   Thumb Code    28  _printf_hex_int_ll_ptr.o(.text)
    _printf_ll_hex                           0x08000763   Thumb Code    12  _printf_hex_int_ll_ptr.o(.text)
    _printf_hex_ptr                          0x0800076f   Thumb Code    18  _printf_hex_int_ll_ptr.o(.text)
    __printf                                 0x08000785   Thumb Code   388  __printf_flags_ss_wp.o(.text)
    __user_libspace                          0x0800090d   Thumb Code     8  libspace.o(.text)
    __user_perproc_libspace                  0x0800090d   Thumb Code     0  libspace.o(.text)
    __user_perthread_libspace                0x0800090d   Thumb Code     0  libspace.o(.text)
    _ll_udiv10                               0x08000915   Thumb Code   138  lludiv10.o(.text)
    _printf_int_common                       0x0800099f   Thumb Code   178  _printf_intcommon.o(.text)
    _printf_fp_dec_real                      0x08000c01   Thumb Code   620  _printf_fp_dec.o(.text)
    _printf_fp_hex_real                      0x08000e6d   Thumb Code   756  _printf_fp_hex.o(.text)
    _printf_cs_common                        0x08001169   Thumb Code    20  _printf_char.o(.text)
    _printf_char                             0x0800117d   Thumb Code    16  _printf_char.o(.text)
    _printf_string                           0x0800118d   Thumb Code     8  _printf_char.o(.text)
    _printf_lcs_common                       0x08001195   Thumb Code    20  _printf_wchar.o(.text)
    _printf_wchar                            0x080011a9   Thumb Code    16  _printf_wchar.o(.text)
    _printf_wstring                          0x080011b9   Thumb Code     8  _printf_wchar.o(.text)
    _c16rtomb                                0x080011c1   Thumb Code    72  _c16rtomb.o(.text)
    _wcrtomb                                 0x080011c1   Thumb Code     0  _c16rtomb.o(.text)
    __I$use$semihosting                      0x08001209   Thumb Code     0  use_no_semi.o(.text)
    __use_no_semihosting_swi                 0x08001209   Thumb Code     2  use_no_semi.o(.text)
    __semihosting_library_function           0x0800120b   Thumb Code     0  indicate_semi.o(.text)
    __user_setup_stackheap                   0x0800120b   Thumb Code    74  sys_stackheap_outer.o(.text)
    __rt_ctype_table                         0x08001255   Thumb Code    16  rt_ctype_table.o(.text)
    __rt_locale                              0x08001265   Thumb Code     8  rt_locale_intlibspace.o(.text)
    _printf_fp_infnan                        0x0800126d   Thumb Code   112  _printf_fp_infnan.o(.text)
    _btod_etento                             0x080012ed   Thumb Code   224  bigflt0.o(.text)
    exit                                     0x080013d1   Thumb Code    18  exit.o(.text)
    _sys_exit                                0x080013e5   Thumb Code     8  sys_exit.o(.text)
    strcmp                                   0x080013f1   Thumb Code   128  strcmpv7m.o(.text)
    BusFault_Handler                         0x08001471   Thumb Code     4  stm32f1xx_it.o(.text.BusFault_Handler)
    DebugMon_Handler                         0x08001475   Thumb Code     2  stm32f1xx_it.o(.text.DebugMon_Handler)
    EXTI15_10_IRQHandler                     0x080014bd   Thumb Code    30  stm32f1xx_it.o(.text.EXTI15_10_IRQHandler)
    EXTI2_IRQHandler                         0x080014dd   Thumb Code    26  stm32f1xx_it.o(.text.EXTI2_IRQHandler)
    EXTI3_IRQHandler                         0x080014f9   Thumb Code    26  stm32f1xx_it.o(.text.EXTI3_IRQHandler)
    EXTI4_IRQHandler                         0x08001515   Thumb Code    26  stm32f1xx_it.o(.text.EXTI4_IRQHandler)
    EXTI9_5_IRQHandler                       0x08001531   Thumb Code    26  stm32f1xx_it.o(.text.EXTI9_5_IRQHandler)
    Error_Handler                            0x0800154d   Thumb Code    14  main.o(.text.Error_Handler)
    HAL_Delay                                0x0800155d   Thumb Code    66  stm32f1xx_hal.o(.text.HAL_Delay)
    HAL_GPIO_Init                            0x080015a1   Thumb Code   798  stm32f1xx_hal_gpio.o(.text.HAL_GPIO_Init)
    HAL_GetTick                              0x080018c1   Thumb Code    12  stm32f1xx_hal.o(.text.HAL_GetTick)
    HAL_I2C_Init                             0x080018cd   Thumb Code   676  stm32f1xx_hal_i2c.o(.text.HAL_I2C_Init)
    HAL_I2C_Master_Transmit                  0x08001b71   Thumb Code   520  stm32f1xx_hal_i2c.o(.text.HAL_I2C_Master_Transmit)
    HAL_I2C_MspInit                          0x08001d79   Thumb Code   126  i2c.o(.text.HAL_I2C_MspInit)
    HAL_IncTick                              0x08001df9   Thumb Code    26  stm32f1xx_hal.o(.text.HAL_IncTick)
    HAL_Init                                 0x08001e15   Thumb Code    38  stm32f1xx_hal.o(.text.HAL_Init)
    HAL_InitTick                             0x08001e3d   Thumb Code   112  stm32f1xx_hal.o(.text.HAL_InitTick)
    HAL_MspInit                              0x08001ead   Thumb Code   100  stm32f1xx_hal_msp.o(.text.HAL_MspInit)
    HAL_NVIC_SetPriority                     0x08001f11   Thumb Code    50  stm32f1xx_hal_cortex.o(.text.HAL_NVIC_SetPriority)
    HAL_NVIC_SetPriorityGrouping             0x08001f45   Thumb Code    16  stm32f1xx_hal_cortex.o(.text.HAL_NVIC_SetPriorityGrouping)
    HAL_RCC_GetHCLKFreq                      0x08001f55   Thumb Code    12  stm32f1xx_hal_rcc.o(.text.HAL_RCC_GetHCLKFreq)
    HAL_RCC_GetPCLK1Freq                     0x08001f61   Thumb Code    34  stm32f1xx_hal_rcc.o(.text.HAL_RCC_GetPCLK1Freq)
    HAL_SPI_Init                             0x08001f85   Thumb Code   248  stm32f1xx_hal_spi.o(.text.HAL_SPI_Init)
    HAL_SPI_MspInit                          0x0800207d   Thumb Code   128  spi.o(.text.HAL_SPI_MspInit)
    HAL_SYSTICK_Config                       0x080020fd   Thumb Code    16  stm32f1xx_hal_cortex.o(.text.HAL_SYSTICK_Config)
    HardFault_Handler                        0x0800210d   Thumb Code     4  stm32f1xx_it.o(.text.HardFault_Handler)
    LCD_Clear                                0x08002585   Thumb Code    18  lcd.o(.text.LCD_Clear)
    LCD_SendChar                             0x08002599   Thumb Code    22  lcd.o(.text.LCD_SendChar)
    LCD_SetPos                               0x080025b1   Thumb Code   138  lcd.o(.text.LCD_SetPos)
    LCD_String                               0x0800263d   Thumb Code    56  lcd.o(.text.LCD_String)
    LCD_WriteByteI2CLCD                      0x08002675   Thumb Code    50  lcd.o(.text.LCD_WriteByteI2CLCD)
    LCD_init                                 0x080026a9   Thumb Code   162  lcd.o(.text.LCD_init)
    LL_EXTI_Init                             0x080028f9   Thumb Code   254  stm32f1xx_ll_exti.o(.text.LL_EXTI_Init)
    LL_GPIO_Init                             0x08002a7d   Thumb Code   194  stm32f1xx_ll_gpio.o(.text.LL_GPIO_Init)
    LL_RCC_GetSystemClocksFreq               0x08002d31   Thumb Code    54  stm32f1xx_ll_rcc.o(.text.LL_RCC_GetSystemClocksFreq)
    LL_SPI_Init                              0x08002eb1   Thumb Code   144  stm32f1xx_ll_spi.o(.text.LL_SPI_Init)
    LL_SetSystemCoreClock                    0x08002fad   Thumb Code    20  stm32f1xx_ll_utils.o(.text.LL_SetSystemCoreClock)
    LL_TIM_Init                              0x08003049   Thumb Code   228  stm32f1xx_ll_tim.o(.text.LL_TIM_Init)
    LL_USART_Init                            0x08003245   Thumb Code   200  stm32f1xx_ll_usart.o(.text.LL_USART_Init)
    LL_mDelay                                0x0800344d   Thumb Code    74  stm32f1xx_ll_utils.o(.text.LL_mDelay)
    MX_GPIO_Init                             0x08003499   Thumb Code   682  gpio.o(.text.MX_GPIO_Init)
    MX_I2C1_Init                             0x08003745   Thumb Code    72  i2c.o(.text.MX_I2C1_Init)
    MX_SPI1_Init                             0x0800378d   Thumb Code   150  spi.o(.text.MX_SPI1_Init)
    MX_SPI2_Init                             0x08003825   Thumb Code    80  spi.o(.text.MX_SPI2_Init)
    MX_TIM1_Init                             0x08003875   Thumb Code   124  tim.o(.text.MX_TIM1_Init)
    MX_TIM2_Init                             0x080038f1   Thumb Code   116  tim.o(.text.MX_TIM2_Init)
    MX_USART1_UART_Init                      0x08003965   Thumb Code   188  usart.o(.text.MX_USART1_UART_Init)
    MX_USART3_UART_Init                      0x08003a21   Thumb Code   158  usart.o(.text.MX_USART3_UART_Init)
    MemManage_Handler                        0x08003ac1   Thumb Code     4  stm32f1xx_it.o(.text.MemManage_Handler)
    NMI_Handler                              0x08003ac5   Thumb Code     4  stm32f1xx_it.o(.text.NMI_Handler)
    PendSV_Handler                           0x08003c79   Thumb Code     2  stm32f1xx_it.o(.text.PendSV_Handler)
    RCC_GetHCLKClockFreq                     0x08003c7d   Thumb Code    38  stm32f1xx_ll_rcc.o(.text.RCC_GetHCLKClockFreq)
    RCC_GetPCLK1ClockFreq                    0x08003ca5   Thumb Code    36  stm32f1xx_ll_rcc.o(.text.RCC_GetPCLK1ClockFreq)
    RCC_GetPCLK2ClockFreq                    0x08003cc9   Thumb Code    36  stm32f1xx_ll_rcc.o(.text.RCC_GetPCLK2ClockFreq)
    RCC_GetSystemClockFreq                   0x08003ced   Thumb Code    86  stm32f1xx_ll_rcc.o(.text.RCC_GetSystemClockFreq)
    RCC_PLL_GetFreqDomain_SYS                0x08003d45   Thumb Code   104  stm32f1xx_ll_rcc.o(.text.RCC_PLL_GetFreqDomain_SYS)
    SVC_Handler                              0x08003dad   Thumb Code     2  stm32f1xx_it.o(.text.SVC_Handler)
    SysTick_Handler                          0x08003e05   Thumb Code     8  stm32f1xx_it.o(.text.SysTick_Handler)
    SystemClock_Config                       0x08003e0d   Thumb Code   164  main.o(.text.SystemClock_Config)
    SystemInit                               0x08003eb1   Thumb Code     2  system_stm32f1xx.o(.text.SystemInit)
    TIM1_UP_IRQHandler                       0x08003eb5   Thumb Code     8  stm32f1xx_it.o(.text.TIM1_UP_IRQHandler)
    TIM2_IRQHandler                          0x08003ebd   Thumb Code     8  stm32f1xx_it.o(.text.TIM2_IRQHandler)
    USART1_IRQHandler                        0x08003ec5   Thumb Code   272  stm32f1xx_it.o(.text.USART1_IRQHandler)
    UsageFault_Handler                       0x08003fd5   Thumb Code     4  stm32f1xx_it.o(.text.UsageFault_Handler)
    crc16_calc                               0x080041f5   Thumb Code   214  main.o(.text.crc16_calc)
    data_mix                                 0x080042cd   Thumb Code   288  main.o(.text.data_mix)
    delay_us                                 0x080043ed   Thumb Code    72  main.o(.text.delay_us)
    display_init                             0x08004435   Thumb Code     8  main.o(.text.display_init)
    dwt_init                                 0x0800443d   Thumb Code    34  main.o(.text.dwt_init)
    init_variables                           0x08004461   Thumb Code   174  main.o(.text.init_variables)
    interrupt_off                            0x08004511   Thumb Code    14  kombo_nrf24.o(.text.interrupt_off)
    interrupt_on                             0x08004521   Thumb Code     4  kombo_nrf24.o(.text.interrupt_on)
    irq_callback                             0x08004525   Thumb Code   158  kombo_nrf24.o(.text.irq_callback)
    main                                     0x080045c5   Thumb Code   672  main.o(.text.main)
    mp3_init                                 0x08004865   Thumb Code   290  dfplayer.o(.text.mp3_init)
    mp3_play                                 0x08004989   Thumb Code   252  dfplayer.o(.text.mp3_play)
    mp3_volume                               0x08004a85   Thumb Code   294  dfplayer.o(.text.mp3_volume)
    nrf24_flush_rx                           0x08004bad   Thumb Code    56  kombo_nrf24.o(.text.nrf24_flush_rx)
    nrf24_flush_tx                           0x08004be5   Thumb Code    56  kombo_nrf24.o(.text.nrf24_flush_tx)
    nrf24_init                               0x08004c1d   Thumb Code   180  kombo_nrf24.o(.text.nrf24_init)
    nrf24_pins_init                          0x08004cd1   Thumb Code     2  kombo_nrf24.o(.text.nrf24_pins_init)
    nrf24_read_buf                           0x08004cd5   Thumb Code   110  kombo_nrf24.o(.text.nrf24_read_buf)
    nrf24_read_reg                           0x08004d45   Thumb Code    96  kombo_nrf24.o(.text.nrf24_read_reg)
    nrf24_rx_mode                            0x08004da5   Thumb Code   108  kombo_nrf24.o(.text.nrf24_rx_mode)
    nrf24_send                               0x08004e11   Thumb Code   126  kombo_nrf24.o(.text.nrf24_send)
    nrf24_toggle_features                    0x08004e91   Thumb Code    70  kombo_nrf24.o(.text.nrf24_toggle_features)
    nrf24_transmit                           0x08004ed9   Thumb Code   136  kombo_nrf24.o(.text.nrf24_transmit)
    nrf24_tx_mode                            0x08004f61   Thumb Code    62  kombo_nrf24.o(.text.nrf24_tx_mode)
    nrf24_write_buf                          0x08004fa1   Thumb Code   124  kombo_nrf24.o(.text.nrf24_write_buf)
    nrf24_write_reg                          0x0800501d   Thumb Code    72  kombo_nrf24.o(.text.nrf24_write_reg)
    nrf24l01_receive                         0x08005065   Thumb Code   276  main.o(.text.nrf24l01_receive)
    nrf_test                                 0x08005179   Thumb Code   228  main.o(.text.nrf_test)
    nxt_callback                             0x0800525d   Thumb Code    54  main.o(.text.nxt_callback)
    nxt_push                                 0x08005295   Thumb Code   180  main.o(.text.nxt_push)
    order_processing                         0x08005349   Thumb Code   770  main.o(.text.order_processing)
    refresh_display                          0x0800564d   Thumb Code    94  main.o(.text.refresh_display)
    reset_all                                0x080056ad   Thumb Code    52  main.o(.text.reset_all)
    rst_callback                             0x080056e1   Thumb Code    38  main.o(.text.rst_callback)
    rst_push                                 0x08005709   Thumb Code    50  main.o(.text.rst_push)
    sendbyte                                 0x0800573d   Thumb Code   100  lcd.o(.text.sendbyte)
    sendhalfbyte                             0x080057a1   Thumb Code    86  lcd.o(.text.sendhalfbyte)
    set_callback                             0x080057f9   Thumb Code    38  main.o(.text.set_callback)
    set_push                                 0x08005821   Thumb Code   184  main.o(.text.set_push)
    sort_data                                0x080058d9   Thumb Code   146  main.o(.text.sort_data)
    spi_change_byte                          0x0800596d   Thumb Code    94  kombo_spi.o(.text.spi_change_byte)
    spi_init                                 0x080059cd   Thumb Code    16  kombo_spi.o(.text.spi_init)
    spi_send_byte                            0x080059dd   Thumb Code    78  kombo_spi.o(.text.spi_send_byte)
    test_and_info                            0x08005a2d   Thumb Code   186  main.o(.text.test_and_info)
    tim1_callback                            0x08005ae9   Thumb Code    48  main.o(.text.tim1_callback)
    tim2_callback                            0x08005b19   Thumb Code    40  main.o(.text.tim2_callback)
    time_callback                            0x08005b41   Thumb Code    40  main.o(.text.time_callback)
    time_push                                0x08005b69   Thumb Code   138  main.o(.text.time_push)
    uni_delay_us                             0x08005bf5   Thumb Code    16  kombo_nrf24.o(.text.uni_delay_us)
    usart3_print                             0x08005c05   Thumb Code    44  dfplayer.o(.text.usart3_print)
    usart3_transmit                          0x08005c31   Thumb Code    48  dfplayer.o(.text.usart3_transmit)
    usart_init                               0x08005c61   Thumb Code    22  kombo_usart.o(.text.usart_init)
    usart_print                              0x08005c79   Thumb Code    56  kombo_usart.o(.text.usart_print)
    usart_transmit                           0x08005cb1   Thumb Code    48  kombo_usart.o(.text.usart_transmit)
    _btod_d2e                                0x08005ce1   Thumb Code    62  btod.o(CL$$btod_d2e)
    _d2e_denorm_low                          0x08005d1f   Thumb Code    70  btod.o(CL$$btod_d2e_denorm_low)
    _d2e_norm_op1                            0x08005d65   Thumb Code    96  btod.o(CL$$btod_d2e_norm_op1)
    __btod_div_common                        0x08005dc5   Thumb Code   696  btod.o(CL$$btod_div_common)
    _e2e                                     0x080060fd   Thumb Code   220  btod.o(CL$$btod_e2e)
    _btod_ediv                               0x080061d9   Thumb Code    42  btod.o(CL$$btod_ediv)
    _btod_emul                               0x08006203   Thumb Code    42  btod.o(CL$$btod_emul)
    __btod_mult_common                       0x0800622d   Thumb Code   580  btod.o(CL$$btod_mult_common)
    __ARM_fpclassify                         0x08006471   Thumb Code    40  fpclassify.o(i.__ARM_fpclassify)
    _is_digit                                0x08006499   Thumb Code    14  __printf_wp.o(i._is_digit)
    _get_lc_numeric                          0x080064a9   Thumb Code    44  lc_numeric_c.o(locale$$code)
    _get_lc_ctype                            0x080064d5   Thumb Code    44  lc_ctype_c.o(locale$$code)
    _printf_fp_dec                           0x08006501   Thumb Code     4  printf1.o(x$fpl$printf1)
    _printf_fp_hex                           0x08006505   Thumb Code     4  printf2.o(x$fpl$printf2)
    __I$use$fp                               0x08006508   Number         0  usenofp.o(x$fpl$usenofp)
    AHBPrescTable                            0x08006604   Data          16  system_stm32f1xx.o(.rodata.AHBPrescTable)
    APBPrescTable                            0x08006614   Data           8  system_stm32f1xx.o(.rodata.APBPrescTable)
    Region$$Table$$Base                      0x080066d4   Number         0  anon$$obj.o(Region$$Table)
    Region$$Table$$Limit                     0x080066f4   Number         0  anon$$obj.o(Region$$Table)
    __ctype                                  0x0800671d   Data           0  lc_ctype_c.o(locale$$data)
    SystemCoreClock                          0x20000000   Data           4  system_stm32f1xx.o(.data.SystemCoreClock)
    char_to_send                             0x20000004   Data          20  main.o(.data.char_to_send)
    slave_addrs                              0x20000018   Data          20  main.o(.data.slave_addrs)
    slave_nums                               0x2000002c   Data          20  main.o(.data.slave_nums)
    string_0                                 0x20000040   Data          21  main.o(.data.string_0)
    string_1                                 0x20000055   Data          21  main.o(.data.string_1)
    string_2                                 0x2000006a   Data          21  main.o(.data.string_2)
    string_3                                 0x2000007f   Data          21  main.o(.data.string_3)
    tx_addr_0                                0x20000094   Data           3  kombo_nrf24.o(.data.tx_addr_0)
    tx_addr_1                                0x20000097   Data           3  kombo_nrf24.o(.data.tx_addr_1)
    uwTickFreq                               0x2000009a   Data           1  stm32f1xx_hal.o(.data.uwTickFreq)
    uwTickPrio                               0x2000009c   Data           4  stm32f1xx_hal.o(.data.uwTickPrio)
    _random_number_data                      0x200000a0   Data         228  rand.o(.bss)
    __libspace_start                         0x20000184   Data          96  libspace.o(.bss)
    __temporary_stack_top$libspace           0x200001e4   Data           0  libspace.o(.bss)
    b_data                                   0x200001e4   Data         320  main.o(.bss.b_data)
    buf                                      0x20000324   Data           1  lcd.o(.bss.buf)
    f_rx                                     0x20000325   Data           1  kombo_nrf24.o(.bss.f_rx)
    f_tx                                     0x20000326   Data           1  kombo_nrf24.o(.bss.f_tx)
    f_usart_command                          0x20000327   Data           1  stm32f1xx_it.o(.bss.f_usart_command)
    flags                                    0x20000328   Data           5  main.o(.bss.flags)
    float_to_byte                            0x20000330   Data           4  main.o(.bss.float_to_byte)
    hi2c1                                    0x20000334   Data          84  i2c.o(.bss.hi2c1)
    hspi2                                    0x20000388   Data          88  spi.o(.bss.hspi2)
    mp3                                      0x200003e0   Data          10  dfplayer.o(.bss.mp3)
    portlcd                                  0x200003ea   Data           1  lcd.o(.bss.portlcd)
    rx_buf                                   0x200003eb   Data          11  kombo_nrf24.o(.bss.rx_buf)
    str                                      0x200003f6   Data          64  main.o(.bss.str)
    tx_buf                                   0x20000436   Data          11  kombo_nrf24.o(.bss.tx_buf)
    uwTick                                   0x20000444   Data           4  stm32f1xx_hal.o(.bss.uwTick)
    vars                                     0x20000448   Data          24  main.o(.bss.vars)



==============================================================================

Memory Map of the image

  Image Entry point : 0x080000ed

  Load Region LR_IROM1 (Base: 0x08000000, Size: 0x000068c0, Max: 0x00010000, ABSOLUTE)

    Execution Region ER_IROM1 (Exec base: 0x08000000, Load base: 0x08000000, Size: 0x00006820, Max: 0x00010000, ABSOLUTE)

    Exec Addr    Load Addr    Size         Type   Attr      Idx    E Section Name        Object

    0x08000000   0x08000000   0x000000ec   Data   RO            3    RESET               startup_stm32f103xb.o
    0x080000ec   0x080000ec   0x00000008   Code   RO         1674  * !!!main             c_w.l(__main.o)
    0x080000f4   0x080000f4   0x00000034   Code   RO         2055    !!!scatter          c_w.l(__scatter.o)
    0x08000128   0x08000128   0x0000001a   Code   RO         2057    !!handler_copy      c_w.l(__scatter_copy.o)
    0x08000142   0x08000142   0x00000002   PAD
    0x08000144   0x08000144   0x0000001c   Code   RO         2059    !!handler_zi        c_w.l(__scatter_zi.o)
    0x08000160   0x08000160   0x00000000   Code   RO         1783    .ARM.Collect$$_printf_percent$$00000000  c_w.l(_printf_percent.o)
    0x08000160   0x08000160   0x00000006   Code   RO         1772    .ARM.Collect$$_printf_percent$$00000001  c_w.l(_printf_n.o)
    0x08000166   0x08000166   0x00000006   Code   RO         1774    .ARM.Collect$$_printf_percent$$00000002  c_w.l(_printf_p.o)
    0x0800016c   0x0800016c   0x00000006   Code   RO         1779    .ARM.Collect$$_printf_percent$$00000003  c_w.l(_printf_f.o)
    0x08000172   0x08000172   0x00000006   Code   RO         1780    .ARM.Collect$$_printf_percent$$00000004  c_w.l(_printf_e.o)
    0x08000178   0x08000178   0x00000006   Code   RO         1781    .ARM.Collect$$_printf_percent$$00000005  c_w.l(_printf_g.o)
    0x0800017e   0x0800017e   0x00000006   Code   RO         1782    .ARM.Collect$$_printf_percent$$00000006  c_w.l(_printf_a.o)
    0x08000184   0x08000184   0x0000000a   Code   RO         1787    .ARM.Collect$$_printf_percent$$00000007  c_w.l(_printf_ll.o)
    0x0800018e   0x0800018e   0x00000006   Code   RO         1776    .ARM.Collect$$_printf_percent$$00000008  c_w.l(_printf_i.o)
    0x08000194   0x08000194   0x00000006   Code   RO         1777    .ARM.Collect$$_printf_percent$$00000009  c_w.l(_printf_d.o)
    0x0800019a   0x0800019a   0x00000006   Code   RO         1778    .ARM.Collect$$_printf_percent$$0000000A  c_w.l(_printf_u.o)
    0x080001a0   0x080001a0   0x00000006   Code   RO         1775    .ARM.Collect$$_printf_percent$$0000000B  c_w.l(_printf_o.o)
    0x080001a6   0x080001a6   0x00000006   Code   RO         1773    .ARM.Collect$$_printf_percent$$0000000C  c_w.l(_printf_x.o)
    0x080001ac   0x080001ac   0x00000006   Code   RO         1784    .ARM.Collect$$_printf_percent$$0000000D  c_w.l(_printf_lli.o)
    0x080001b2   0x080001b2   0x00000006   Code   RO         1785    .ARM.Collect$$_printf_percent$$0000000E  c_w.l(_printf_lld.o)
    0x080001b8   0x080001b8   0x00000006   Code   RO         1786    .ARM.Collect$$_printf_percent$$0000000F  c_w.l(_printf_llu.o)
    0x080001be   0x080001be   0x00000006   Code   RO         1791    .ARM.Collect$$_printf_percent$$00000010  c_w.l(_printf_llo.o)
    0x080001c4   0x080001c4   0x00000006   Code   RO         1792    .ARM.Collect$$_printf_percent$$00000011  c_w.l(_printf_llx.o)
    0x080001ca   0x080001ca   0x0000000a   Code   RO         1788    .ARM.Collect$$_printf_percent$$00000012  c_w.l(_printf_l.o)
    0x080001d4   0x080001d4   0x00000006   Code   RO         1770    .ARM.Collect$$_printf_percent$$00000013  c_w.l(_printf_c.o)
    0x080001da   0x080001da   0x00000006   Code   RO         1771    .ARM.Collect$$_printf_percent$$00000014  c_w.l(_printf_s.o)
    0x080001e0   0x080001e0   0x00000006   Code   RO         1789    .ARM.Collect$$_printf_percent$$00000015  c_w.l(_printf_lc.o)
    0x080001e6   0x080001e6   0x00000006   Code   RO         1790    .ARM.Collect$$_printf_percent$$00000016  c_w.l(_printf_ls.o)
    0x080001ec   0x080001ec   0x00000004   Code   RO         1899    .ARM.Collect$$_printf_percent$$00000017  c_w.l(_printf_percent_end.o)
    0x080001f0   0x080001f0   0x00000002   Code   RO         1976    .ARM.Collect$$libinit$$00000000  c_w.l(libinit.o)
    0x080001f2   0x080001f2   0x00000000   Code   RO         1798    .ARM.Collect$$libinit$$00000002  c_w.l(libinit2.o)
    0x080001f2   0x080001f2   0x00000000   Code   RO         1800    .ARM.Collect$$libinit$$00000004  c_w.l(libinit2.o)
    0x080001f2   0x080001f2   0x00000000   Code   RO         1802    .ARM.Collect$$libinit$$00000006  c_w.l(libinit2.o)
    0x080001f2   0x080001f2   0x00000000   Code   RO         1805    .ARM.Collect$$libinit$$0000000C  c_w.l(libinit2.o)
    0x080001f2   0x080001f2   0x00000000   Code   RO         1807    .ARM.Collect$$libinit$$0000000E  c_w.l(libinit2.o)
    0x080001f2   0x080001f2   0x00000004   Code   RO         1808    .ARM.Collect$$libinit$$0000000F  c_w.l(libinit2.o)
    0x080001f6   0x080001f6   0x00000000   Code   RO         1809    .ARM.Collect$$libinit$$00000010  c_w.l(libinit2.o)
    0x080001f6   0x080001f6   0x00000006   Code   RO         1810    .ARM.Collect$$libinit$$00000011  c_w.l(libinit2.o)
    0x080001fc   0x080001fc   0x00000000   Code   RO         1812    .ARM.Collect$$libinit$$00000013  c_w.l(libinit2.o)
    0x080001fc   0x080001fc   0x0000000c   Code   RO         1813    .ARM.Collect$$libinit$$00000014  c_w.l(libinit2.o)
    0x08000208   0x08000208   0x00000000   Code   RO         1814    .ARM.Collect$$libinit$$00000015  c_w.l(libinit2.o)
    0x08000208   0x08000208   0x00000000   Code   RO         1816    .ARM.Collect$$libinit$$00000017  c_w.l(libinit2.o)
    0x08000208   0x08000208   0x0000000a   Code   RO         1817    .ARM.Collect$$libinit$$00000018  c_w.l(libinit2.o)
    0x08000212   0x08000212   0x00000000   Code   RO         1818    .ARM.Collect$$libinit$$00000019  c_w.l(libinit2.o)
    0x08000212   0x08000212   0x00000000   Code   RO         1820    .ARM.Collect$$libinit$$0000001B  c_w.l(libinit2.o)
    0x08000212   0x08000212   0x00000000   Code   RO         1822    .ARM.Collect$$libinit$$0000001D  c_w.l(libinit2.o)
    0x08000212   0x08000212   0x00000000   Code   RO         1824    .ARM.Collect$$libinit$$0000001F  c_w.l(libinit2.o)
    0x08000212   0x08000212   0x00000000   Code   RO         1826    .ARM.Collect$$libinit$$00000021  c_w.l(libinit2.o)
    0x08000212   0x08000212   0x00000000   Code   RO         1828    .ARM.Collect$$libinit$$00000023  c_w.l(libinit2.o)
    0x08000212   0x08000212   0x00000000   Code   RO         1830    .ARM.Collect$$libinit$$00000025  c_w.l(libinit2.o)
    0x08000212   0x08000212   0x00000000   Code   RO         1832    .ARM.Collect$$libinit$$00000027  c_w.l(libinit2.o)
    0x08000212   0x08000212   0x00000000   Code   RO         1836    .ARM.Collect$$libinit$$0000002E  c_w.l(libinit2.o)
    0x08000212   0x08000212   0x00000000   Code   RO         1838    .ARM.Collect$$libinit$$00000030  c_w.l(libinit2.o)
    0x08000212   0x08000212   0x00000000   Code   RO         1840    .ARM.Collect$$libinit$$00000032  c_w.l(libinit2.o)
    0x08000212   0x08000212   0x00000000   Code   RO         1842    .ARM.Collect$$libinit$$00000034  c_w.l(libinit2.o)
    0x08000212   0x08000212   0x00000002   Code   RO         1843    .ARM.Collect$$libinit$$00000035  c_w.l(libinit2.o)
    0x08000214   0x08000214   0x00000002   Code   RO         2052    .ARM.Collect$$libshutdown$$00000000  c_w.l(libshutdown.o)
    0x08000216   0x08000216   0x00000000   Code   RO         2004    .ARM.Collect$$libshutdown$$00000002  c_w.l(libshutdown2.o)
    0x08000216   0x08000216   0x00000000   Code   RO         2006    .ARM.Collect$$libshutdown$$00000004  c_w.l(libshutdown2.o)
    0x08000216   0x08000216   0x00000000   Code   RO         2009    .ARM.Collect$$libshutdown$$00000007  c_w.l(libshutdown2.o)
    0x08000216   0x08000216   0x00000000   Code   RO         2012    .ARM.Collect$$libshutdown$$0000000A  c_w.l(libshutdown2.o)
    0x08000216   0x08000216   0x00000000   Code   RO         2014    .ARM.Collect$$libshutdown$$0000000C  c_w.l(libshutdown2.o)
    0x08000216   0x08000216   0x00000000   Code   RO         2017    .ARM.Collect$$libshutdown$$0000000F  c_w.l(libshutdown2.o)
    0x08000216   0x08000216   0x00000002   Code   RO         2018    .ARM.Collect$$libshutdown$$00000010  c_w.l(libshutdown2.o)
    0x08000218   0x08000218   0x00000000   Code   RO         1678    .ARM.Collect$$rtentry$$00000000  c_w.l(__rtentry.o)
    0x08000218   0x08000218   0x00000000   Code   RO         1860    .ARM.Collect$$rtentry$$00000002  c_w.l(__rtentry2.o)
    0x08000218   0x08000218   0x00000006   Code   RO         1872    .ARM.Collect$$rtentry$$00000004  c_w.l(__rtentry4.o)
    0x0800021e   0x0800021e   0x00000000   Code   RO         1862    .ARM.Collect$$rtentry$$00000009  c_w.l(__rtentry2.o)
    0x0800021e   0x0800021e   0x00000004   Code   RO         1863    .ARM.Collect$$rtentry$$0000000A  c_w.l(__rtentry2.o)
    0x08000222   0x08000222   0x00000000   Code   RO         1865    .ARM.Collect$$rtentry$$0000000C  c_w.l(__rtentry2.o)
    0x08000222   0x08000222   0x00000008   Code   RO         1866    .ARM.Collect$$rtentry$$0000000D  c_w.l(__rtentry2.o)
    0x0800022a   0x0800022a   0x00000002   Code   RO         1986    .ARM.Collect$$rtexit$$00000000  c_w.l(rtexit.o)
    0x0800022c   0x0800022c   0x00000000   Code   RO         2024    .ARM.Collect$$rtexit$$00000002  c_w.l(rtexit2.o)
    0x0800022c   0x0800022c   0x00000004   Code   RO         2025    .ARM.Collect$$rtexit$$00000003  c_w.l(rtexit2.o)
    0x08000230   0x08000230   0x00000006   Code   RO         2026    .ARM.Collect$$rtexit$$00000004  c_w.l(rtexit2.o)
    0x08000236   0x08000236   0x00000002   PAD
    0x08000238   0x08000238   0x00000034   Code   RO         1663    .emb_text           c_w.l(rand.o)
    0x0800026c   0x0800026c   0x00000040   Code   RO            4    .text               startup_stm32f103xb.o
    0x080002ac   0x080002ac   0x0000002c   Code   RO         1661    .text               c_w.l(sprintf.o)
    0x080002d8   0x080002d8   0x0000003c   Code   RO         1664    .text               c_w.l(rand.o)
    0x08000314   0x08000314   0x0000003e   Code   RO         1668    .text               c_w.l(strlen.o)
    0x08000352   0x08000352   0x0000004e   Code   RO         1670    .text               c_w.l(rt_memclr_w.o)
    0x080003a0   0x080003a0   0x00000006   Code   RO         1672    .text               c_w.l(heapauxi.o)
    0x080003a6   0x080003a6   0x0000004e   Code   RO         1704    .text               c_w.l(_printf_pad.o)
    0x080003f4   0x080003f4   0x00000024   Code   RO         1706    .text               c_w.l(_printf_truncate.o)
    0x08000418   0x08000418   0x00000052   Code   RO         1708    .text               c_w.l(_printf_str.o)
    0x0800046a   0x0800046a   0x00000002   PAD
    0x0800046c   0x0800046c   0x00000078   Code   RO         1710    .text               c_w.l(_printf_dec.o)
    0x080004e4   0x080004e4   0x00000028   Code   RO         1712    .text               c_w.l(_printf_charcount.o)
    0x0800050c   0x0800050c   0x00000030   Code   RO         1714    .text               c_w.l(_printf_char_common.o)
    0x0800053c   0x0800053c   0x0000000a   Code   RO         1716    .text               c_w.l(_sputc.o)
    0x08000546   0x08000546   0x00000002   PAD
    0x08000548   0x08000548   0x000000bc   Code   RO         1718    .text               c_w.l(_printf_wctomb.o)
    0x08000604   0x08000604   0x0000007c   Code   RO         1721    .text               c_w.l(_printf_longlong_dec.o)
    0x08000680   0x08000680   0x00000070   Code   RO         1727    .text               c_w.l(_printf_oct_int_ll.o)
    0x080006f0   0x080006f0   0x00000094   Code   RO         1747    .text               c_w.l(_printf_hex_int_ll_ptr.o)
    0x08000784   0x08000784   0x00000188   Code   RO         1767    .text               c_w.l(__printf_flags_ss_wp.o)
    0x0800090c   0x0800090c   0x00000008   Code   RO         1856    .text               c_w.l(libspace.o)
    0x08000914   0x08000914   0x0000008a   Code   RO         1882    .text               c_w.l(lludiv10.o)
    0x0800099e   0x0800099e   0x000000b2   Code   RO         1884    .text               c_w.l(_printf_intcommon.o)
    0x08000a50   0x08000a50   0x0000041c   Code   RO         1886    .text               c_w.l(_printf_fp_dec.o)
    0x08000e6c   0x08000e6c   0x000002fc   Code   RO         1890    .text               c_w.l(_printf_fp_hex.o)
    0x08001168   0x08001168   0x0000002c   Code   RO         1895    .text               c_w.l(_printf_char.o)
    0x08001194   0x08001194   0x0000002c   Code   RO         1897    .text               c_w.l(_printf_wchar.o)
    0x080011c0   0x080011c0   0x00000048   Code   RO         1900    .text               c_w.l(_c16rtomb.o)
    0x08001208   0x08001208   0x00000002   Code   RO         1913    .text               c_w.l(use_no_semi.o)
    0x0800120a   0x0800120a   0x00000000   Code   RO         1915    .text               c_w.l(indicate_semi.o)
    0x0800120a   0x0800120a   0x0000004a   Code   RO         1916    .text               c_w.l(sys_stackheap_outer.o)
    0x08001254   0x08001254   0x00000010   Code   RO         1918    .text               c_w.l(rt_ctype_table.o)
    0x08001264   0x08001264   0x00000008   Code   RO         1925    .text               c_w.l(rt_locale_intlibspace.o)
    0x0800126c   0x0800126c   0x00000080   Code   RO         1929    .text               c_w.l(_printf_fp_infnan.o)
    0x080012ec   0x080012ec   0x000000e4   Code   RO         1931    .text               c_w.l(bigflt0.o)
    0x080013d0   0x080013d0   0x00000012   Code   RO         1961    .text               c_w.l(exit.o)
    0x080013e2   0x080013e2   0x00000002   PAD
    0x080013e4   0x080013e4   0x0000000c   Code   RO         1982    .text               c_w.l(sys_exit.o)
    0x080013f0   0x080013f0   0x00000080   Code   RO         2001    .text               c_w.l(strcmpv7m.o)
    0x08001470   0x08001470   0x00000004   Code   RO          483    .text.BusFault_Handler  stm32f1xx_it.o
    0x08001474   0x08001474   0x00000002   Code   RO          489    .text.DebugMon_Handler  stm32f1xx_it.o
    0x08001476   0x08001476   0x00000002   PAD
    0x08001478   0x08001478   0x00000042   Code   RO           66    .text.DelayMicro    lcd.o
    0x080014ba   0x080014ba   0x00000002   PAD
    0x080014bc   0x080014bc   0x0000001e   Code   RO          531    .text.EXTI15_10_IRQHandler  stm32f1xx_it.o
    0x080014da   0x080014da   0x00000002   PAD
    0x080014dc   0x080014dc   0x0000001a   Code   RO          495    .text.EXTI2_IRQHandler  stm32f1xx_it.o
    0x080014f6   0x080014f6   0x00000002   PAD
    0x080014f8   0x080014f8   0x0000001a   Code   RO          501    .text.EXTI3_IRQHandler  stm32f1xx_it.o
    0x08001512   0x08001512   0x00000002   PAD
    0x08001514   0x08001514   0x0000001a   Code   RO          503    .text.EXTI4_IRQHandler  stm32f1xx_it.o
    0x0800152e   0x0800152e   0x00000002   PAD
    0x08001530   0x08001530   0x0000001a   Code   RO          505    .text.EXTI9_5_IRQHandler  stm32f1xx_it.o
    0x0800154a   0x0800154a   0x00000002   PAD
    0x0800154c   0x0800154c   0x0000000e   Code   RO          291    .text.Error_Handler  main.o
    0x0800155a   0x0800155a   0x00000002   PAD
    0x0800155c   0x0800155c   0x00000042   Code   RO          767    .text.HAL_Delay     stm32f1xx_hal.o
    0x0800159e   0x0800159e   0x00000002   PAD
    0x080015a0   0x080015a0   0x0000031e   Code   RO          861    .text.HAL_GPIO_Init  stm32f1xx_hal_gpio.o
    0x080018be   0x080018be   0x00000002   PAD
    0x080018c0   0x080018c0   0x0000000c   Code   RO          759    .text.HAL_GetTick   stm32f1xx_hal.o
    0x080018cc   0x080018cc   0x000002a4   Code   RO         1125    .text.HAL_I2C_Init  stm32f1xx_hal_i2c.o
    0x08001b70   0x08001b70   0x00000208   Code   RO         1133    .text.HAL_I2C_Master_Transmit  stm32f1xx_hal_i2c.o
    0x08001d78   0x08001d78   0x0000007e   Code   RO          366    .text.HAL_I2C_MspInit  i2c.o
    0x08001df6   0x08001df6   0x00000002   PAD
    0x08001df8   0x08001df8   0x0000001a   Code   RO          757    .text.HAL_IncTick   stm32f1xx_hal.o
    0x08001e12   0x08001e12   0x00000002   PAD
    0x08001e14   0x08001e14   0x00000026   Code   RO          747    .text.HAL_Init      stm32f1xx_hal.o
    0x08001e3a   0x08001e3a   0x00000002   PAD
    0x08001e3c   0x08001e3c   0x00000070   Code   RO          749    .text.HAL_InitTick  stm32f1xx_hal.o
    0x08001eac   0x08001eac   0x00000064   Code   RO          541    .text.HAL_MspInit   stm32f1xx_hal_msp.o
    0x08001f10   0x08001f10   0x00000032   Code   RO          921    .text.HAL_NVIC_SetPriority  stm32f1xx_hal_cortex.o
    0x08001f42   0x08001f42   0x00000002   PAD
    0x08001f44   0x08001f44   0x00000010   Code   RO          917    .text.HAL_NVIC_SetPriorityGrouping  stm32f1xx_hal_cortex.o
    0x08001f54   0x08001f54   0x0000000c   Code   RO          823    .text.HAL_RCC_GetHCLKFreq  stm32f1xx_hal_rcc.o
    0x08001f60   0x08001f60   0x00000022   Code   RO          825    .text.HAL_RCC_GetPCLK1Freq  stm32f1xx_hal_rcc.o
    0x08001f82   0x08001f82   0x00000002   PAD
    0x08001f84   0x08001f84   0x000000f8   Code   RO         1355    .text.HAL_SPI_Init  stm32f1xx_hal_spi.o
    0x0800207c   0x0800207c   0x00000080   Code   RO          405    .text.HAL_SPI_MspInit  spi.o
    0x080020fc   0x080020fc   0x00000010   Code   RO          941    .text.HAL_SYSTICK_Config  stm32f1xx_hal_cortex.o
    0x0800210c   0x0800210c   0x00000004   Code   RO          479    .text.HardFault_Handler  stm32f1xx_it.o
    0x08002110   0x08002110   0x00000064   Code   RO         1285    .text.I2C_IsAcknowledgeFailed  stm32f1xx_hal_i2c.o
    0x08002174   0x08002174   0x00000112   Code   RO         1137    .text.I2C_MasterRequestWrite  stm32f1xx_hal_i2c.o
    0x08002286   0x08002286   0x00000002   PAD
    0x08002288   0x08002288   0x00000096   Code   RO         1141    .text.I2C_WaitOnBTFFlagUntilTimeout  stm32f1xx_hal_i2c.o
    0x0800231e   0x0800231e   0x00000002   PAD
    0x08002320   0x08002320   0x000000be   Code   RO         1135    .text.I2C_WaitOnFlagUntilTimeout  stm32f1xx_hal_i2c.o
    0x080023de   0x080023de   0x00000002   PAD
    0x080023e0   0x080023e0   0x00000110   Code   RO         1283    .text.I2C_WaitOnMasterAddressFlagUntilTimeout  stm32f1xx_hal_i2c.o
    0x080024f0   0x080024f0   0x00000094   Code   RO         1139    .text.I2C_WaitOnTXEFlagUntilTimeout  stm32f1xx_hal_i2c.o
    0x08002584   0x08002584   0x00000012   Code   RO           70    .text.LCD_Clear     lcd.o
    0x08002596   0x08002596   0x00000002   PAD
    0x08002598   0x08002598   0x00000016   Code   RO           72    .text.LCD_SendChar  lcd.o
    0x080025ae   0x080025ae   0x00000002   PAD
    0x080025b0   0x080025b0   0x0000008a   Code   RO           76    .text.LCD_SetPos    lcd.o
    0x0800263a   0x0800263a   0x00000002   PAD
    0x0800263c   0x0800263c   0x00000038   Code   RO           74    .text.LCD_String    lcd.o
    0x08002674   0x08002674   0x00000032   Code   RO           62    .text.LCD_WriteByteI2CLCD  lcd.o
    0x080026a6   0x080026a6   0x00000002   PAD
    0x080026a8   0x080026a8   0x000000a2   Code   RO           78    .text.LCD_init      lcd.o
    0x0800274a   0x0800274a   0x00000002   PAD
    0x0800274c   0x0800274c   0x00000022   Code   RO          439    .text.LL_APB1_GRP1_EnableClock  tim.o
    0x0800276e   0x0800276e   0x00000002   PAD
    0x08002770   0x08002770   0x00000022   Code   RO          468    .text.LL_APB1_GRP1_EnableClock  usart.o
    0x08002792   0x08002792   0x00000002   PAD
    0x08002794   0x08002794   0x00000022   Code   RO          339    .text.LL_APB2_GRP1_EnableClock  gpio.o
    0x080027b6   0x080027b6   0x00000002   PAD
    0x080027b8   0x080027b8   0x00000022   Code   RO          401    .text.LL_APB2_GRP1_EnableClock  spi.o
    0x080027da   0x080027da   0x00000002   PAD
    0x080027dc   0x080027dc   0x00000022   Code   RO          419    .text.LL_APB2_GRP1_EnableClock  tim.o
    0x080027fe   0x080027fe   0x00000002   PAD
    0x08002800   0x08002800   0x00000022   Code   RO          452    .text.LL_APB2_GRP1_EnableClock  usart.o
    0x08002822   0x08002822   0x00000002   PAD
    0x08002824   0x08002824   0x00000014   Code   RO          499    .text.LL_EXTI_ClearFlag_0_31  stm32f1xx_it.o
    0x08002838   0x08002838   0x00000018   Code   RO          722    .text.LL_EXTI_DisableEvent_0_31  stm32f1xx_ll_exti.o
    0x08002850   0x08002850   0x00000018   Code   RO          730    .text.LL_EXTI_DisableFallingTrig_0_31  stm32f1xx_ll_exti.o
    0x08002868   0x08002868   0x00000018   Code   RO          726    .text.LL_EXTI_DisableIT_0_31  stm32f1xx_ll_exti.o
    0x08002880   0x08002880   0x00000018   Code   RO          734    .text.LL_EXTI_DisableRisingTrig_0_31  stm32f1xx_ll_exti.o
    0x08002898   0x08002898   0x00000018   Code   RO          728    .text.LL_EXTI_EnableEvent_0_31  stm32f1xx_ll_exti.o
    0x080028b0   0x080028b0   0x00000018   Code   RO          736    .text.LL_EXTI_EnableFallingTrig_0_31  stm32f1xx_ll_exti.o
    0x080028c8   0x080028c8   0x00000018   Code   RO          724    .text.LL_EXTI_EnableIT_0_31  stm32f1xx_ll_exti.o
    0x080028e0   0x080028e0   0x00000018   Code   RO          732    .text.LL_EXTI_EnableRisingTrig_0_31  stm32f1xx_ll_exti.o
    0x080028f8   0x080028f8   0x000000fe   Code   RO          720    .text.LL_EXTI_Init  stm32f1xx_ll_exti.o
    0x080029f6   0x080029f6   0x00000002   PAD
    0x080029f8   0x080029f8   0x0000001e   Code   RO          497    .text.LL_EXTI_IsActiveFlag_0_31  stm32f1xx_it.o
    0x08002a16   0x08002a16   0x00000002   PAD
    0x08002a18   0x08002a18   0x00000010   Code   RO          265    .text.LL_FLASH_GetLatency  main.o
    0x08002a28   0x08002a28   0x0000001c   Code   RO          263    .text.LL_FLASH_SetLatency  main.o
    0x08002a44   0x08002a44   0x00000038   Code   RO          343    .text.LL_GPIO_AF_SetEXTISource  gpio.o
    0x08002a7c   0x08002a7c   0x000000c2   Code   RO          568    .text.LL_GPIO_Init  stm32f1xx_ll_gpio.o
    0x08002b3e   0x08002b3e   0x00000002   PAD
    0x08002b40   0x08002b40   0x0000001c   Code   RO          295    .text.LL_GPIO_IsInputPinSet  main.o
    0x08002b5c   0x08002b5c   0x00000012   Code   RO           19    .text.LL_GPIO_ResetOutputPin  kombo_nrf24.o
    0x08002b6e   0x08002b6e   0x00000002   PAD
    0x08002b70   0x08002b70   0x00000012   Code   RO          341    .text.LL_GPIO_ResetOutputPin  gpio.o
    0x08002b82   0x08002b82   0x00000002   PAD
    0x08002b84   0x08002b84   0x00000012   Code   RO           21    .text.LL_GPIO_SetOutputPin  kombo_nrf24.o
    0x08002b96   0x08002b96   0x00000002   PAD
    0x08002b98   0x08002b98   0x00000034   Code   RO          345    .text.LL_GPIO_SetPinMode  gpio.o
    0x08002bcc   0x08002bcc   0x00000034   Code   RO          572    .text.LL_GPIO_SetPinMode  stm32f1xx_ll_gpio.o
    0x08002c00   0x08002c00   0x00000034   Code   RO          576    .text.LL_GPIO_SetPinOutputType  stm32f1xx_ll_gpio.o
    0x08002c34   0x08002c34   0x0000002a   Code   RO          347    .text.LL_GPIO_SetPinPull  gpio.o
    0x08002c5e   0x08002c5e   0x00000002   PAD
    0x08002c60   0x08002c60   0x0000002a   Code   RO          570    .text.LL_GPIO_SetPinPull  stm32f1xx_ll_gpio.o
    0x08002c8a   0x08002c8a   0x00000002   PAD
    0x08002c8c   0x08002c8c   0x00000034   Code   RO          574    .text.LL_GPIO_SetPinSpeed  stm32f1xx_ll_gpio.o
    0x08002cc0   0x08002cc0   0x00000010   Code   RO          203    .text.LL_IWDG_ReloadCounter  dfplayer.o
    0x08002cd0   0x08002cd0   0x00000010   Code   RO          231    .text.LL_IWDG_ReloadCounter  main.o
    0x08002ce0   0x08002ce0   0x00000010   Code   RO          636    .text.LL_RCC_GetAHBPrescaler  stm32f1xx_ll_rcc.o
    0x08002cf0   0x08002cf0   0x00000010   Code   RO          638    .text.LL_RCC_GetAPB1Prescaler  stm32f1xx_ll_rcc.o
    0x08002d00   0x08002d00   0x00000010   Code   RO          640    .text.LL_RCC_GetAPB2Prescaler  stm32f1xx_ll_rcc.o
    0x08002d10   0x08002d10   0x00000010   Code   RO          289    .text.LL_RCC_GetSysClkSource  main.o
    0x08002d20   0x08002d20   0x00000010   Code   RO          608    .text.LL_RCC_GetSysClkSource  stm32f1xx_ll_rcc.o
    0x08002d30   0x08002d30   0x00000036   Code   RO          616    .text.LL_RCC_GetSystemClocksFreq  stm32f1xx_ll_rcc.o
    0x08002d66   0x08002d66   0x00000002   PAD
    0x08002d68   0x08002d68   0x00000012   Code   RO          267    .text.LL_RCC_HSE_Enable  main.o
    0x08002d7a   0x08002d7a   0x00000002   PAD
    0x08002d7c   0x08002d7c   0x00000010   Code   RO          269    .text.LL_RCC_HSE_IsReady  main.o
    0x08002d8c   0x08002d8c   0x00000012   Code   RO          271    .text.LL_RCC_LSI_Enable  main.o
    0x08002d9e   0x08002d9e   0x00000002   PAD
    0x08002da0   0x08002da0   0x00000010   Code   RO          273    .text.LL_RCC_LSI_IsReady  main.o
    0x08002db0   0x08002db0   0x00000026   Code   RO          275    .text.LL_RCC_PLL_ConfigDomain_SYS  main.o
    0x08002dd6   0x08002dd6   0x00000002   PAD
    0x08002dd8   0x08002dd8   0x00000012   Code   RO          277    .text.LL_RCC_PLL_Enable  main.o
    0x08002dea   0x08002dea   0x00000002   PAD
    0x08002dec   0x08002dec   0x00000010   Code   RO          642    .text.LL_RCC_PLL_GetMainSource  stm32f1xx_ll_rcc.o
    0x08002dfc   0x08002dfc   0x00000010   Code   RO          646    .text.LL_RCC_PLL_GetMultiplicator  stm32f1xx_ll_rcc.o
    0x08002e0c   0x08002e0c   0x00000010   Code   RO          644    .text.LL_RCC_PLL_GetPrediv  stm32f1xx_ll_rcc.o
    0x08002e1c   0x08002e1c   0x00000010   Code   RO          279    .text.LL_RCC_PLL_IsReady  main.o
    0x08002e2c   0x08002e2c   0x0000001c   Code   RO          281    .text.LL_RCC_SetAHBPrescaler  main.o
    0x08002e48   0x08002e48   0x0000001c   Code   RO          283    .text.LL_RCC_SetAPB1Prescaler  main.o
    0x08002e64   0x08002e64   0x0000001c   Code   RO          285    .text.LL_RCC_SetAPB2Prescaler  main.o
    0x08002e80   0x08002e80   0x0000001c   Code   RO          287    .text.LL_RCC_SetSysClkSource  main.o
    0x08002e9c   0x08002e9c   0x00000012   Code   RO          151    .text.LL_SPI_Enable  kombo_spi.o
    0x08002eae   0x08002eae   0x00000002   PAD
    0x08002eb0   0x08002eb0   0x00000090   Code   RO         1304    .text.LL_SPI_Init   stm32f1xx_ll_spi.o
    0x08002f40   0x08002f40   0x00000010   Code   RO          159    .text.LL_SPI_IsActiveFlag_RXNE  kombo_spi.o
    0x08002f50   0x08002f50   0x00000010   Code   RO          155    .text.LL_SPI_IsActiveFlag_TXE  kombo_spi.o
    0x08002f60   0x08002f60   0x00000010   Code   RO         1306    .text.LL_SPI_IsEnabled  stm32f1xx_ll_spi.o
    0x08002f70   0x08002f70   0x0000000c   Code   RO          163    .text.LL_SPI_ReceiveData8  kombo_spi.o
    0x08002f7c   0x08002f7c   0x00000012   Code   RO         1308    .text.LL_SPI_SetCRCPolynomial  stm32f1xx_ll_spi.o
    0x08002f8e   0x08002f8e   0x00000002   PAD
    0x08002f90   0x08002f90   0x0000001a   Code   RO          157    .text.LL_SPI_TransmitData8  kombo_spi.o
    0x08002faa   0x08002faa   0x00000002   PAD
    0x08002fac   0x08002fac   0x00000014   Code   RO          661    .text.LL_SetSystemCoreClock  stm32f1xx_ll_utils.o
    0x08002fc0   0x08002fc0   0x00000010   Code   RO          307    .text.LL_TIM_ClearFlag_UPDATE  main.o
    0x08002fd0   0x08002fd0   0x00000012   Code   RO          441    .text.LL_TIM_DisableARRPreload  tim.o
    0x08002fe2   0x08002fe2   0x00000002   PAD
    0x08002fe4   0x08002fe4   0x00000012   Code   RO          435    .text.LL_TIM_DisableMasterSlaveMode  tim.o
    0x08002ff6   0x08002ff6   0x00000002   PAD
    0x08002ff8   0x08002ff8   0x00000012   Code   RO          429    .text.LL_TIM_EnableARRPreload  tim.o
    0x0800300a   0x0800300a   0x00000002   PAD
    0x0800300c   0x0800300c   0x00000012   Code   RO          259    .text.LL_TIM_EnableCounter  main.o
    0x0800301e   0x0800301e   0x00000002   PAD
    0x08003020   0x08003020   0x00000012   Code   RO          257    .text.LL_TIM_EnableIT_UPDATE  main.o
    0x08003032   0x08003032   0x00000002   PAD
    0x08003034   0x08003034   0x00000012   Code   RO         1494    .text.LL_TIM_GenerateEvent_UPDATE  stm32f1xx_ll_tim.o
    0x08003046   0x08003046   0x00000002   PAD
    0x08003048   0x08003048   0x000000e4   Code   RO         1486    .text.LL_TIM_Init   stm32f1xx_ll_tim.o
    0x0800312c   0x0800312c   0x00000010   Code   RO          305    .text.LL_TIM_IsActiveFlag_UPDATE  main.o
    0x0800313c   0x0800313c   0x00000010   Code   RO         1488    .text.LL_TIM_SetAutoReload  stm32f1xx_ll_tim.o
    0x0800314c   0x0800314c   0x0000001c   Code   RO          431    .text.LL_TIM_SetClockSource  tim.o
    0x08003168   0x08003168   0x00000010   Code   RO         1490    .text.LL_TIM_SetPrescaler  stm32f1xx_ll_tim.o
    0x08003178   0x08003178   0x00000010   Code   RO         1492    .text.LL_TIM_SetRepetitionCounter  stm32f1xx_ll_tim.o
    0x08003188   0x08003188   0x0000001a   Code   RO          433    .text.LL_TIM_SetTriggerOutput  tim.o
    0x080031a2   0x080031a2   0x00000002   PAD
    0x080031a4   0x080031a4   0x00000018   Code   RO          525    .text.LL_USART_ClearFlag_FE  stm32f1xx_it.o
    0x080031bc   0x080031bc   0x00000018   Code   RO          529    .text.LL_USART_ClearFlag_NE  stm32f1xx_it.o
    0x080031d4   0x080031d4   0x00000018   Code   RO          521    .text.LL_USART_ClearFlag_ORE  stm32f1xx_it.o
    0x080031ec   0x080031ec   0x0000001c   Code   RO          462    .text.LL_USART_ConfigAsyncMode  usart.o
    0x08003208   0x08003208   0x00000012   Code   RO          174    .text.LL_USART_Enable  kombo_usart.o
    0x0800321a   0x0800321a   0x00000002   PAD
    0x0800321c   0x0800321c   0x00000012   Code   RO          464    .text.LL_USART_Enable  usart.o
    0x0800322e   0x0800322e   0x00000002   PAD
    0x08003230   0x08003230   0x00000012   Code   RO          261    .text.LL_USART_EnableIT_RXNE  main.o
    0x08003242   0x08003242   0x00000002   PAD
    0x08003244   0x08003244   0x000000c8   Code   RO         1559    .text.LL_USART_Init  stm32f1xx_ll_usart.o
    0x0800330c   0x0800330c   0x00000010   Code   RO          523    .text.LL_USART_IsActiveFlag_FE  stm32f1xx_it.o
    0x0800331c   0x0800331c   0x00000010   Code   RO          527    .text.LL_USART_IsActiveFlag_NE  stm32f1xx_it.o
    0x0800332c   0x0800332c   0x00000010   Code   RO          519    .text.LL_USART_IsActiveFlag_ORE  stm32f1xx_it.o
    0x0800333c   0x0800333c   0x00000010   Code   RO          513    .text.LL_USART_IsActiveFlag_RXNE  stm32f1xx_it.o
    0x0800334c   0x0800334c   0x00000010   Code   RO          178    .text.LL_USART_IsActiveFlag_TXE  kombo_usart.o
    0x0800335c   0x0800335c   0x00000010   Code   RO          195    .text.LL_USART_IsActiveFlag_TXE  dfplayer.o
    0x0800336c   0x0800336c   0x00000010   Code   RO         1561    .text.LL_USART_IsEnabled  stm32f1xx_ll_usart.o
    0x0800337c   0x0800337c   0x00000010   Code   RO          515    .text.LL_USART_IsEnabledIT_RXNE  stm32f1xx_it.o
    0x0800338c   0x0800338c   0x0000000e   Code   RO          517    .text.LL_USART_ReceiveData8  stm32f1xx_it.o
    0x0800339a   0x0800339a   0x00000002   PAD
    0x0800339c   0x0800339c   0x0000004e   Code   RO         1567    .text.LL_USART_SetBaudRate  stm32f1xx_ll_usart.o
    0x080033ea   0x080033ea   0x00000002   PAD
    0x080033ec   0x080033ec   0x0000001a   Code   RO         1565    .text.LL_USART_SetHWFlowCtrl  stm32f1xx_ll_usart.o
    0x08003406   0x08003406   0x00000002   PAD
    0x08003408   0x08003408   0x0000001a   Code   RO         1563    .text.LL_USART_SetStopBitsLength  stm32f1xx_ll_usart.o
    0x08003422   0x08003422   0x00000002   PAD
    0x08003424   0x08003424   0x00000014   Code   RO          180    .text.LL_USART_TransmitData8  kombo_usart.o
    0x08003438   0x08003438   0x00000014   Code   RO          197    .text.LL_USART_TransmitData8  dfplayer.o
    0x0800344c   0x0800344c   0x0000004a   Code   RO          659    .text.LL_mDelay     stm32f1xx_ll_utils.o
    0x08003496   0x08003496   0x00000002   PAD
    0x08003498   0x08003498   0x000002aa   Code   RO          337    .text.MX_GPIO_Init  gpio.o
    0x08003742   0x08003742   0x00000002   PAD
    0x08003744   0x08003744   0x00000048   Code   RO          364    .text.MX_I2C1_Init  i2c.o
    0x0800378c   0x0800378c   0x00000096   Code   RO          399    .text.MX_SPI1_Init  spi.o
    0x08003822   0x08003822   0x00000002   PAD
    0x08003824   0x08003824   0x00000050   Code   RO          403    .text.MX_SPI2_Init  spi.o
    0x08003874   0x08003874   0x0000007c   Code   RO          417    .text.MX_TIM1_Init  tim.o
    0x080038f0   0x080038f0   0x00000074   Code   RO          437    .text.MX_TIM2_Init  tim.o
    0x08003964   0x08003964   0x000000bc   Code   RO          450    .text.MX_USART1_UART_Init  usart.o
    0x08003a20   0x08003a20   0x0000009e   Code   RO          466    .text.MX_USART3_UART_Init  usart.o
    0x08003abe   0x08003abe   0x00000002   PAD
    0x08003ac0   0x08003ac0   0x00000004   Code   RO          481    .text.MemManage_Handler  stm32f1xx_it.o
    0x08003ac4   0x08003ac4   0x00000004   Code   RO          477    .text.NMI_Handler   stm32f1xx_it.o
    0x08003ac8   0x08003ac8   0x0000006c   Code   RO          351    .text.NVIC_EncodePriority  gpio.o
    0x08003b34   0x08003b34   0x0000006c   Code   RO          423    .text.NVIC_EncodePriority  tim.o
    0x08003ba0   0x08003ba0   0x0000006c   Code   RO          456    .text.NVIC_EncodePriority  usart.o
    0x08003c0c   0x08003c0c   0x0000006c   Code   RO          927    .text.NVIC_EncodePriority  stm32f1xx_hal_cortex.o
    0x08003c78   0x08003c78   0x00000002   Code   RO          491    .text.PendSV_Handler  stm32f1xx_it.o
    0x08003c7a   0x08003c7a   0x00000002   PAD
    0x08003c7c   0x08003c7c   0x00000026   Code   RO          620    .text.RCC_GetHCLKClockFreq  stm32f1xx_ll_rcc.o
    0x08003ca2   0x08003ca2   0x00000002   PAD
    0x08003ca4   0x08003ca4   0x00000024   Code   RO          622    .text.RCC_GetPCLK1ClockFreq  stm32f1xx_ll_rcc.o
    0x08003cc8   0x08003cc8   0x00000024   Code   RO          624    .text.RCC_GetPCLK2ClockFreq  stm32f1xx_ll_rcc.o
    0x08003cec   0x08003cec   0x00000056   Code   RO          618    .text.RCC_GetSystemClockFreq  stm32f1xx_ll_rcc.o
    0x08003d42   0x08003d42   0x00000002   PAD
    0x08003d44   0x08003d44   0x00000068   Code   RO          630    .text.RCC_PLL_GetFreqDomain_SYS  stm32f1xx_ll_rcc.o
    0x08003dac   0x08003dac   0x00000002   Code   RO          487    .text.SVC_Handler   stm32f1xx_it.o
    0x08003dae   0x08003dae   0x00000002   PAD
    0x08003db0   0x08003db0   0x00000052   Code   RO          943    .text.SysTick_Config  stm32f1xx_hal_cortex.o
    0x08003e02   0x08003e02   0x00000002   PAD
    0x08003e04   0x08003e04   0x00000008   Code   RO          493    .text.SysTick_Handler  stm32f1xx_it.o
    0x08003e0c   0x08003e0c   0x000000a4   Code   RO          255    .text.SystemClock_Config  main.o
    0x08003eb0   0x08003eb0   0x00000002   Code   RO         1584    .text.SystemInit    system_stm32f1xx.o
    0x08003eb2   0x08003eb2   0x00000002   PAD
    0x08003eb4   0x08003eb4   0x00000008   Code   RO          507    .text.TIM1_UP_IRQHandler  stm32f1xx_it.o
    0x08003ebc   0x08003ebc   0x00000008   Code   RO          509    .text.TIM2_IRQHandler  stm32f1xx_it.o
    0x08003ec4   0x08003ec4   0x00000110   Code   RO          511    .text.USART1_IRQHandler  stm32f1xx_it.o
    0x08003fd4   0x08003fd4   0x00000004   Code   RO          485    .text.UsageFault_Handler  stm32f1xx_it.o
    0x08003fd8   0x08003fd8   0x00000030   Code   RO          355    .text.__NVIC_EnableIRQ  gpio.o
    0x08004008   0x08004008   0x00000030   Code   RO          427    .text.__NVIC_EnableIRQ  tim.o
    0x08004038   0x08004038   0x00000030   Code   RO          460    .text.__NVIC_EnableIRQ  usart.o
    0x08004068   0x08004068   0x00000010   Code   RO          353    .text.__NVIC_GetPriorityGrouping  gpio.o
    0x08004078   0x08004078   0x00000010   Code   RO          425    .text.__NVIC_GetPriorityGrouping  tim.o
    0x08004088   0x08004088   0x00000010   Code   RO          458    .text.__NVIC_GetPriorityGrouping  usart.o
    0x08004098   0x08004098   0x00000010   Code   RO          923    .text.__NVIC_GetPriorityGrouping  stm32f1xx_hal_cortex.o
    0x080040a8   0x080040a8   0x00000042   Code   RO          349    .text.__NVIC_SetPriority  gpio.o
    0x080040ea   0x080040ea   0x00000002   PAD
    0x080040ec   0x080040ec   0x00000042   Code   RO          421    .text.__NVIC_SetPriority  tim.o
    0x0800412e   0x0800412e   0x00000002   PAD
    0x08004130   0x08004130   0x00000042   Code   RO          454    .text.__NVIC_SetPriority  usart.o
    0x08004172   0x08004172   0x00000002   PAD
    0x08004174   0x08004174   0x00000042   Code   RO          925    .text.__NVIC_SetPriority  stm32f1xx_hal_cortex.o
    0x080041b6   0x080041b6   0x00000002   PAD
    0x080041b8   0x080041b8   0x0000003c   Code   RO          919    .text.__NVIC_SetPriorityGrouping  stm32f1xx_hal_cortex.o
    0x080041f4   0x080041f4   0x000000d6   Code   RO          219    .text.crc16_calc    main.o
    0x080042ca   0x080042ca   0x00000002   PAD
    0x080042cc   0x080042cc   0x00000120   Code   RO          241    .text.data_mix      main.o
    0x080043ec   0x080043ec   0x00000048   Code   RO          237    .text.delay_us      main.o
    0x08004434   0x08004434   0x00000008   Code   RO          225    .text.display_init  main.o
    0x0800443c   0x0800443c   0x00000022   Code   RO          235    .text.dwt_init      main.o
    0x0800445e   0x0800445e   0x00000002   PAD
    0x08004460   0x08004460   0x000000ae   Code   RO          217    .text.init_variables  main.o
    0x0800450e   0x0800450e   0x00000002   PAD
    0x08004510   0x08004510   0x0000000e   Code   RO           11    .text.interrupt_off  kombo_nrf24.o
    0x0800451e   0x0800451e   0x00000002   PAD
    0x08004520   0x08004520   0x00000004   Code   RO           13    .text.interrupt_on  kombo_nrf24.o
    0x08004524   0x08004524   0x0000009e   Code   RO           47    .text.irq_callback  kombo_nrf24.o
    0x080045c2   0x080045c2   0x00000002   PAD
    0x080045c4   0x080045c4   0x000002a0   Code   RO          253    .text.main          main.o
    0x08004864   0x08004864   0x00000122   Code   RO          201    .text.mp3_init      dfplayer.o
    0x08004986   0x08004986   0x00000002   PAD
    0x08004988   0x08004988   0x000000fc   Code   RO          205    .text.mp3_play      dfplayer.o
    0x08004a84   0x08004a84   0x00000126   Code   RO          207    .text.mp3_volume    dfplayer.o
    0x08004baa   0x08004baa   0x00000002   PAD
    0x08004bac   0x08004bac   0x00000038   Code   RO           31    .text.nrf24_flush_rx  kombo_nrf24.o
    0x08004be4   0x08004be4   0x00000038   Code   RO           33    .text.nrf24_flush_tx  kombo_nrf24.o
    0x08004c1c   0x08004c1c   0x000000b4   Code   RO           45    .text.nrf24_init    kombo_nrf24.o
    0x08004cd0   0x08004cd0   0x00000002   Code   RO           43    .text.nrf24_pins_init  kombo_nrf24.o
    0x08004cd2   0x08004cd2   0x00000002   PAD
    0x08004cd4   0x08004cd4   0x0000006e   Code   RO           27    .text.nrf24_read_buf  kombo_nrf24.o
    0x08004d42   0x08004d42   0x00000002   PAD
    0x08004d44   0x08004d44   0x00000060   Code   RO           17    .text.nrf24_read_reg  kombo_nrf24.o
    0x08004da4   0x08004da4   0x0000006c   Code   RO           35    .text.nrf24_rx_mode  kombo_nrf24.o
    0x08004e10   0x08004e10   0x0000007e   Code   RO           41    .text.nrf24_send    kombo_nrf24.o
    0x08004e8e   0x08004e8e   0x00000002   PAD
    0x08004e90   0x08004e90   0x00000046   Code   RO           25    .text.nrf24_toggle_features  kombo_nrf24.o
    0x08004ed6   0x08004ed6   0x00000002   PAD
    0x08004ed8   0x08004ed8   0x00000088   Code   RO           39    .text.nrf24_transmit  kombo_nrf24.o
    0x08004f60   0x08004f60   0x0000003e   Code   RO           37    .text.nrf24_tx_mode  kombo_nrf24.o
    0x08004f9e   0x08004f9e   0x00000002   PAD
    0x08004fa0   0x08004fa0   0x0000007c   Code   RO           29    .text.nrf24_write_buf  kombo_nrf24.o
    0x0800501c   0x0800501c   0x00000048   Code   RO           23    .text.nrf24_write_reg  kombo_nrf24.o
    0x08005064   0x08005064   0x00000114   Code   RO          221    .text.nrf24l01_receive  main.o
    0x08005178   0x08005178   0x000000e4   Code   RO          227    .text.nrf_test      main.o
    0x0800525c   0x0800525c   0x00000036   Code   RO          297    .text.nxt_callback  main.o
    0x08005292   0x08005292   0x00000002   PAD
    0x08005294   0x08005294   0x000000b4   Code   RO          251    .text.nxt_push      main.o
    0x08005348   0x08005348   0x00000302   Code   RO          249    .text.order_processing  main.o
    0x0800564a   0x0800564a   0x00000002   PAD
    0x0800564c   0x0800564c   0x0000005e   Code   RO          223    .text.refresh_display  main.o
    0x080056aa   0x080056aa   0x00000002   PAD
    0x080056ac   0x080056ac   0x00000034   Code   RO          239    .text.reset_all     main.o
    0x080056e0   0x080056e0   0x00000026   Code   RO          293    .text.rst_callback  main.o
    0x08005706   0x08005706   0x00000002   PAD
    0x08005708   0x08005708   0x00000032   Code   RO          243    .text.rst_push      main.o
    0x0800573a   0x0800573a   0x00000002   PAD
    0x0800573c   0x0800573c   0x00000064   Code   RO           68    .text.sendbyte      lcd.o
    0x080057a0   0x080057a0   0x00000056   Code   RO           64    .text.sendhalfbyte  lcd.o
    0x080057f6   0x080057f6   0x00000002   PAD
    0x080057f8   0x080057f8   0x00000026   Code   RO          299    .text.set_callback  main.o
    0x0800581e   0x0800581e   0x00000002   PAD
    0x08005820   0x08005820   0x000000b8   Code   RO          245    .text.set_push      main.o
    0x080058d8   0x080058d8   0x00000092   Code   RO          233    .text.sort_data     main.o
    0x0800596a   0x0800596a   0x00000002   PAD
    0x0800596c   0x0800596c   0x0000005e   Code   RO          161    .text.spi_change_byte  kombo_spi.o
    0x080059ca   0x080059ca   0x00000002   PAD
    0x080059cc   0x080059cc   0x00000010   Code   RO          149    .text.spi_init      kombo_spi.o
    0x080059dc   0x080059dc   0x0000004e   Code   RO          153    .text.spi_send_byte  kombo_spi.o
    0x08005a2a   0x08005a2a   0x00000002   PAD
    0x08005a2c   0x08005a2c   0x000000ba   Code   RO          229    .text.test_and_info  main.o
    0x08005ae6   0x08005ae6   0x00000002   PAD
    0x08005ae8   0x08005ae8   0x00000030   Code   RO          303    .text.tim1_callback  main.o
    0x08005b18   0x08005b18   0x00000028   Code   RO          309    .text.tim2_callback  main.o
    0x08005b40   0x08005b40   0x00000028   Code   RO          301    .text.time_callback  main.o
    0x08005b68   0x08005b68   0x0000008a   Code   RO          247    .text.time_push     main.o
    0x08005bf2   0x08005bf2   0x00000002   PAD
    0x08005bf4   0x08005bf4   0x00000010   Code   RO           15    .text.uni_delay_us  kombo_nrf24.o
    0x08005c04   0x08005c04   0x0000002c   Code   RO          199    .text.usart3_print  dfplayer.o
    0x08005c30   0x08005c30   0x00000030   Code   RO          193    .text.usart3_transmit  dfplayer.o
    0x08005c60   0x08005c60   0x00000016   Code   RO          172    .text.usart_init    kombo_usart.o
    0x08005c76   0x08005c76   0x00000002   PAD
    0x08005c78   0x08005c78   0x00000038   Code   RO          182    .text.usart_print   kombo_usart.o
    0x08005cb0   0x08005cb0   0x00000030   Code   RO          176    .text.usart_transmit  kombo_usart.o
    0x08005ce0   0x08005ce0   0x0000003e   Code   RO         1934    CL$$btod_d2e        c_w.l(btod.o)
    0x08005d1e   0x08005d1e   0x00000046   Code   RO         1936    CL$$btod_d2e_denorm_low  c_w.l(btod.o)
    0x08005d64   0x08005d64   0x00000060   Code   RO         1935    CL$$btod_d2e_norm_op1  c_w.l(btod.o)
    0x08005dc4   0x08005dc4   0x00000338   Code   RO         1944    CL$$btod_div_common  c_w.l(btod.o)
    0x080060fc   0x080060fc   0x000000dc   Code   RO         1941    CL$$btod_e2e        c_w.l(btod.o)
    0x080061d8   0x080061d8   0x0000002a   Code   RO         1938    CL$$btod_ediv       c_w.l(btod.o)
    0x08006202   0x08006202   0x0000002a   Code   RO         1937    CL$$btod_emul       c_w.l(btod.o)
    0x0800622c   0x0800622c   0x00000244   Code   RO         1943    CL$$btod_mult_common  c_w.l(btod.o)
    0x08006470   0x08006470   0x00000028   Code   RO         1980    i.__ARM_fpclassify  m_ws.l(fpclassify.o)
    0x08006498   0x08006498   0x0000000e   Code   RO         1760    i._is_digit         c_w.l(__printf_wp.o)
    0x080064a6   0x080064a6   0x00000002   PAD
    0x080064a8   0x080064a8   0x0000002c   Code   RO         1959    locale$$code        c_w.l(lc_numeric_c.o)
    0x080064d4   0x080064d4   0x0000002c   Code   RO         1995    locale$$code        c_w.l(lc_ctype_c.o)
    0x08006500   0x08006500   0x00000004   Code   RO         1844    x$fpl$printf1       fz_ws.l(printf1.o)
    0x08006504   0x08006504   0x00000004   Code   RO         1846    x$fpl$printf2       fz_ws.l(printf2.o)
    0x08006508   0x08006508   0x00000000   Code   RO         1979    x$fpl$usenofp       fz_ws.l(usenofp.o)
    0x08006508   0x08006508   0x00000008   Data   RO         1719    .constdata          c_w.l(_printf_wctomb.o)
    0x08006510   0x08006510   0x00000028   Data   RO         1748    .constdata          c_w.l(_printf_hex_int_ll_ptr.o)
    0x08006538   0x08006538   0x00000011   Data   RO         1768    .constdata          c_w.l(__printf_flags_ss_wp.o)
    0x08006549   0x08006549   0x00000026   Data   RO         1891    .constdata          c_w.l(_printf_fp_hex.o)
    0x0800656f   0x0800656f   0x00000001   PAD
    0x08006570   0x08006570   0x00000094   Data   RO         1932    .constdata          c_w.l(bigflt0.o)
    0x08006604   0x08006604   0x00000010   Data   RO         1589    .rodata.AHBPrescTable  system_stm32f1xx.o
    0x08006614   0x08006614   0x00000008   Data   RO         1590    .rodata.APBPrescTable  system_stm32f1xx.o
    0x0800661c   0x0800661c   0x000000b5   Data   RO          328    .rodata.str1.1      main.o
    0x080066d1   0x080066d1   0x00000003   PAD
    0x080066d4   0x080066d4   0x00000020   Data   RO         2054    Region$$Table       anon$$obj.o
    0x080066f4   0x080066f4   0x0000001c   Data   RO         1958    locale$$data        c_w.l(lc_numeric_c.o)
    0x08006710   0x08006710   0x00000110   Data   RO         1994    locale$$data        c_w.l(lc_ctype_c.o)


    Execution Region RW_IRAM1 (Exec base: 0x20000000, Load base: 0x08006820, Size: 0x00000a60, Max: 0x00005000, ABSOLUTE)

    Exec Addr    Load Addr    Size         Type   Attr      Idx    E Section Name        Object

    0x20000000   0x08006820   0x00000004   Data   RW         1588    .data.SystemCoreClock  system_stm32f1xx.o
    0x20000004   0x08006824   0x00000014   Data   RW          313    .data.char_to_send  main.o
    0x20000018   0x08006838   0x00000014   Data   RW          314    .data.slave_addrs   main.o
    0x2000002c   0x0800684c   0x00000014   Data   RW          315    .data.slave_nums    main.o
    0x20000040   0x08006860   0x00000015   Data   RW          316    .data.string_0      main.o
    0x20000055   0x08006875   0x00000015   Data   RW          317    .data.string_1      main.o
    0x2000006a   0x0800688a   0x00000015   Data   RW          318    .data.string_2      main.o
    0x2000007f   0x0800689f   0x00000015   Data   RW          319    .data.string_3      main.o
    0x20000094   0x080068b4   0x00000003   Data   RW           49    .data.tx_addr_0     kombo_nrf24.o
    0x20000097   0x080068b7   0x00000003   Data   RW           50    .data.tx_addr_1     kombo_nrf24.o
    0x2000009a   0x080068ba   0x00000001   Data   RW          798    .data.uwTickFreq    stm32f1xx_hal.o
    0x2000009b   0x080068bb   0x00000001   PAD
    0x2000009c   0x080068bc   0x00000004   Data   RW          797    .data.uwTickPrio    stm32f1xx_hal.o
    0x200000a0        -       0x000000e4   Zero   RW         1665    .bss                c_w.l(rand.o)
    0x20000184        -       0x00000060   Zero   RW         1857    .bss                c_w.l(libspace.o)
    0x200001e4        -       0x00000140   Zero   RW          324    .bss.b_data         main.o
    0x20000324        -       0x00000001   Zero   RW           80    .bss.buf            lcd.o
    0x20000325        -       0x00000001   Zero   RW           53    .bss.f_rx           kombo_nrf24.o
    0x20000326        -       0x00000001   Zero   RW           54    .bss.f_tx           kombo_nrf24.o
    0x20000327        -       0x00000001   Zero   RW          533    .bss.f_usart_command  stm32f1xx_it.o
    0x20000328        -       0x00000005   Zero   RW          322    .bss.flags          main.o
    0x2000032d   0x080068c0   0x00000003   PAD
    0x20000330        -       0x00000004   Zero   RW          325    .bss.float_to_byte  main.o
    0x20000334        -       0x00000054   Zero   RW          370    .bss.hi2c1          i2c.o
    0x20000388        -       0x00000058   Zero   RW          409    .bss.hspi2          spi.o
    0x200003e0        -       0x0000000a   Zero   RW          209    .bss.mp3            dfplayer.o
    0x200003ea        -       0x00000001   Zero   RW           81    .bss.portlcd        lcd.o
    0x200003eb        -       0x0000000b   Zero   RW           51    .bss.rx_buf         kombo_nrf24.o
    0x200003f6        -       0x00000040   Zero   RW          311    .bss.str            main.o
    0x20000436        -       0x0000000b   Zero   RW           52    .bss.tx_buf         kombo_nrf24.o
    0x20000441   0x080068c0   0x00000003   PAD
    0x20000444        -       0x00000004   Zero   RW          799    .bss.uwTick         stm32f1xx_hal.o
    0x20000448        -       0x00000018   Zero   RW          323    .bss.vars           main.o
    0x20000460        -       0x00000200   Zero   RW            2    HEAP                startup_stm32f103xb.o
    0x20000660        -       0x00000400   Zero   RW            1    STACK               startup_stm32f103xb.o


==============================================================================

Image component sizes


      Code (inc. data)   RO Data    RW Data    ZI Data      Debug   Object Name

       980          0          0          0         10       2890   dfplayer.o
      1122          0          0          0          0       5700   gpio.o
       198          0          0          0         84       4275   i2c.o
      1426          0          0          6         24       3996   kombo_nrf24.o
       276          0          0          0          0       2063   kombo_spi.o
       180          0          0          0          0       1922   kombo_usart.o
       698          4          0          0          2       1998   lcd.o
      4644         12        181        144        417      12655   main.o
       392          0          0          0         88       4865   spi.o
        64         26        236          0       1536        816   startup_stm32f103xb.o
       254          0          0          5          4       5575   stm32f1xx_hal.o
       414          0          0          0          0       7526   stm32f1xx_hal_cortex.o
       798          0          0          0          0       4228   stm32f1xx_hal_gpio.o
      2330          0          0          0          0      37016   stm32f1xx_hal_i2c.o
       100          0          0          0          0       1213   stm32f1xx_hal_msp.o
        46          0          0          0          0       7410   stm32f1xx_hal_rcc.o
       248          0          0          0          0      19145   stm32f1xx_hal_spi.o
       672          0          0          0          1       4416   stm32f1xx_it.o
       446          0          0          0          0       2840   stm32f1xx_ll_exti.o
       392          0          0          0          0       3193   stm32f1xx_ll_gpio.o
       466          0          0          0          0       4559   stm32f1xx_ll_rcc.o
       178          0          0          0          0       2955   stm32f1xx_ll_spi.o
       294          0          0          0          0       8717   stm32f1xx_ll_tim.o
       346          0          0          0          0       4171   stm32f1xx_ll_usart.o
        94          0          0          0          0       6136   stm32f1xx_ll_utils.o
         2          0         24          4          0       1585   system_stm32f1xx.o
       654          0          0          0          0       5765   tim.o
       698          0          0          0          0       5542   usart.o

    ----------------------------------------------------------------------
     18608         42        476        160       2172     173172   Object Totals
         0          0         32          0          0          0   (incl. Generated)
       196          0          3          1          6          0   (incl. Padding)

    ----------------------------------------------------------------------

      Code (inc. data)   RO Data    RW Data    ZI Data      Debug   Library Member Name

         8          0          0          0          0         68   __main.o
       392          4         17          0          0         92   __printf_flags_ss_wp.o
        14          0          0          0          0         68   __printf_wp.o
         0          0          0          0          0          0   __rtentry.o
        12          0          0          0          0          0   __rtentry2.o
         6          0          0          0          0          0   __rtentry4.o
        52          8          0          0          0          0   __scatter.o
        26          0          0          0          0          0   __scatter_copy.o
        28          0          0          0          0          0   __scatter_zi.o
        72          0          0          0          0         96   _c16rtomb.o
         6          0          0          0          0          0   _printf_a.o
         6          0          0          0          0          0   _printf_c.o
        44          0          0          0          0        108   _printf_char.o
        48          6          0          0          0         96   _printf_char_common.o
        40          0          0          0          0         68   _printf_charcount.o
         6          0          0          0          0          0   _printf_d.o
       120         16          0          0          0         92   _printf_dec.o
         6          0          0          0          0          0   _printf_e.o
         6          0          0          0          0          0   _printf_f.o
      1052          0          0          0          0        148   _printf_fp_dec.o
       764          8         38          0          0        100   _printf_fp_hex.o
       128         16          0          0          0         84   _printf_fp_infnan.o
         6          0          0          0          0          0   _printf_g.o
       148          4         40          0          0        160   _printf_hex_int_ll_ptr.o
         6          0          0          0          0          0   _printf_i.o
       178          0          0          0          0         88   _printf_intcommon.o
        10          0          0          0          0          0   _printf_l.o
         6          0          0          0          0          0   _printf_lc.o
        10          0          0          0          0          0   _printf_ll.o
         6          0          0          0          0          0   _printf_lld.o
         6          0          0          0          0          0   _printf_lli.o
         6          0          0          0          0          0   _printf_llo.o
         6          0          0          0          0          0   _printf_llu.o
         6          0          0          0          0          0   _printf_llx.o
       124         16          0          0          0         92   _printf_longlong_dec.o
         6          0          0          0          0          0   _printf_ls.o
         6          0          0          0          0          0   _printf_n.o
         6          0          0          0          0          0   _printf_o.o
       112          8          0          0          0        124   _printf_oct_int_ll.o
         6          0          0          0          0          0   _printf_p.o
        78          0          0          0          0        108   _printf_pad.o
         0          0          0          0          0          0   _printf_percent.o
         4          0          0          0          0          0   _printf_percent_end.o
         6          0          0          0          0          0   _printf_s.o
        82          0          0          0          0         80   _printf_str.o
        36          0          0          0          0         84   _printf_truncate.o
         6          0          0          0          0          0   _printf_u.o
        44          0          0          0          0        108   _printf_wchar.o
       188          6          8          0          0         92   _printf_wctomb.o
         6          0          0          0          0          0   _printf_x.o
        10          0          0          0          0         68   _sputc.o
       228          4        148          0          0         96   bigflt0.o
      1936        128          0          0          0        668   btod.o
        18          0          0          0          0         80   exit.o
         6          0          0          0          0        152   heapauxi.o
         0          0          0          0          0          0   indicate_semi.o
        44         10        272          0          0         76   lc_ctype_c.o
        44         10         28          0          0         76   lc_numeric_c.o
         2          0          0          0          0          0   libinit.o
        34          0          0          0          0          0   libinit2.o
         2          0          0          0          0          0   libshutdown.o
         2          0          0          0          0          0   libshutdown2.o
         8          4          0          0         96         68   libspace.o
       138          0          0          0          0         80   lludiv10.o
       112         18          0          0        228        160   rand.o
        16          4          0          0          0         76   rt_ctype_table.o
         8          4          0          0          0         68   rt_locale_intlibspace.o
        78          0          0          0          0         80   rt_memclr_w.o
         2          0          0          0          0          0   rtexit.o
        10          0          0          0          0          0   rtexit2.o
        44          6          0          0          0         84   sprintf.o
       128          0          0          0          0         68   strcmpv7m.o
        62          0          0          0          0         76   strlen.o
        12          4          0          0          0         68   sys_exit.o
        74          0          0          0          0         80   sys_stackheap_outer.o
         2          0          0          0          0         68   use_no_semi.o
         4          0          0          0          0         68   printf1.o
         4          0          0          0          0         68   printf2.o
         0          0          0          0          0          0   usenofp.o
        40          0          0          0          0         68   fpclassify.o

    ----------------------------------------------------------------------
      7020        284        552          0        324       4352   Library Totals
        12          0          1          0          0          0   (incl. Padding)

    ----------------------------------------------------------------------

      Code (inc. data)   RO Data    RW Data    ZI Data      Debug   Library Name

      6960        284        551          0        324       4148   c_w.l
         8          0          0          0          0        136   fz_ws.l
        40          0          0          0          0         68   m_ws.l

    ----------------------------------------------------------------------
      7020        284        552          0        324       4352   Library Totals

    ----------------------------------------------------------------------

==============================================================================


      Code (inc. data)   RO Data    RW Data    ZI Data      Debug   

     25628        326       1028        160       2496     174660   Grand Totals
     25628        326       1028        160       2496     174660   ELF Image Totals
     25628        326       1028        160          0          0   ROM Totals

==============================================================================

    Total RO  Size (Code + RO Data)                26656 (  26.03kB)
    Total RW  Size (RW Data + ZI Data)              2656 (   2.59kB)
    Total ROM Size (Code + RO Data + RW Data)      26816 (  26.19kB)

==============================================================================

