../Core/Src/main.c:97:6:blink_led	16	static
../Core/Src/main.c:109:10:crc16_calc	20	static
../Core/Src/main.c:144:9:nrf_test	40	static
../Core/Src/main.c:176:6:test_and_info	8	static
../Core/Src/main.c:191:6:nrf24l01_receive	32	static
../Core/Src/main.c:272:6:adc_init	0	static
../Core/Src/main.c:292:7:reading_vcc	16	static
../Core/Src/main.c:384:6:SystemClock_Config	8	static
../Core/Src/main.c:309:5:main	16	static
../Core/Src/main.c:427:6:but_callback	0	static
../Core/Src/main.c:440:6:tim1_callback	0	static
../Core/Src/main.c:465:6:Error_Handler	0	static,ignoring_inline_asm
