<html>
<body>
<pre>
<h1>µVision Build Log</h1>
<h2>Tool Versions:</h2>
IDE-Version: µVision V5.38.0.0
Copyright (C) 2022 ARM Ltd and ARM Germany GmbH. All rights reserved.
License Information: 1 2, 3, LIC=----
 
Tool Versions:
Toolchain:       MDK-Lite  Version: 5.38.0.0
Toolchain Path:  C:\Keil_v5\ARM\ARMCLANG\Bin
C Compiler:      ArmClang.exe V6.19
Assembler:       Armasm.exe V6.19
Linker/Locator:  ArmLink.exe V6.19
Library Manager: ArmAr.exe V6.19
Hex Converter:   FromElf.exe V6.19
CPU DLL:         SARMCM3.DLL V5.38.0.0
Dialog DLL:      DARMCM1.DLL V1.19.6.0
Target DLL:      STLink\ST-LINKIII-KEIL_SWO.dll V3.1.0.0
Dialog DLL:      TARMCM1.DLL V1.14.6.0
 
<h2>Project:</h2>
E:\Yanex.disk\GitHub\kombo_bs\public\soft\Keil uVision\bs_button_v.1.0\MDK-ARM\kombo_nrf24_button.uvprojx
Project File Date:  06/19/2024

<h2>Output:</h2>
*** Using Compiler 'V6.19', folder: 'C:\Keil_v5\ARM\ARMCLANG\Bin'
Rebuild target 'kombo_nrf24_button'
assembling startup_stm32f030x6.s...
compiling kombo_nrf24.c...
compiling kombo_spi.c...
compiling main.c...
compiling gpio.c...
compiling adc.c...
compiling crc.c...
compiling iwdg.c...
compiling spi.c...
compiling tim.c...
compiling stm32f0xx_it.c...
compiling stm32f0xx_ll_gpio.c...
compiling stm32f0xx_ll_adc.c...
compiling stm32f0xx_ll_dma.c...
compiling stm32f0xx_ll_rcc.c...
compiling stm32f0xx_ll_utils.c...
compiling stm32f0xx_ll_exti.c...
compiling stm32f0xx_ll_crc.c...
compiling stm32f0xx_ll_spi.c...
compiling stm32f0xx_ll_pwr.c...
compiling stm32f0xx_ll_tim.c...
compiling system_stm32f0xx.c...
linking...
Program Size: Code=6690 RO-data=278 RW-data=12 ZI-data=1692  
FromELF: creating hex file...
"kombo_nrf24_button\kombo_nrf24_button.axf" - 0 Error(s), 0 Warning(s).

<h2>Software Packages used:</h2>

Package Vendor: ARM
                http://www.keil.com/pack/ARM.CMSIS.5.9.0.pack
                ARM.CMSIS.5.9.0
                CMSIS (Common Microcontroller Software Interface Standard)
   * Component: CORE Version: 5.6.0

Package Vendor: Keil
                https://www.keil.com/pack/Keil.STM32F0xx_DFP.2.1.1.pack
                Keil.STM32F0xx_DFP.2.1.1
                STMicroelectronics STM32F0 Series Device Support, Drivers and Examples

<h2>Collection of Component include folders:</h2>
  ./RTE/_kombo_nrf24_button
  C:/Users/N/AppData/Local/Arm/Packs/ARM/CMSIS/5.9.0/CMSIS/Core/Include
  C:/Users/N/AppData/Local/Arm/Packs/Keil/STM32F0xx_DFP/2.1.1/Drivers/CMSIS/Device/ST/STM32F0xx/Include

<h2>Collection of Component Files used:</h2>

   * Component: ARM::CMSIS:CORE:5.6.0
      Include file:  CMSIS/Core/Include/tz_context.h
Build Time Elapsed:  00:00:13
</pre>
</body>
</html>
