../Drivers/STM32F1xx_HAL_Driver/Inc/stm32f1xx_ll_gpio.h:803:22:LL_GPIO_SetOutputPin	16	static
../Drivers/STM32F1xx_HAL_Driver/Inc/stm32f1xx_ll_gpio.h:832:22:LL_GPIO_ResetOutputPin	16	static
../Core/Src/kombo_nrf24.c:38:6:interrupt_off	4	static,ignoring_inline_asm
../Core/Src/kombo_nrf24.c:56:6:interrupt_on	4	static,ignoring_inline_asm
../Core/Src/kombo_nrf24.c:72:6:uni_delay_us	16	static
../Core/Src/kombo_nrf24.c:88:9:nrf24_read_reg	24	static
../Core/Src/kombo_nrf24.c:105:6:nrf24_write_reg	16	static
../Core/Src/kombo_nrf24.c:115:6:nrf24_toggle_features	16	static
../Core/Src/kombo_nrf24.c:129:6:nrf24_read_buf	32	static
../Core/Src/kombo_nrf24.c:142:6:nrf24_write_buf	24	static
../Core/Src/kombo_nrf24.c:159:6:nrf24_flush_rx	16	static
../Core/Src/kombo_nrf24.c:171:6:nrf24_flush_tx	16	static
../Core/Src/kombo_nrf24.c:183:6:nrf24_rx_mode	16	static
../Core/Src/kombo_nrf24.c:204:6:nrf24_tx_mode	8	static
../Core/Src/kombo_nrf24.c:217:6:nrf24_transmit	24	static
../Core/Src/kombo_nrf24.c:235:6:nrf24_send	24	static
../Core/Src/kombo_nrf24.c:260:6:nrf24_pins_init	4	static
../Core/Src/kombo_nrf24.c:286:6:nrf24_init	8	static
../Core/Src/kombo_nrf24.c:316:6:irq_callback	16	static
