../Drivers/STM32F1xx_HAL_Driver/Inc/stm32f1xx_ll_iwdg.h:151:22:LL_IWDG_ReloadCounter	1
../Drivers/STM32F1xx_HAL_Driver/Inc/stm32f1xx_ll_rcc.h:772:22:LL_RCC_HSE_Enable	1
../Drivers/STM32F1xx_HAL_Driver/Inc/stm32f1xx_ll_rcc.h:792:26:LL_RCC_HSE_IsReady	1
../Drivers/STM32F1xx_HAL_Driver/Inc/stm32f1xx_ll_rcc.h:970:22:LL_RCC_LSI_Enable	1
../Drivers/STM32F1xx_HAL_Driver/Inc/stm32f1xx_ll_rcc.h:990:26:LL_RCC_LSI_IsReady	1
../Drivers/STM32F1xx_HAL_Driver/Inc/stm32f1xx_ll_rcc.h:1012:22:LL_RCC_SetSysClkSource	1
../Drivers/STM32F1xx_HAL_Driver/Inc/stm32f1xx_ll_rcc.h:1025:26:LL_RCC_GetSysClkSource	1
../Drivers/STM32F1xx_HAL_Driver/Inc/stm32f1xx_ll_rcc.h:1045:22:LL_RCC_SetAHBPrescaler	1
../Drivers/STM32F1xx_HAL_Driver/Inc/stm32f1xx_ll_rcc.h:1061:22:LL_RCC_SetAPB1Prescaler	1
../Drivers/STM32F1xx_HAL_Driver/Inc/stm32f1xx_ll_rcc.h:1077:22:LL_RCC_SetAPB2Prescaler	1
../Drivers/STM32F1xx_HAL_Driver/Inc/stm32f1xx_ll_rcc.h:1385:22:LL_RCC_PLL_Enable	1
../Drivers/STM32F1xx_HAL_Driver/Inc/stm32f1xx_ll_rcc.h:1406:26:LL_RCC_PLL_IsReady	1
../Drivers/STM32F1xx_HAL_Driver/Inc/stm32f1xx_ll_rcc.h:1475:22:LL_RCC_PLL_ConfigDomain_SYS	1
../Drivers/STM32F1xx_HAL_Driver/Inc/stm32f1xx_ll_system.h:471:22:LL_FLASH_SetLatency	1
../Drivers/STM32F1xx_HAL_Driver/Inc/stm32f1xx_ll_system.h:484:26:LL_FLASH_GetLatency	1
../Drivers/STM32F1xx_HAL_Driver/Inc/stm32f1xx_ll_tim.h:1054:22:LL_TIM_EnableCounter	1
../Drivers/STM32F1xx_HAL_Driver/Inc/stm32f1xx_ll_tim.h:2979:22:LL_TIM_ClearFlag_UPDATE	1
../Drivers/STM32F1xx_HAL_Driver/Inc/stm32f1xx_ll_tim.h:2990:26:LL_TIM_IsActiveFlag_UPDATE	2
../Drivers/STM32F1xx_HAL_Driver/Inc/stm32f1xx_ll_tim.h:3254:22:LL_TIM_EnableIT_UPDATE	1
../Drivers/STM32F1xx_HAL_Driver/Inc/stm32f1xx_ll_usart.h:2083:22:LL_USART_EnableIT_RXNE	2
../Drivers/STM32F1xx_HAL_Driver/Inc/stm32f1xx_ll_gpio.h:722:26:LL_GPIO_IsInputPinSet	1
../Core/Src/main.c:126:6:init_variables	2
../Core/Src/main.c:154:10:crc16_calc	4
../Core/Src/main.c:189:6:nrf24l01_receive	7
../Core/Src/main.c:225:6:refresh_display	1
../Core/Src/main.c:269:6:display_init	1
../Core/Src/main.c:282:9:nrf_test	4
../Core/Src/main.c:322:6:test_and_info	3
../Core/Src/main.c:390:6:sort_data	4
../Core/Src/main.c:407:6:dwt_init	1
../Core/Src/main.c:414:6:delay_us	2
../Core/Src/main.c:422:6:reset_all	1
../Core/Src/main.c:435:6:data_mix	8
../Core/Src/main.c:469:6:rst_push	1
../Core/Src/main.c:499:6:set_push	7
../Core/Src/main.c:556:6:time_push	1
../Core/Src/main.c:578:6:order_processing	20
../Core/Src/main.c:719:6:nxt_push	4
../Core/Src/main.c:758:5:main	11
../Core/Src/main.c:934:6:SystemClock_Config	7
../Core/Src/main.c:984:6:rst_callback	2
../Core/Src/main.c:993:6:nxt_callback	3
../Core/Src/main.c:1005:6:set_callback	2
../Core/Src/main.c:1014:6:time_callback	2
../Core/Src/main.c:1023:6:tim1_callback	2
../Core/Src/main.c:1033:6:tim2_callback	2
../Core/Src/main.c:1048:6:Error_Handler	1
