../Drivers/STM32F1xx_HAL_Driver/Inc/stm32f1xx_ll_iwdg.h:151:22:LL_IWDG_ReloadCounter	16	static
../Drivers/STM32F1xx_HAL_Driver/Inc/stm32f1xx_ll_rcc.h:772:22:LL_RCC_HSE_Enable	4	static
../Drivers/STM32F1xx_HAL_Driver/Inc/stm32f1xx_ll_rcc.h:792:26:LL_RCC_HSE_IsReady	4	static
../Drivers/STM32F1xx_HAL_Driver/Inc/stm32f1xx_ll_rcc.h:970:22:LL_RCC_LSI_Enable	4	static
../Drivers/STM32F1xx_HAL_Driver/Inc/stm32f1xx_ll_rcc.h:990:26:LL_RCC_LSI_IsReady	4	static
../Drivers/STM32F1xx_HAL_Driver/Inc/stm32f1xx_ll_rcc.h:1012:22:LL_RCC_SetSysClkSource	16	static
../Drivers/STM32F1xx_HAL_Driver/Inc/stm32f1xx_ll_rcc.h:1025:26:LL_RCC_GetSysClkSource	4	static
../Drivers/STM32F1xx_HAL_Driver/Inc/stm32f1xx_ll_rcc.h:1045:22:LL_RCC_SetAHBPrescaler	16	static
../Drivers/STM32F1xx_HAL_Driver/Inc/stm32f1xx_ll_rcc.h:1061:22:LL_RCC_SetAPB1Prescaler	16	static
../Drivers/STM32F1xx_HAL_Driver/Inc/stm32f1xx_ll_rcc.h:1077:22:LL_RCC_SetAPB2Prescaler	16	static
../Drivers/STM32F1xx_HAL_Driver/Inc/stm32f1xx_ll_rcc.h:1385:22:LL_RCC_PLL_Enable	4	static
../Drivers/STM32F1xx_HAL_Driver/Inc/stm32f1xx_ll_rcc.h:1406:26:LL_RCC_PLL_IsReady	4	static
../Drivers/STM32F1xx_HAL_Driver/Inc/stm32f1xx_ll_rcc.h:1475:22:LL_RCC_PLL_ConfigDomain_SYS	16	static
../Drivers/STM32F1xx_HAL_Driver/Inc/stm32f1xx_ll_system.h:471:22:LL_FLASH_SetLatency	16	static
../Drivers/STM32F1xx_HAL_Driver/Inc/stm32f1xx_ll_system.h:484:26:LL_FLASH_GetLatency	4	static
../Drivers/STM32F1xx_HAL_Driver/Inc/stm32f1xx_ll_tim.h:1054:22:LL_TIM_EnableCounter	16	static
../Drivers/STM32F1xx_HAL_Driver/Inc/stm32f1xx_ll_tim.h:2979:22:LL_TIM_ClearFlag_UPDATE	16	static
../Drivers/STM32F1xx_HAL_Driver/Inc/stm32f1xx_ll_tim.h:2990:26:LL_TIM_IsActiveFlag_UPDATE	16	static
../Drivers/STM32F1xx_HAL_Driver/Inc/stm32f1xx_ll_tim.h:3254:22:LL_TIM_EnableIT_UPDATE	16	static
../Drivers/STM32F1xx_HAL_Driver/Inc/stm32f1xx_ll_usart.h:2083:22:LL_USART_EnableIT_RXNE	40	static,ignoring_inline_asm
../Drivers/STM32F1xx_HAL_Driver/Inc/stm32f1xx_ll_gpio.h:722:26:LL_GPIO_IsInputPinSet	16	static
../Core/Src/main.c:126:6:init_variables	16	static
../Core/Src/main.c:154:10:crc16_calc	32	static
../Core/Src/main.c:189:6:nrf24l01_receive	24	static
../Core/Src/main.c:225:6:refresh_display	8	static
../Core/Src/main.c:269:6:display_init	8	static
../Core/Src/main.c:282:9:nrf_test	56	static
../Core/Src/main.c:322:6:test_and_info	16	static
../Core/Src/main.c:390:6:sort_data	24	static
../Core/Src/main.c:407:6:dwt_init	4	static
../Core/Src/main.c:414:6:delay_us	24	static
../Core/Src/main.c:422:6:reset_all	16	static
../Core/Src/main.c:435:6:data_mix	40	static
../Core/Src/main.c:469:6:rst_push	8	static
../Core/Src/main.c:499:6:set_push	8	static
../Core/Src/main.c:556:6:time_push	8	static
../Core/Src/main.c:578:6:order_processing	120	static
../Core/Src/main.c:719:6:nxt_push	16	static
../Core/Src/main.c:758:5:main	16	static
../Core/Src/main.c:934:6:SystemClock_Config	8	static
../Core/Src/main.c:984:6:rst_callback	8	static
../Core/Src/main.c:993:6:nxt_callback	8	static
../Core/Src/main.c:1005:6:set_callback	8	static
../Core/Src/main.c:1014:6:time_callback	8	static
../Core/Src/main.c:1023:6:tim1_callback	8	static
../Core/Src/main.c:1033:6:tim2_callback	8	static
../Core/Src/main.c:1048:6:Error_Handler	4	static,ignoring_inline_asm
