../Core/Src/st7735.c:88:13:ST7735_Select	8	static
../Core/Src/st7735.c:92:6:ST7735_Unselect	8	static
../Core/Src/st7735.c:96:13:ST7735_Reset	8	static
../Core/Src/st7735.c:102:13:ST7735_WriteCommand	16	static
../Core/Src/st7735.c:107:13:ST7735_WriteData	16	static
../Core/Src/st7735.c:112:13:ST7735_ExecuteCommandList	24	static
../Core/Src/st7735.c:138:13:ST7735_SetAddressWindow	32	static
../Core/Src/st7735.c:154:6:ST7735_Init	8	static
../Core/Src/st7735.c:163:6:ST7735_DrawPixel	24	static
../Core/Src/st7735.c:176:13:ST7735_WriteChar	48	static
../Core/Src/st7735.c:212:6:ST7735_WriteString	32	static
../Core/Src/st7735.c:238:6:ST7735_Write_W_String	32	static
../Core/Src/st7735.c:264:6:ST7735_FillRectangle	32	static
../Core/Src/st7735.c:284:6:ST7735_FillRectangleFast	32	static
../Core/Src/st7735.c:307:6:ST7735_FillScreen	24	static
../Core/Src/st7735.c:311:6:ST7735_FillScreenFast	24	static
../Core/Src/st7735.c:315:6:ST7735_DrawImage	24	static
../Core/Src/st7735.c:326:6:ST7735_InvertColors	16	static
../Core/Src/st7735.c:332:6:ST7735_SetGamma	16	static
