C:/Users/VMelehin/STM32Cube/Repository/STM32Cube_FW_F1_V1.8.5/Drivers/STM32F1xx_HAL_Driver/Inc/stm32f1xx_ll_spi.h:289:22:LL_SPI_Enable	16	static
C:/Users/VMelehin/STM32Cube/Repository/STM32Cube_FW_F1_V1.8.5/Drivers/STM32F1xx_HAL_Driver/Inc/stm32f1xx_ll_spi.h:696:26:LL_SPI_IsActiveFlag_RXNE	16	static
C:/Users/VMelehin/STM32Cube/Repository/STM32Cube_FW_F1_V1.8.5/Drivers/STM32F1xx_HAL_Driver/Inc/stm32f1xx_ll_spi.h:707:26:LL_SPI_IsActiveFlag_TXE	16	static
C:/Users/VMelehin/STM32Cube/Repository/STM32Cube_FW_F1_V1.8.5/Drivers/STM32F1xx_HAL_Driver/Inc/stm32f1xx_ll_spi.h:1030:25:LL_SPI_ReceiveData8	16	static
C:/Users/VMelehin/STM32Cube/Repository/STM32Cube_FW_F1_V1.8.5/Drivers/STM32F1xx_HAL_Driver/Inc/stm32f1xx_ll_spi.h:1053:22:LL_SPI_TransmitData8	24	static
../Core/Src/kombo_spi.c:11:6:spi_init	8	static
../Core/Src/kombo_spi.c:31:6:spi_send_byte	16	static
../Core/Src/kombo_spi.c:52:9:spi_change_byte	24	static
