C:/Users/VMelehin/STM32Cube/Repository/STM32Cube_FW_F1_V1.8.5/Drivers/STM32F1xx_HAL_Driver/Inc/stm32f1xx_ll_iwdg.h:151:22:LL_IWDG_ReloadCounter	16	static
C:/Users/VMelehin/STM32Cube/Repository/STM32Cube_FW_F1_V1.8.5/Drivers/STM32F1xx_HAL_Driver/Inc/stm32f1xx_ll_rcc.h:772:22:LL_RCC_HSE_Enable	4	static
C:/Users/VMelehin/STM32Cube/Repository/STM32Cube_FW_F1_V1.8.5/Drivers/STM32F1xx_HAL_Driver/Inc/stm32f1xx_ll_rcc.h:792:26:LL_RCC_HSE_IsReady	4	static
C:/Users/VMelehin/STM32Cube/Repository/STM32Cube_FW_F1_V1.8.5/Drivers/STM32F1xx_HAL_Driver/Inc/stm32f1xx_ll_rcc.h:970:22:LL_RCC_LSI_Enable	4	static
C:/Users/VMelehin/STM32Cube/Repository/STM32Cube_FW_F1_V1.8.5/Drivers/STM32F1xx_HAL_Driver/Inc/stm32f1xx_ll_rcc.h:990:26:LL_RCC_LSI_IsReady	4	static
C:/Users/VMelehin/STM32Cube/Repository/STM32Cube_FW_F1_V1.8.5/Drivers/STM32F1xx_HAL_Driver/Inc/stm32f1xx_ll_rcc.h:1012:22:LL_RCC_SetSysClkSource	16	static
C:/Users/VMelehin/STM32Cube/Repository/STM32Cube_FW_F1_V1.8.5/Drivers/STM32F1xx_HAL_Driver/Inc/stm32f1xx_ll_rcc.h:1025:26:LL_RCC_GetSysClkSource	4	static
C:/Users/VMelehin/STM32Cube/Repository/STM32Cube_FW_F1_V1.8.5/Drivers/STM32F1xx_HAL_Driver/Inc/stm32f1xx_ll_rcc.h:1045:22:LL_RCC_SetAHBPrescaler	16	static
C:/Users/VMelehin/STM32Cube/Repository/STM32Cube_FW_F1_V1.8.5/Drivers/STM32F1xx_HAL_Driver/Inc/stm32f1xx_ll_rcc.h:1061:22:LL_RCC_SetAPB1Prescaler	16	static
C:/Users/VMelehin/STM32Cube/Repository/STM32Cube_FW_F1_V1.8.5/Drivers/STM32F1xx_HAL_Driver/Inc/stm32f1xx_ll_rcc.h:1077:22:LL_RCC_SetAPB2Prescaler	16	static
C:/Users/VMelehin/STM32Cube/Repository/STM32Cube_FW_F1_V1.8.5/Drivers/STM32F1xx_HAL_Driver/Inc/stm32f1xx_ll_rcc.h:1385:22:LL_RCC_PLL_Enable	4	static
C:/Users/VMelehin/STM32Cube/Repository/STM32Cube_FW_F1_V1.8.5/Drivers/STM32F1xx_HAL_Driver/Inc/stm32f1xx_ll_rcc.h:1406:26:LL_RCC_PLL_IsReady	4	static
C:/Users/VMelehin/STM32Cube/Repository/STM32Cube_FW_F1_V1.8.5/Drivers/STM32F1xx_HAL_Driver/Inc/stm32f1xx_ll_rcc.h:1475:22:LL_RCC_PLL_ConfigDomain_SYS	16	static
C:/Users/VMelehin/STM32Cube/Repository/STM32Cube_FW_F1_V1.8.5/Drivers/STM32F1xx_HAL_Driver/Inc/stm32f1xx_ll_system.h:471:22:LL_FLASH_SetLatency	16	static
C:/Users/VMelehin/STM32Cube/Repository/STM32Cube_FW_F1_V1.8.5/Drivers/STM32F1xx_HAL_Driver/Inc/stm32f1xx_ll_system.h:484:26:LL_FLASH_GetLatency	4	static
C:/Users/VMelehin/STM32Cube/Repository/STM32Cube_FW_F1_V1.8.5/Drivers/STM32F1xx_HAL_Driver/Inc/stm32f1xx_ll_tim.h:1054:22:LL_TIM_EnableCounter	16	static
C:/Users/VMelehin/STM32Cube/Repository/STM32Cube_FW_F1_V1.8.5/Drivers/STM32F1xx_HAL_Driver/Inc/stm32f1xx_ll_tim.h:2979:22:LL_TIM_ClearFlag_UPDATE	16	static
C:/Users/VMelehin/STM32Cube/Repository/STM32Cube_FW_F1_V1.8.5/Drivers/STM32F1xx_HAL_Driver/Inc/stm32f1xx_ll_tim.h:2990:26:LL_TIM_IsActiveFlag_UPDATE	16	static
C:/Users/VMelehin/STM32Cube/Repository/STM32Cube_FW_F1_V1.8.5/Drivers/STM32F1xx_HAL_Driver/Inc/stm32f1xx_ll_tim.h:3254:22:LL_TIM_EnableIT_UPDATE	16	static
C:/Users/VMelehin/STM32Cube/Repository/STM32Cube_FW_F1_V1.8.5/Drivers/STM32F1xx_HAL_Driver/Inc/stm32f1xx_ll_usart.h:2083:22:LL_USART_EnableIT_RXNE	40	static,ignoring_inline_asm
C:/Users/VMelehin/STM32Cube/Repository/STM32Cube_FW_F1_V1.8.5/Drivers/STM32F1xx_HAL_Driver/Inc/stm32f1xx_ll_gpio.h:722:26:LL_GPIO_IsInputPinSet	16	static
../Core/Src/main.c:115:6:init_variables	16	static
../Core/Src/main.c:142:10:crc16_calc	32	static
../Core/Src/main.c:177:6:nrf24l01_receive	24	static
../Core/Src/main.c:213:6:refresh_display	8	static
../Core/Src/main.c:239:6:display_init	8	static
../Core/Src/main.c:252:9:nrf_test	56	static
../Core/Src/main.c:292:6:test_and_info	16	static
../Core/Src/main.c:360:6:sort_data	24	static
../Core/Src/main.c:377:6:dwt_init	4	static
../Core/Src/main.c:384:6:delay_us	24	static
../Core/Src/main.c:392:6:reset_all	16	static
../Core/Src/main.c:405:6:data_mix	40	static
../Core/Src/main.c:439:6:rst_push	8	static
../Core/Src/main.c:469:6:set_push	8	static
../Core/Src/main.c:526:6:time_push	8	static
../Core/Src/main.c:548:6:order_processing	120	static
../Core/Src/main.c:662:6:nxt_push	16	static
../Core/Src/main.c:701:5:main	16	static
../Core/Src/main.c:865:6:SystemClock_Config	8	static
../Core/Src/main.c:915:6:rst_callback	8	static
../Core/Src/main.c:924:6:nxt_callback	8	static
../Core/Src/main.c:933:6:set_callback	8	static
../Core/Src/main.c:942:6:time_callback	8	static
../Core/Src/main.c:951:6:tim1_callback	8	static
../Core/Src/main.c:961:6:tim2_callback	8	static
../Core/Src/main.c:976:6:Error_Handler	4	static,ignoring_inline_asm
