C:/Users/VMelehin/STM32Cube/Repository/STM32Cube_FW_F1_V1.8.5/Drivers/CMSIS/Include/core_cm3.h:1499:26:__NVIC_GetPriorityGrouping	4	static
C:/Users/VMelehin/STM32Cube/Repository/STM32Cube_FW_F1_V1.8.5/Drivers/CMSIS/Include/core_cm3.h:1511:22:__NVIC_EnableIRQ	16	static
C:/Users/VMelehin/STM32Cube/Repository/STM32Cube_FW_F1_V1.8.5/Drivers/CMSIS/Include/core_cm3.h:1639:22:__NVIC_SetPriority	16	static
C:/Users/VMelehin/STM32Cube/Repository/STM32Cube_FW_F1_V1.8.5/Drivers/CMSIS/Include/core_cm3.h:1686:26:NVIC_EncodePriority	40	static
C:/Users/VMelehin/STM32Cube/Repository/STM32Cube_FW_F1_V1.8.5/Drivers/STM32F1xx_HAL_Driver/Inc/stm32f1xx_ll_bus.h:445:22:LL_APB1_GRP1_EnableClock	24	static
C:/Users/VMelehin/STM32Cube/Repository/STM32Cube_FW_F1_V1.8.5/Drivers/STM32F1xx_HAL_Driver/Inc/stm32f1xx_ll_bus.h:761:22:LL_APB2_GRP1_EnableClock	24	static
C:/Users/VMelehin/STM32Cube/Repository/STM32Cube_FW_F1_V1.8.5/Drivers/STM32F1xx_HAL_Driver/Inc/stm32f1xx_ll_usart.h:412:22:LL_USART_Enable	16	static
C:/Users/VMelehin/STM32Cube/Repository/STM32Cube_FW_F1_V1.8.5/Drivers/STM32F1xx_HAL_Driver/Inc/stm32f1xx_ll_usart.h:1527:22:LL_USART_ConfigAsyncMode	16	static
../Core/Src/usart.c:29:6:MX_USART1_UART_Init	56	static
../Core/Src/usart.c:82:6:MX_USART3_UART_Init	56	static
