C:/Users/VMelehin/STM32Cube/Repository/STM32Cube_FW_F0_V1.11.3/Drivers/STM32F0xx_HAL_Driver/Src/stm32f0xx_ll_rcc.c:112:13:LL_RCC_DeInit	8	static
C:/Users/VMelehin/STM32Cube/Repository/STM32Cube_FW_F0_V1.11.3/Drivers/STM32F0xx_HAL_Driver/Src/stm32f0xx_ll_rcc.c:529:10:RCC_GetHCLKClockFreq	0	static
C:/Users/VMelehin/STM32Cube/Repository/STM32Cube_FW_F0_V1.11.3/Drivers/STM32F0xx_HAL_Driver/Src/stm32f0xx_ll_rcc.c:540:10:RCC_GetPCLK1ClockFreq	0	static
C:/Users/VMelehin/STM32Cube/Repository/STM32Cube_FW_F0_V1.11.3/Drivers/STM32F0xx_HAL_Driver/Src/stm32f0xx_ll_rcc.c:549:10:RCC_PLL_GetFreqDomain_SYS	16	static
C:/Users/VMelehin/STM32Cube/Repository/STM32Cube_FW_F0_V1.11.3/Drivers/STM32F0xx_HAL_Driver/Src/stm32f0xx_ll_rcc.c:491:10:RCC_GetSystemClockFreq	8	static
C:/Users/VMelehin/STM32Cube/Repository/STM32Cube_FW_F0_V1.11.3/Drivers/STM32F0xx_HAL_Driver/Src/stm32f0xx_ll_rcc.c:227:6:LL_RCC_GetSystemClocksFreq	8	static
C:/Users/VMelehin/STM32Cube/Repository/STM32Cube_FW_F0_V1.11.3/Drivers/STM32F0xx_HAL_Driver/Src/stm32f0xx_ll_rcc.c:250:10:LL_RCC_GetUSARTClockFreq	8	static
C:/Users/VMelehin/STM32Cube/Repository/STM32Cube_FW_F0_V1.11.3/Drivers/STM32F0xx_HAL_Driver/Src/stm32f0xx_ll_rcc.c:362:10:LL_RCC_GetI2CClockFreq	8	static
