C:/Users/VMelehin/STM32Cube/Repository/STM32Cube_FW_F0_V1.11.3/Drivers/STM32F0xx_HAL_Driver/Src/stm32f0xx_ll_tim.c:169:13:LL_TIM_DeInit	0	static
C:/Users/VMelehin/STM32Cube/Repository/STM32Cube_FW_F0_V1.11.3/Drivers/STM32F0xx_HAL_Driver/Src/stm32f0xx_ll_tim.c:265:6:LL_TIM_StructInit	0	static
C:/Users/VMelehin/STM32Cube/Repository/STM32Cube_FW_F0_V1.11.3/Drivers/STM32F0xx_HAL_Driver/Src/stm32f0xx_ll_tim.c:284:13:LL_TIM_Init	8	static
C:/Users/VMelehin/STM32Cube/Repository/STM32Cube_FW_F0_V1.11.3/Drivers/STM32F0xx_HAL_Driver/Src/stm32f0xx_ll_tim.c:336:6:LL_TIM_OC_StructInit	0	static
C:/Users/VMelehin/STM32Cube/Repository/STM32Cube_FW_F0_V1.11.3/Drivers/STM32F0xx_HAL_Driver/Src/stm32f0xx_ll_tim.c:363:13:LL_TIM_OC_Init	16	static
C:/Users/VMelehin/STM32Cube/Repository/STM32Cube_FW_F0_V1.11.3/Drivers/STM32F0xx_HAL_Driver/Src/stm32f0xx_ll_tim.c:395:6:LL_TIM_IC_StructInit	0	static
C:/Users/VMelehin/STM32Cube/Repository/STM32Cube_FW_F0_V1.11.3/Drivers/STM32F0xx_HAL_Driver/Src/stm32f0xx_ll_tim.c:418:13:LL_TIM_IC_Init	12	static
C:/Users/VMelehin/STM32Cube/Repository/STM32Cube_FW_F0_V1.11.3/Drivers/STM32F0xx_HAL_Driver/Src/stm32f0xx_ll_tim.c:449:6:LL_TIM_ENCODER_StructInit	0	static
C:/Users/VMelehin/STM32Cube/Repository/STM32Cube_FW_F0_V1.11.3/Drivers/STM32F0xx_HAL_Driver/Src/stm32f0xx_ll_tim.c:472:13:LL_TIM_ENCODER_Init	16	static
C:/Users/VMelehin/STM32Cube/Repository/STM32Cube_FW_F0_V1.11.3/Drivers/STM32F0xx_HAL_Driver/Src/stm32f0xx_ll_tim.c:535:6:LL_TIM_HALLSENSOR_StructInit	0	static
C:/Users/VMelehin/STM32Cube/Repository/STM32Cube_FW_F0_V1.11.3/Drivers/STM32F0xx_HAL_Driver/Src/stm32f0xx_ll_tim.c:565:13:LL_TIM_HALLSENSOR_Init	32	static
C:/Users/VMelehin/STM32Cube/Repository/STM32Cube_FW_F0_V1.11.3/Drivers/STM32F0xx_HAL_Driver/Src/stm32f0xx_ll_tim.c:644:6:LL_TIM_BDTR_StructInit	0	static
C:/Users/VMelehin/STM32Cube/Repository/STM32Cube_FW_F0_V1.11.3/Drivers/STM32F0xx_HAL_Driver/Src/stm32f0xx_ll_tim.c:670:13:LL_TIM_BDTR_Init	0	static
