C:/Users/VMelehin/STM32Cube/Repository/STM32Cube_FW_F0_V1.11.3/Drivers/STM32F0xx_HAL_Driver/Src/stm32f0xx_ll_utils.c:142:6:LL_Init1msTick	8	static
C:/Users/VMelehin/STM32Cube/Repository/STM32Cube_FW_F0_V1.11.3/Drivers/STM32F0xx_HAL_Driver/Src/stm32f0xx_ll_utils.c:158:6:LL_mDelay	8	static
C:/Users/VMelehin/STM32Cube/Repository/STM32Cube_FW_F0_V1.11.3/Drivers/STM32F0xx_HAL_Driver/Src/stm32f0xx_ll_utils.c:214:6:LL_SetSystemCoreClock	0	static
C:/Users/VMelehin/STM32Cube/Repository/STM32Cube_FW_F0_V1.11.3/Drivers/STM32F0xx_HAL_Driver/Src/stm32f0xx_ll_utils.c:229:13:LL_SetFlashLatency	8	static
C:/Users/VMelehin/STM32Cube/Repository/STM32Cube_FW_F0_V1.11.3/Drivers/STM32F0xx_HAL_Driver/Src/stm32f0xx_ll_utils.c:554:20:UTILS_EnablePLLAndSwitchSystem	40	static
C:/Users/VMelehin/STM32Cube/Repository/STM32Cube_FW_F0_V1.11.3/Drivers/STM32F0xx_HAL_Driver/Src/stm32f0xx_ll_utils.c:299:13:LL_PLL_ConfigSystemClock_HSI	16	static
C:/Users/VMelehin/STM32Cube/Repository/STM32Cube_FW_F0_V1.11.3/Drivers/STM32F0xx_HAL_Driver/Src/stm32f0xx_ll_utils.c:424:13:LL_PLL_ConfigSystemClock_HSE	24	static
